Archive member included to satisfy reference by file (symbol)

/home/gbaman/nds_projects/superball/test/nflib/lib/libnflib.a(nf_2d.o)
                              main.o (NF_Set2D)
/home/gbaman/nds_projects/superball/test/nflib/lib/libnflib.a(nf_basic.o)
                              /home/gbaman/nds_projects/superball/test/nflib/lib/libnflib.a(nf_2d.o) (NF_Error)
/home/gbaman/nds_projects/superball/test/nflib/lib/libnflib.a(nf_sprite256.o)
                              main.o (NF_InitSpriteBuffers)
/home/gbaman/nds_projects/superball/test/nflib/lib/libnflib.a(nf_tiledbg.o)
                              /home/gbaman/nds_projects/superball/test/nflib/lib/libnflib.a(nf_2d.o) (NF_BUFFER_BGMAP)
/opt/devkitpro/libnds/lib/libfilesystem.a(nitrofs.o)
                              /home/gbaman/nds_projects/superball/test/nflib/lib/libnflib.a(nf_basic.o) (nitroFSInit)
/opt/devkitpro/libnds/lib/libfat.a(libfat.o)
                              /home/gbaman/nds_projects/superball/test/nflib/lib/libnflib.a(nf_basic.o) (fatInitDefault)
/opt/devkitpro/libnds/lib/libfat.a(disc.o)
                              /opt/devkitpro/libnds/lib/libfat.a(libfat.o) (_FAT_disc_interfaces)
/opt/devkitpro/libnds/lib/libfat.a(fatfile.o)
                              /opt/devkitpro/libnds/lib/libfat.a(libfat.o) (_FAT_open_r)
/opt/devkitpro/libnds/lib/libfat.a(cache.o)
                              /opt/devkitpro/libnds/lib/libfat.a(fatfile.o) (_FAT_cache_readSectors)
/opt/devkitpro/libnds/lib/libfat.a(fatdir.o)
                              /opt/devkitpro/libnds/lib/libfat.a(libfat.o) (_FAT_stat_r)
/opt/devkitpro/libnds/lib/libfat.a(directory.o)
                              /opt/devkitpro/libnds/lib/libfat.a(fatfile.o) (_FAT_directory_entryGetCluster)
/opt/devkitpro/libnds/lib/libfat.a(partition.o)
                              /opt/devkitpro/libnds/lib/libfat.a(libfat.o) (_FAT_partition_destructor)
/opt/devkitpro/libnds/lib/libfat.a(lock.o)
                              /opt/devkitpro/libnds/lib/libfat.a(partition.o) (_FAT_lock_init)
/opt/devkitpro/libnds/lib/libfat.a(filetime.o)
                              /opt/devkitpro/libnds/lib/libfat.a(fatfile.o) (_FAT_filetime_getTimeFromRTC)
/opt/devkitpro/libnds/lib/libfat.a(file_allocation_table.o)
                              /opt/devkitpro/libnds/lib/libfat.a(fatfile.o) (_FAT_fat_nextCluster)
/opt/devkitpro/libnds/lib/libnds9.a(video.o)
                              /home/gbaman/nds_projects/superball/test/nflib/lib/libnflib.a(nf_basic.o) (setBrightness)
/opt/devkitpro/libnds/lib/libnds9.a(console.o)
                              /home/gbaman/nds_projects/superball/test/nflib/lib/libnflib.a(nf_basic.o) (consoleDemoInit)
/opt/devkitpro/libnds/lib/libnds9.a(sprite.o)
                              /home/gbaman/nds_projects/superball/test/nflib/lib/libnflib.a(nf_sprite256.o) (oamInit)
/opt/devkitpro/libnds/lib/libnds9.a(keys.o)
                              main.o (scanKeys)
/opt/devkitpro/libnds/lib/libnds9.a(dldi.o)
                              /opt/devkitpro/libnds/lib/libfat.a(disc.o) (dldiGetInternal)
/opt/devkitpro/libnds/lib/libnds9.a(initSystem.o)
                              /opt/devkitpro/devkitARM/bin/../lib/gcc/arm-none-eabi/12.1.0/../../../../arm-none-eabi/lib/thumb/ds_arm9_crt0.o (initSystem)
/opt/devkitpro/libnds/lib/libnds9.a(securearea.o)
                              /opt/devkitpro/devkitARM/bin/../lib/gcc/arm-none-eabi/12.1.0/../../../../arm-none-eabi/lib/thumb/ds_arm9_crt0.o (__secure_area__)
/opt/devkitpro/libnds/lib/libnds9.a(interrupts.o)
                              /opt/devkitpro/libnds/lib/libnds9.a(initSystem.o) (irqInit)
/opt/devkitpro/libnds/lib/libnds9.a(libnds_exit.arm.o)
                              /opt/devkitpro/devkitARM/bin/../lib/gcc/arm-none-eabi/12.1.0/../../../../arm-none-eabi/lib/thumb/ds_arm9_crt0.o (__libnds_exit)
/opt/devkitpro/libnds/lib/libnds9.a(card.o)
                              /opt/devkitpro/libnds/lib/libfilesystem.a(nitrofs.o) (cardParamCommand)
/opt/devkitpro/libnds/lib/libnds9.a(fifosystem.o)
                              /opt/devkitpro/libnds/lib/libnds9.a(initSystem.o) (fifoSetValue32Handler)
/opt/devkitpro/libnds/lib/libnds9.a(dcache.o)
                              /home/gbaman/nds_projects/superball/test/nflib/lib/libnflib.a(nf_basic.o) (DC_FlushRange)
/opt/devkitpro/libnds/lib/libnds9.a(dldi_stub.o)
                              /opt/devkitpro/libnds/lib/libnds9.a(dldi.o) (_io_dldi_stub)
/opt/devkitpro/libnds/lib/libnds9.a(mpu_setup.o)
                              /opt/devkitpro/devkitARM/bin/../lib/gcc/arm-none-eabi/12.1.0/../../../../arm-none-eabi/lib/thumb/ds_arm9_crt0.o (__libnds_mpu_setup)
/opt/devkitpro/libnds/lib/libnds9.a(IntrWait.o)
                              main.o (swiWaitForVBlank)
/opt/devkitpro/libnds/lib/libnds9.a(cpu_clock.o)
                              /opt/devkitpro/libnds/lib/libnds9.a(initSystem.o) (setCpuClock)
/opt/devkitpro/libnds/lib/libnds9.a(interruptDispatcher.o)
[...]
Memory Configuration

Name             Origin             Length             Attributes
ewram            0x0000000002000000 0x0000000000380000
dtcm             0x0000000002ff0000 0x0000000000004000
vectors          0x0000000001000000 0x0000000000000100
itcm             0x0000000001000100 0x0000000000007f00
*default*        0x0000000000000000 0xffffffffffffffff

Linker script and memory map

                0x0000000002380000                __ewram_end = (ORIGIN (ewram) + LENGTH (ewram))
                0x0000000002380000                __eheap_end = (ORIGIN (ewram) + LENGTH (ewram))
                0x0000000002ff4000                __dtcm_top = (ORIGIN (dtcm) + LENGTH (dtcm))
                0x0000000002ff3ff8                __irq_flags = (__dtcm_top - 0x8)
                0x0000000002ff3ffc                __irq_vector = (__dtcm_top - 0x4)
                0x0000000002ff3f00                __sp_svc = (__dtcm_top - 0x100)
                0x0000000002ff3e00                __sp_irq = (__sp_svc - 0x100)
                0x0000000002ff3d00                __sp_usr = (__sp_irq - 0x100)

.secure         0x0000000002000000      0x800
 *(.secure)
 .secure        0x0000000002000000      0x800 /opt/devkitpro/libnds/lib/libnds9.a(securearea.o)
                0x0000000002000000                __secure_area__

.crt0           0x0000000002000800      0x300
                0x0000000002000800                __text_start = .
 *(.crt0)
 .crt0          0x0000000002000800      0x300 /opt/devkitpro/devkitARM/bin/../lib/gcc/arm-none-eabi/12.1.0/../../../../arm-none-eabi/lib/thumb/ds_arm9_crt0.o
                0x0000000002000800                _start
                0x0000000002000b00                . = ALIGN (0x4)

.plt
 *(.plt)

.init           0x0000000002000b00        0xc
 *(SORT_NONE(.init))
 .init          0x0000000002000b00        0x4 /opt/devkitpro/devkitARM/bin/../lib/gcc/arm-none-eabi/12.1.0/thumb/crti.o
                0x0000000002000b00                _init
 .init          0x0000000002000b04        0x8 /opt/devkitpro/devkitARM/bin/../lib/gcc/arm-none-eabi/12.1.0/thumb/crtn.o

.text           0x0000000002000b40    0x1c1b0
 *(EXCLUDE_FILE(*.twl* *.vectors* *.itcm*) .text)
 .text          0x0000000002000b40      0x844 main.o
                0x0000000002000b40                loadSprites
                0x0000000002000ba4                drawBoxes
                0x0000000002000d98                createBall
                0x0000000002000dac                handleBallCollision
                0x0000000002000fd0                drawBall
                0x0000000002000ffc                createPaddles
                0x0000000002001028                drawPaddles
                0x00000000020011f0                movesSelectPaddles
 .text          0x0000000002001384      0x808 /home/gbaman/nds_projects/superball/test/nflib/lib/libnflib.a(nf_2d.o)
                0x0000000002001384                NF_Set2D
                0x00000000020013e8                NF_ShowBg
                0x000000000200145c                NF_HideBg
                0x00000000020014f8                NF_ScrollBg
                0x000000000200183c                NF_MoveSprite
                0x000000000200185c                NF_SpriteLayer
                0x0000000002001878                NF_ShowSprite
                0x0000000002001898                NF_HflipSprite
                0x00000000020018b4                NF_GetSpriteHflip
                0x00000000020018d0                NF_VflipSprite
                0x00000000020018ec                NF_GetSpriteVflip
                0x0000000002001908                NF_SpriteFrame
                0x00000000020019d4                NF_EnableSpriteRotScale
                0x0000000002001a74                NF_DisableSpriteRotScale
                0x0000000002001ae8                NF_SpriteRotScale
 .text          0x0000000002001b8c      0x498 /home/gbaman/nds_projects/superball/test/nflib/lib/libnflib.a(nf_basic.o)
                0x0000000002001b8c                NF_Error
                0x0000000002001e38                NF_SetRootFolder
                0x0000000002001f90                NF_DmaMemCopy
                0x0000000002002014                NF_GetLanguage
 .text          0x0000000002002024     0x1350 /home/gbaman/nds_projects/superball/test/nflib/lib/libnflib.a(nf_sprite256.o)
                0x0000000002002024                NF_InitSpriteBuffers
                0x0000000002002080                NF_ResetSpriteBuffers
                0x00000000020020b4                NF_InitSpriteSys
                0x00000000020022b4                NF_LoadSpriteGfx
                0x00000000020023dc                NF_UnloadSpriteGfx
                0x0000000002002458                NF_LoadSpritePal
                0x000000000200254c                NF_UnloadSpritePal
                0x00000000020025a8                NF_VramSpriteGfx
                0x00000000020028cc                NF_VramSpriteGfxDefrag
                0x0000000002002aec                NF_FreeSpriteGfx
                0x0000000002002bdc                NF_VramSpritePal
                0x0000000002002cc0                NF_CreateSprite
                0x0000000002003004                NF_DeleteSprite
                0x000000000200309c                NF_SpriteOamSet
                0x0000000002003160                NF_SpriteSetPalColor
                0x00000000020031f8                NF_SpriteEditPalColor
                0x0000000002003270                NF_SpriteUpdatePalette
                0x0000000002003304                NF_SpriteGetPalColor
 *fill*         0x0000000002003374        0xc ff
 .text          0x0000000002003380     0x4000 /opt/devkitpro/libnds/lib/libnds9.a(dldi_stub.o)
                0x0000000002003380                _io_dldi_stub
 .text          0x0000000002007380      0x11c /opt/devkitpro/devkitARM/bin/../lib/gcc/arm-none-eabi/12.1.0/thumb/libgcc.a(_udivsi3.o)
                0x0000000002007380                __udivsi3
                0x0000000002007380                __aeabi_uidiv
                0x000000000200747c                __aeabi_uidivmod
 .text          0x000000000200749c      0x150 /opt/devkitpro/devkitARM/bin/../lib/gcc/arm-none-eabi/12.1.0/thumb/libgcc.a(_divsi3.o)
                0x000000000200749c                __aeabi_idiv
                0x000000000200749c                __divsi3
                0x00000000020075cc                __aeabi_idivmod
 .text          0x00000000020075ec        0x4 /opt/devkitpro/devkitARM/bin/../lib/gcc/arm-none-eabi/12.1.0/thumb/libgcc.a(_dvmd_tls.o)
                0x00000000020075ec                __aeabi_ldiv0
                0x00000000020075ec                __aeabi_idiv0
 .text          0x00000000020075f0       0xd4 /opt/devkitpro/devkitARM/bin/../lib/gcc/arm-none-eabi/12.1.0/thumb/libgcc.a(_aeabi_ldivmod.o)
                0x00000000020075f0                __aeabi_ldivmod
 .text          0x00000000020076c4       0x28 /opt/devkitpro/devkitARM/bin/../lib/gcc/arm-none-eabi/12.1.0/thumb/libgcc.a(_clzdi2.o)
                0x00000000020076c4                __clzdi2
 .text          0x00000000020076ec       0x48 /opt/devkitpro/devkitARM/bin/../lib/gcc/arm-none-eabi/12.1.0/thumb/libgcc.a(_clzsi2.o)
                0x00000000020076ec                __clzsi2
 .text          0x0000000002007734      0x224 /opt/devkitpro/devkitARM/bin/../lib/gcc/arm-none-eabi/12.1.0/../../../../arm-none-eabi/lib/thumb/libg.a(lib_a-strcmp.o)
                0x0000000002007734                strcmp
 .text          0x0000000002007958       0x14 /opt/devkitpro/devkitARM/bin/../lib/gcc/arm-none-eabi/12.1.0/thumb/libgcc.a(_thumb1_case_uqi.o)
                0x0000000002007958                __gnu_thumb1_case_uqi
 .text          0x000000000200796c       0x14 /opt/devkitpro/devkitARM/bin/../lib/gcc/arm-none-eabi/12.1.0/thumb/libgcc.a(_thumb1_case_uhi.o)
                0x000000000200796c                __gnu_thumb1_case_uhi
 .text          0x0000000002007980      0x424 /opt/devkitpro/devkitARM/bin/../lib/gcc/arm-none-eabi/12.1.0/thumb/libgcc.a(_arm_addsubdf3.o)
                0x0000000002007980                __aeabi_drsub
                0x0000000002007988                __aeabi_dsub
                0x0000000002007988                __subdf3
                0x000000000200798c                __adddf3
                0x000000000200798c                __aeabi_dadd
                0x0000000002007c9c                __aeabi_ui2d
                0x0000000002007c9c                __floatunsidf
                0x0000000002007cc0                __floatsidf
                0x0000000002007cc0                __aeabi_i2d
                0x0000000002007ce8                __extendsfdf2
                0x0000000002007ce8                __aeabi_f2d
                0x0000000002007d30                __aeabi_ul2d
                0x0000000002007d30                __floatundidf
                0x0000000002007d44                __floatdidf
                0x0000000002007d44                __aeabi_l2d
 .text          0x0000000002007da4      0x49c /opt/devkitpro/devkitARM/bin/../lib/gcc/arm-none-eabi/12.1.0/thumb/libgcc.a(_arm_muldivdf3.o)
                0x0000000002007da4                __aeabi_dmul
                0x0000000002007da4                __muldf3
                0x0000000002008034                __aeabi_ddiv
                0x0000000002008034                __divdf3
 .text          0x0000000002008240      0x144 /opt/devkitpro/devkitARM/bin/../lib/gcc/arm-none-eabi/12.1.0/thumb/libgcc.a(_arm_cmpdf2.o)
                0x0000000002008240                __gtdf2
                0x0000000002008240                __gedf2
                0x0000000002008248                __ltdf2
                0x0000000002008248                __ledf2
                0x0000000002008250                __cmpdf2
                0x0000000002008250                __eqdf2
                0x0000000002008250                __nedf2
                0x00000000020082d8                __aeabi_cdrcmple
                0x00000000020082f4                __aeabi_cdcmple
                0x00000000020082f4                __aeabi_cdcmpeq
                0x000000000200830c                __aeabi_dcmpeq
                0x0000000002008324                __aeabi_dcmplt
                0x000000000200833c                __aeabi_dcmple
                0x0000000002008354                __aeabi_dcmpge
                0x000000000200836c                __aeabi_dcmpgt
 .text          0x0000000002008384       0x38 /opt/devkitpro/devkitARM/bin/../lib/gcc/arm-none-eabi/12.1.0/thumb/libgcc.a(_arm_unorddf2.o)
                0x0000000002008384                __aeabi_dcmpun
                0x0000000002008384                __unorddf2
 .text          0x00000000020083bc       0x5c /opt/devkitpro/devkitARM/bin/../lib/gcc/arm-none-eabi/12.1.0/thumb/libgcc.a(_arm_fixdfsi.o)
                0x00000000020083bc                __fixdfsi
                0x00000000020083bc                __aeabi_d2iz
 .text          0x0000000002008418       0x3c /opt/devkitpro/devkitARM/bin/../lib/gcc/arm-none-eabi/12.1.0/thumb/libgcc.a(_aeabi_uldivmod.o)
                0x0000000002008418                __aeabi_uldivmod
 *(EXCLUDE_FILE(*.twl* *.vectors* *.itcm*) .stub)
 *(EXCLUDE_FILE(*.twl* *.vectors* *.itcm*) .text.*)
 .text.__do_global_dtors_aux
                0x0000000002008454       0x2c /opt/devkitpro/devkitARM/bin/../lib/gcc/arm-none-eabi/12.1.0/thumb/crtbegin.o
 .text.frame_dummy
                0x0000000002008480       0x24 /opt/devkitpro/devkitARM/bin/../lib/gcc/arm-none-eabi/12.1.0/thumb/crtbegin.o
 .text.startup  0x00000000020084a4      0x10c main.o
                0x00000000020084a4                main
 .text.nitroFSDirClose
                0x00000000020085b0        0x4 /opt/devkitpro/libnds/lib/libfilesystem.a(nitrofs.o)
 .text.nitroFSSeek
                0x00000000020085b4       0x78 /opt/devkitpro/libnds/lib/libfilesystem.a(nitrofs.o)
 .text.nitroFSFstat
                0x000000000200862c       0x10 /opt/devkitpro/libnds/lib/libfilesystem.a(nitrofs.o)
 .text.nitroSubReadBlock
                0x000000000200863c       0x54 /opt/devkitpro/libnds/lib/libfilesystem.a(nitrofs.o)
 .text.nitroSubReadCard
                0x0000000002008690       0xb0 /opt/devkitpro/libnds/lib/libfilesystem.a(nitrofs.o)
 .text.nitroFSClose
                0x0000000002008740        0x4 /opt/devkitpro/libnds/lib/libfilesystem.a(nitrofs.o)
 .text.nitroDirReset
                0x0000000002008744       0x9c /opt/devkitpro/libnds/lib/libfilesystem.a(nitrofs.o)
 .text.nitroFSRead
                0x00000000020087e0       0xbc /opt/devkitpro/libnds/lib/libfilesystem.a(nitrofs.o)
 .text.nitroFSDirNext
                0x000000000200889c      0x30c /opt/devkitpro/libnds/lib/libfilesystem.a(nitrofs.o)
 .text.nitroFSDirOpen
                0x0000000002008ba8       0xe0 /opt/devkitpro/libnds/lib/libfilesystem.a(nitrofs.o)
 .text.nitroFSChdir
                0x0000000002008c88       0x30 /opt/devkitpro/libnds/lib/libfilesystem.a(nitrofs.o)
 .text.nitroFSOpen
                0x0000000002008cb8       0xc4 /opt/devkitpro/libnds/lib/libfilesystem.a(nitrofs.o)
 .text.nitroFSstat
                0x0000000002008d7c       0x68 /opt/devkitpro/libnds/lib/libfilesystem.a(nitrofs.o)
 .text.nitroFSInit
                0x0000000002008de4      0x12c /opt/devkitpro/libnds/lib/libfilesystem.a(nitrofs.o)
                0x0000000002008de4                nitroFSInit
 .text.fatMount.part.0
                0x0000000002008f10       0xa0 /opt/devkitpro/libnds/lib/libfat.a(libfat.o)
 .text.fatMount
                0x0000000002008fb0       0x3c /opt/devkitpro/libnds/lib/libfat.a(libfat.o)
                0x0000000002008fb0                fatMount
 .text.fatInit  0x0000000002008fec      0x130 /opt/devkitpro/libnds/lib/libfat.a(libfat.o)
                0x0000000002008fec                fatInit
 .text.fatInitDefault
                0x000000000200911c        0xc /opt/devkitpro/libnds/lib/libfat.a(libfat.o)
                0x000000000200911c                fatInitDefault
 .text._FAT_check_position_for_next_cluster.part.0
                0x0000000002009128       0x68 /opt/devkitpro/libnds/lib/libfat.a(fatfile.o)
 .text._FAT_syncToDisc.part.0
                0x0000000002009190       0xd4 /opt/devkitpro/libnds/lib/libfat.a(fatfile.o)
 .text._FAT_file_extend_r
                0x0000000002009264      0x208 /opt/devkitpro/libnds/lib/libfat.a(fatfile.o)
 .text._FAT_open_r
                0x000000000200946c      0x2d4 /opt/devkitpro/libnds/lib/libfat.a(fatfile.o)
                0x000000000200946c                _FAT_open_r
 .text._FAT_close_r
                0x0000000002009740       0x74 /opt/devkitpro/libnds/lib/libfat.a(fatfile.o)
                0x0000000002009740                _FAT_close_r
 .text._FAT_read_r
                0x00000000020097b4      0x398 /opt/devkitpro/libnds/lib/libfat.a(fatfile.o)
                0x00000000020097b4                _FAT_read_r
 .text._FAT_write_r
                0x0000000002009b4c      0x53c /opt/devkitpro/libnds/lib/libfat.a(fatfile.o)
                0x0000000002009b4c                _FAT_write_r
 .text._FAT_seek_r
                0x000000000200a088      0x194 /opt/devkitpro/libnds/lib/libfat.a(fatfile.o)
                0x000000000200a088                _FAT_seek_r
 .text._FAT_fstat_r
                0x000000000200a21c       0x8c /opt/devkitpro/libnds/lib/libfat.a(fatfile.o)
                0x000000000200a21c                _FAT_fstat_r
 .text._FAT_ftruncate_r
                0x000000000200a2a8      0x16c /opt/devkitpro/libnds/lib/libfat.a(fatfile.o)
                0x000000000200a2a8                _FAT_ftruncate_r
 .text._FAT_fsync_r
                0x000000000200a414       0x44 /opt/devkitpro/libnds/lib/libfat.a(fatfile.o)
                0x000000000200a414                _FAT_fsync_r
 .text._FAT_cache_getPage
                0x000000000200a458       0xf0 /opt/devkitpro/libnds/lib/libfat.a(cache.o)
 .text._FAT_cache_constructor
                0x000000000200a548       0x90 /opt/devkitpro/libnds/lib/libfat.a(cache.o)
                0x000000000200a548                _FAT_cache_constructor
 .text._FAT_cache_readSectors
                0x000000000200a5d8       0x60 /opt/devkitpro/libnds/lib/libfat.a(cache.o)
                0x000000000200a5d8                _FAT_cache_readSectors
 .text._FAT_cache_readPartialSector
                0x000000000200a638       0x3c /opt/devkitpro/libnds/lib/libfat.a(cache.o)
                0x000000000200a638                _FAT_cache_readPartialSector
 .text._FAT_cache_readLittleEndianValue
                0x000000000200a674       0x70 /opt/devkitpro/libnds/lib/libfat.a(cache.o)
                0x000000000200a674                _FAT_cache_readLittleEndianValue
 .text._FAT_cache_writePartialSector
                0x000000000200a6e4       0x4c /opt/devkitpro/libnds/lib/libfat.a(cache.o)
                0x000000000200a6e4                _FAT_cache_writePartialSector
 .text._FAT_cache_writeLittleEndianValue
                0x000000000200a730       0x8c /opt/devkitpro/libnds/lib/libfat.a(cache.o)
                0x000000000200a730                _FAT_cache_writeLittleEndianValue
 .text._FAT_cache_eraseWritePartialSector
                0x000000000200a7bc       0x60 /opt/devkitpro/libnds/lib/libfat.a(cache.o)
                0x000000000200a7bc                _FAT_cache_eraseWritePartialSector
 .text._FAT_cache_writeSectors
                0x000000000200a81c       0x80 /opt/devkitpro/libnds/lib/libfat.a(cache.o)
                0x000000000200a81c                _FAT_cache_writeSectors
 .text._FAT_cache_flush
                0x000000000200a89c       0x40 /opt/devkitpro/libnds/lib/libfat.a(cache.o)
                0x000000000200a89c                _FAT_cache_flush
 .text._FAT_stat_r
                0x000000000200a8dc       0x90 /opt/devkitpro/libnds/lib/libfat.a(fatdir.o)
                0x000000000200a8dc                _FAT_stat_r
 .text._FAT_link_r
                0x000000000200a96c        0xc /opt/devkitpro/libnds/lib/libfat.a(fatdir.o)
                0x000000000200a96c                _FAT_link_r
 .text._FAT_unlink_r
                0x000000000200a978      0x184 /opt/devkitpro/libnds/lib/libfat.a(fatdir.o)
                0x000000000200a978                _FAT_unlink_r
 .text._FAT_chdir_r
                0x000000000200aafc       0x70 /opt/devkitpro/libnds/lib/libfat.a(fatdir.o)
                0x000000000200aafc                _FAT_chdir_r
 .text._FAT_rename_r
                0x000000000200ab6c      0x1c4 /opt/devkitpro/libnds/lib/libfat.a(fatdir.o)
                0x000000000200ab6c                _FAT_rename_r
 .text._FAT_mkdir_r
                0x000000000200ad30      0x244 /opt/devkitpro/libnds/lib/libfat.a(fatdir.o)
                0x000000000200ad30                _FAT_mkdir_r
 .text._FAT_statvfs_r
                0x000000000200af74       0x78 /opt/devkitpro/libnds/lib/libfat.a(fatdir.o)
                0x000000000200af74                _FAT_statvfs_r
 .text._FAT_diropen_r
                0x000000000200afec       0xb0 /opt/devkitpro/libnds/lib/libfat.a(fatdir.o)
                0x000000000200afec                _FAT_diropen_r
 .text._FAT_dirreset_r
                0x000000000200b09c       0x4c /opt/devkitpro/libnds/lib/libfat.a(fatdir.o)
                0x000000000200b09c                _FAT_dirreset_r
 .text._FAT_dirnext_r
                0x000000000200b0e8       0x7c /opt/devkitpro/libnds/lib/libfat.a(fatdir.o)
                0x000000000200b0e8                _FAT_dirnext_r
 .text._FAT_dirclose_r
                0x000000000200b164       0x20 /opt/devkitpro/libnds/lib/libfat.a(fatdir.o)
                0x000000000200b164                _FAT_dirclose_r
 .text._FAT_directory_entryGetAlias
                0x000000000200b184       0xc8 /opt/devkitpro/libnds/lib/libfat.a(directory.o)
 .text._FAT_directory_incrementDirEntryPosition
                0x000000000200b24c       0x80 /opt/devkitpro/libnds/lib/libfat.a(directory.o)
 .text._FAT_directory_mbsncasecmp
                0x000000000200b2cc       0xa8 /opt/devkitpro/libnds/lib/libfat.a(directory.o)
 .text._FAT_directory_ucs2tombs.constprop.0
                0x000000000200b374       0x90 /opt/devkitpro/libnds/lib/libfat.a(directory.o)
 .text._FAT_directory_entryGetCluster
                0x000000000200b404       0x20 /opt/devkitpro/libnds/lib/libfat.a(directory.o)
                0x000000000200b404                _FAT_directory_entryGetCluster
 .text._FAT_directory_getNextEntry
                0x000000000200b424      0x23c /opt/devkitpro/libnds/lib/libfat.a(directory.o)
                0x000000000200b424                _FAT_directory_getNextEntry
 .text._FAT_directory_entryExists
                0x000000000200b660       0x80 /opt/devkitpro/libnds/lib/libfat.a(directory.o)
 .text._FAT_directory_getFirstEntry
                0x000000000200b6e0       0x20 /opt/devkitpro/libnds/lib/libfat.a(directory.o)
                0x000000000200b6e0                _FAT_directory_getFirstEntry
 .text._FAT_directory_getRootEntry
                0x000000000200b700       0x60 /opt/devkitpro/libnds/lib/libfat.a(directory.o)
                0x000000000200b700                _FAT_directory_getRootEntry
 .text._FAT_directory_entryFromPosition
                0x000000000200b760      0x150 /opt/devkitpro/libnds/lib/libfat.a(directory.o)
                0x000000000200b760                _FAT_directory_entryFromPosition
 .text._FAT_directory_entryFromPath
                0x000000000200b8b0      0x248 /opt/devkitpro/libnds/lib/libfat.a(directory.o)
                0x000000000200b8b0                _FAT_directory_entryFromPath
 .text._FAT_directory_removeEntry
                0x000000000200baf8       0xd8 /opt/devkitpro/libnds/lib/libfat.a(directory.o)
                0x000000000200baf8                _FAT_directory_removeEntry
 .text._FAT_directory_addEntry
                0x000000000200bbd0      0x808 /opt/devkitpro/libnds/lib/libfat.a(directory.o)
                0x000000000200bbd0                _FAT_directory_addEntry
 .text._FAT_directory_chdir
                0x000000000200c3d8       0x3c /opt/devkitpro/libnds/lib/libfat.a(directory.o)
                0x000000000200c3d8                _FAT_directory_chdir
 .text._FAT_directory_entryStat
                0x000000000200c414       0xe4 /opt/devkitpro/libnds/lib/libfat.a(directory.o)
                0x000000000200c414                _FAT_directory_entryStat
 .text.isValidMBR
                0x000000000200c4f8       0x5c /opt/devkitpro/libnds/lib/libfat.a(partition.o)
 .text._FAT_updateFS_INFO
                0x000000000200c554       0x54 /opt/devkitpro/libnds/lib/libfat.a(partition.o)
 .text.FindFirstValidPartition_buf.part.0
                0x000000000200c5a8      0x11c /opt/devkitpro/libnds/lib/libfat.a(partition.o)
 .text._FAT_partition_getPartitionFromPath
                0x000000000200c6c4       0x10 /opt/devkitpro/libnds/lib/libfat.a(partition.o)
                0x000000000200c6c4                _FAT_partition_getPartitionFromPath
 .text._FAT_partition_createFSinfo
                0x000000000200c6d4       0x50 /opt/devkitpro/libnds/lib/libfat.a(partition.o)
                0x000000000200c6d4                _FAT_partition_createFSinfo
 .text._FAT_partition_readFSinfo.part.0
                0x000000000200c724       0x74 /opt/devkitpro/libnds/lib/libfat.a(partition.o)
 .text._FAT_partition_constructor_buf
                0x000000000200c798      0x2e8 /opt/devkitpro/libnds/lib/libfat.a(partition.o)
                0x000000000200c798                _FAT_partition_constructor_buf
 .text._FAT_partition_constructor
                0x000000000200ca80       0x40 /opt/devkitpro/libnds/lib/libfat.a(partition.o)
                0x000000000200ca80                _FAT_partition_constructor
 .text._FAT_partition_readFSinfo
                0x000000000200cac0       0x10 /opt/devkitpro/libnds/lib/libfat.a(partition.o)
                0x000000000200cac0                _FAT_partition_readFSinfo
 .text._FAT_lock_init
                0x000000000200cad0        0x4 /opt/devkitpro/libnds/lib/libfat.a(lock.o)
                0x000000000200cad0                _FAT_lock_init
 .text._FAT_lock
                0x000000000200cad4        0x4 /opt/devkitpro/libnds/lib/libfat.a(lock.o)
                0x000000000200cad4                _FAT_lock
 .text._FAT_unlock
                0x000000000200cad8        0x4 /opt/devkitpro/libnds/lib/libfat.a(lock.o)
                0x000000000200cad8                _FAT_unlock
 .text._FAT_filetime_getTimeFromRTC
                0x000000000200cadc       0x44 /opt/devkitpro/libnds/lib/libfat.a(filetime.o)
                0x000000000200cadc                _FAT_filetime_getTimeFromRTC
 .text._FAT_filetime_getDateFromRTC
                0x000000000200cb20       0x44 /opt/devkitpro/libnds/lib/libfat.a(filetime.o)
                0x000000000200cb20                _FAT_filetime_getDateFromRTC
 .text._FAT_filetime_to_time_t
                0x000000000200cb64       0x38 /opt/devkitpro/libnds/lib/libfat.a(filetime.o)
                0x000000000200cb64                _FAT_filetime_to_time_t
 .text._FAT_fat_writeFatEntry.part.0.isra.0
                0x000000000200cb9c      0x12c /opt/devkitpro/libnds/lib/libfat.a(file_allocation_table.o)
 .text._FAT_fat_nextCluster
                0x000000000200ccc8      0x108 /opt/devkitpro/libnds/lib/libfat.a(file_allocation_table.o)
                0x000000000200ccc8                _FAT_fat_nextCluster
 .text._FAT_fat_linkFreeCluster
                0x000000000200cdd0       0xac /opt/devkitpro/libnds/lib/libfat.a(file_allocation_table.o)
                0x000000000200cdd0                _FAT_fat_linkFreeCluster
 .text._FAT_fat_linkFreeClusterCleared
                0x000000000200ce7c       0x68 /opt/devkitpro/libnds/lib/libfat.a(file_allocation_table.o)
                0x000000000200ce7c                _FAT_fat_linkFreeClusterCleared
 .text._FAT_fat_clearLinks
                0x000000000200cee4       0x7c /opt/devkitpro/libnds/lib/libfat.a(file_allocation_table.o)
                0x000000000200cee4                _FAT_fat_clearLinks
 .text._FAT_fat_trimChain
                0x000000000200cf60       0x80 /opt/devkitpro/libnds/lib/libfat.a(file_allocation_table.o)
                0x000000000200cf60                _FAT_fat_trimChain
 .text._FAT_fat_lastCluster
                0x000000000200cfe0       0x34 /opt/devkitpro/libnds/lib/libfat.a(file_allocation_table.o)
                0x000000000200cfe0                _FAT_fat_lastCluster
 .text._FAT_fat_freeClusterCount
                0x000000000200d014       0x2c /opt/devkitpro/libnds/lib/libfat.a(file_allocation_table.o)
                0x000000000200d014                _FAT_fat_freeClusterCount
 .text.setBrightness
                0x000000000200d040       0x40 /opt/devkitpro/libnds/lib/libnds9.a(video.o)
                0x000000000200d040                setBrightness
 .text.vramDefault
                0x000000000200d080       0xd0 /opt/devkitpro/libnds/lib/libnds9.a(video.o)
                0x000000000200d080                vramDefault
 .text.newRow   0x000000000200d150       0xa8 /opt/devkitpro/libnds/lib/libnds9.a(console.o)
 .text.consolePrintChar
                0x000000000200d1f8       0xe0 /opt/devkitpro/libnds/lib/libnds9.a(console.o)
                0x000000000200d1f8                consolePrintChar
 .text.con_write
                0x000000000200d2d8      0x36c /opt/devkitpro/libnds/lib/libnds9.a(console.o)
                0x000000000200d2d8                con_write
 .text.consoleLoadFont
                0x000000000200d644      0x2a0 /opt/devkitpro/libnds/lib/libnds9.a(console.o)
                0x000000000200d644                consoleLoadFont
 .text.consoleInit
                0x000000000200d8e4      0x18c /opt/devkitpro/libnds/lib/libnds9.a(console.o)
                0x000000000200d8e4                consoleInit
 .text.consoleDemoInit
                0x000000000200da70       0x40 /opt/devkitpro/libnds/lib/libnds9.a(console.o)
                0x000000000200da70                consoleDemoInit
 .text.consoleClear
                0x000000000200dab0       0x10 /opt/devkitpro/libnds/lib/libnds9.a(console.o)
                0x000000000200dab0                consoleClear
 .text.oamInit  0x000000000200dac0      0x114 /opt/devkitpro/libnds/lib/libnds9.a(sprite.o)
                0x000000000200dac0                oamInit
 .text.oamGfxPtrToOffset
                0x000000000200dbd4       0x34 /opt/devkitpro/libnds/lib/libnds9.a(sprite.o)
                0x000000000200dbd4                oamGfxPtrToOffset
 .text.oamSet   0x000000000200dc08      0x104 /opt/devkitpro/libnds/lib/libnds9.a(sprite.o)
                0x000000000200dc08                oamSet
 .text.oamUpdate
                0x000000000200dd0c       0x60 /opt/devkitpro/libnds/lib/libnds9.a(sprite.o)
                0x000000000200dd0c                oamUpdate
 .text.oamRotateScale
                0x000000000200dd6c       0x4c /opt/devkitpro/libnds/lib/libnds9.a(sprite.o)
                0x000000000200dd6c                oamRotateScale
 .text.scanKeys
                0x000000000200ddb8       0x8c /opt/devkitpro/libnds/lib/libnds9.a(keys.o)
                0x000000000200ddb8                scanKeys
 .text.keysHeld
                0x000000000200de44        0xc /opt/devkitpro/libnds/lib/libnds9.a(keys.o)
                0x000000000200de44                keysHeld
 .text.keysDown
                0x000000000200de50       0x14 /opt/devkitpro/libnds/lib/libnds9.a(keys.o)
                0x000000000200de50                keysDown
 .text.dldiGetInternal
                0x000000000200de64       0x34 /opt/devkitpro/libnds/lib/libnds9.a(dldi.o)
                0x000000000200de64                dldiGetInternal
 .text.get_io_dsisd
                0x000000000200de98       0x24 /opt/devkitpro/libnds/lib/libnds9.a(dldi.o)
                0x000000000200de98                get_io_dsisd
 .text.__syscall_gettod_r
                0x000000000200debc       0x28 /opt/devkitpro/libnds/lib/libnds9.a(initSystem.o)
                0x000000000200debc                __syscall_gettod_r
 .text.__syscall_exit
                0x000000000200dee4        0x8 /opt/devkitpro/libnds/lib/libnds9.a(initSystem.o)
                0x000000000200dee4                __syscall_exit
 .text.initSystem
                0x000000000200deec      0x180 /opt/devkitpro/libnds/lib/libnds9.a(initSystem.o)
                0x000000000200deec                initSystem
 .text.irqDummy
                0x000000000200e06c        0x4 /opt/devkitpro/libnds/lib/libnds9.a(interrupts.o)
                0x000000000200e06c                irqDummy
 .text.irqSet   0x000000000200e070       0x6c /opt/devkitpro/libnds/lib/libnds9.a(interrupts.o)
                0x000000000200e070                irqSet
 .text.irqInit  0x000000000200e0dc       0x50 /opt/devkitpro/libnds/lib/libnds9.a(interrupts.o)
                0x000000000200e0dc                irqInit
 .text.irqEnable
                0x000000000200e12c       0x64 /opt/devkitpro/libnds/lib/libnds9.a(interrupts.o)
                0x000000000200e12c                irqEnable
 .text.systemErrorExit
                0x000000000200e190        0x4 /opt/devkitpro/libnds/lib/libnds9.a(libnds_exit.arm.o)
                0x000000000200e190                systemErrorExit
 .text.__libnds_exit
                0x000000000200e194       0x5c /opt/devkitpro/libnds/lib/libnds9.a(libnds_exit.arm.o)
                0x000000000200e194                __libnds_exit
 .text.cardPolledTransfer
                0x000000000200e1f0       0x54 /opt/devkitpro/libnds/lib/libnds9.a(card.o)
                0x000000000200e1f0                cardPolledTransfer
 .text.cardParamCommand
                0x000000000200e244       0x34 /opt/devkitpro/libnds/lib/libnds9.a(card.o)
                0x000000000200e244                cardParamCommand
 .text.fifo_queueBlock
                0x000000000200e278       0x44 /opt/devkitpro/libnds/lib/libnds9.a(fifosystem.o)
 .text.fifo_waitBlock
                0x000000000200e2bc       0x80 /opt/devkitpro/libnds/lib/libnds9.a(fifosystem.o)
 .text.fifoInternalSend.part.0
                0x000000000200e33c       0xd4 /opt/devkitpro/libnds/lib/libnds9.a(fifosystem.o)
 .text.fifoInternalSendInterrupt
                0x000000000200e410       0xb0 /opt/devkitpro/libnds/lib/libnds9.a(fifosystem.o)
 .text.fifoSetValue32Handler
                0x000000000200e4c0       0xd4 /opt/devkitpro/libnds/lib/libnds9.a(fifosystem.o)
                0x000000000200e4c0                fifoSetValue32Handler
 .text.fifoSendValue32
                0x000000000200e594       0x4c /opt/devkitpro/libnds/lib/libnds9.a(fifosystem.o)
                0x000000000200e594                fifoSendValue32
 .text.fifoSendDatamsg
                0x000000000200e5e0       0x90 /opt/devkitpro/libnds/lib/libnds9.a(fifosystem.o)
                0x000000000200e5e0                fifoSendDatamsg
 .text.fifoGetValue32
                0x000000000200e670       0x70 /opt/devkitpro/libnds/lib/libnds9.a(fifosystem.o)
                0x000000000200e670                fifoGetValue32
 .text.fifoGetDatamsg
                0x000000000200e6e0       0xf4 /opt/devkitpro/libnds/lib/libnds9.a(fifosystem.o)
                0x000000000200e6e0                fifoGetDatamsg
 .text.fifoInternalRecvInterrupt
                0x000000000200e7d4      0x37c /opt/devkitpro/libnds/lib/libnds9.a(fifosystem.o)
 .text.fifoSetDatamsgHandler
                0x000000000200eb50       0x9c /opt/devkitpro/libnds/lib/libnds9.a(fifosystem.o)
                0x000000000200eb50                fifoSetDatamsgHandler
 .text.fifoCheckValue32
                0x000000000200ebec       0x24 /opt/devkitpro/libnds/lib/libnds9.a(fifosystem.o)
                0x000000000200ebec                fifoCheckValue32
 .text.fifoInit
                0x000000000200ec10      0x108 /opt/devkitpro/libnds/lib/libnds9.a(fifosystem.o)
                0x000000000200ec10                fifoInit
 .text.DC_FlushRange
                0x000000000200ed18       0x24 /opt/devkitpro/libnds/lib/libnds9.a(dcache.o)
                0x000000000200ed18                DC_FlushRange
 .text.DC_InvalidateRange
                0x000000000200ed3c       0x2c /opt/devkitpro/libnds/lib/libnds9.a(dcache.o)
                0x000000000200ed3c                DC_InvalidateRange
 .text.__libnds_mpu_setup
                0x000000000200ed68      0x174 /opt/devkitpro/libnds/lib/libnds9.a(mpu_setup.o)
                0x000000000200ed68                __libnds_mpu_setup
 .text.memUncached
                0x000000000200eedc       0x20 /opt/devkitpro/libnds/lib/libnds9.a(mpu_setup.o)
                0x000000000200eedc                memUncached
 .text.swiWaitForVBlank
                0x000000000200eefc        0x8 /opt/devkitpro/libnds/lib/libnds9.a(IntrWait.o)
                0x000000000200eefc                swiWaitForVBlank
 .text.swiIntrWait
                0x000000000200ef04       0x70 /opt/devkitpro/libnds/lib/libnds9.a(IntrWait.o)
                0x000000000200ef04                swiIntrWait
 .text.setCpuClock
                0x000000000200ef74       0x50 /opt/devkitpro/libnds/lib/libnds9.a(cpu_clock.o)
                0x000000000200ef74                setCpuClock
 .text.swiDelay
                0x000000000200efc4        0x4 /opt/devkitpro/libnds/lib/libnds9.a(biosCalls.o)
                0x000000000200efc4                swiDelay
 .text.swiSoftReset
                0x000000000200efc8       0x2c /opt/devkitpro/libnds/lib/libnds9.a(swiSoftReset.o)
                0x000000000200efc8                swiSoftReset
 .text.checkIfText
                0x000000000200eff4       0x5c /opt/devkitpro/libnds/lib/libnds9.a(background.o)
                0x000000000200eff4                checkIfText
 .text.bgUpdate
                0x000000000200f050       0xf4 /opt/devkitpro/libnds/lib/libnds9.a(background.o)
                0x000000000200f050                bgUpdate
 .text.bgInit_call
                0x000000000200f144       0xc4 /opt/devkitpro/libnds/lib/libnds9.a(background.o)
                0x000000000200f144                bgInit_call
 .text.bgInitSub_call
                0x000000000200f208       0xcc /opt/devkitpro/libnds/lib/libnds9.a(background.o)
                0x000000000200f208                bgInitSub_call
 .text.sinLutLookup
                0x000000000200f2d4       0x4c /opt/devkitpro/libnds/lib/libnds9.a(trig.o)
                0x000000000200f2d4                sinLutLookup
 .text.sinLerp  0x000000000200f320       0x40 /opt/devkitpro/libnds/lib/libnds9.a(trig.o)
                0x000000000200f320                sinLerp
 .text.cosLerp  0x000000000200f360       0x4c /opt/devkitpro/libnds/lib/libnds9.a(trig.o)
                0x000000000200f360                cosLerp
 .text.oamAllocReset
                0x000000000200f3ac       0x1c /opt/devkitpro/libnds/lib/libnds9.a(sprite_alloc.o)
                0x000000000200f3ac                oamAllocReset
 .text.systemValueHandler
                0x000000000200f3c8       0x48 /opt/devkitpro/libnds/lib/libnds9.a(system.o)
                0x000000000200f3c8                systemValueHandler
 .text.systemMsgHandler
                0x000000000200f410       0x60 /opt/devkitpro/libnds/lib/libnds9.a(system.o)
                0x000000000200f410                systemMsgHandler
 .text.powerOn  0x000000000200f470       0x2c /opt/devkitpro/libnds/lib/libnds9.a(system.o)
                0x000000000200f470                powerOn
 .text.__muldi3
                0x000000000200f49c       0x64 /opt/devkitpro/devkitARM/bin/../lib/gcc/arm-none-eabi/12.1.0/thumb/libgcc.a(_muldi3.o)
                0x000000000200f49c                __aeabi_lmul
                0x000000000200f49c                __muldi3
 .text.__udivmoddi4
                0x000000000200f500      0x19c /opt/devkitpro/devkitARM/bin/../lib/gcc/arm-none-eabi/12.1.0/thumb/libgcc.a(_udivmoddi4.o)
                0x000000000200f500                __udivmoddi4
 .text.calloc   0x000000000200f69c       0x18 /opt/devkitpro/devkitARM/bin/../lib/gcc/arm-none-eabi/12.1.0/../../../../arm-none-eabi/lib/thumb/libg.a(lib_a-calloc.o)
                0x000000000200f69c                calloc
 .text._calloc_r
                0x000000000200f6b4       0xb8 /opt/devkitpro/devkitARM/bin/../lib/gcc/arm-none-eabi/12.1.0/../../../../arm-none-eabi/lib/thumb/libg.a(lib_a-callocr.o)
                0x000000000200f6b4                _calloc_r
 .text.__errno  0x000000000200f76c        0xc /opt/devkitpro/devkitARM/bin/../lib/gcc/arm-none-eabi/12.1.0/../../../../arm-none-eabi/lib/thumb/libg.a(lib_a-errno.o)
                0x000000000200f76c                __errno
 .text._fclose_r
                0x000000000200f778       0xe4 /opt/devkitpro/devkitARM/bin/../lib/gcc/arm-none-eabi/12.1.0/../../../../arm-none-eabi/lib/thumb/libg.a(lib_a-fclose.o)
                0x000000000200f778                _fclose_r
 .text.fclose   0x000000000200f85c       0x14 /opt/devkitpro/devkitARM/bin/../lib/gcc/arm-none-eabi/12.1.0/../../../../arm-none-eabi/lib/thumb/libg.a(lib_a-fclose.o)
                0x000000000200f85c                fclose
 .text.__sflush_r
                0x000000000200f870      0x18c /opt/devkitpro/devkitARM/bin/../lib/gcc/arm-none-eabi/12.1.0/../../../../arm-none-eabi/lib/thumb/libg.a(lib_a-fflush.o)
                0x000000000200f870                __sflush_r
 .text._fflush_r
                0x000000000200f9fc       0x70 /opt/devkitpro/devkitARM/bin/../lib/gcc/arm-none-eabi/12.1.0/../../../../arm-none-eabi/lib/thumb/libg.a(lib_a-fflush.o)
                0x000000000200f9fc                _fflush_r
 .text.fflush   0x000000000200fa6c       0x2c /opt/devkitpro/devkitARM/bin/../lib/gcc/arm-none-eabi/12.1.0/../../../../arm-none-eabi/lib/thumb/libg.a(lib_a-fflush.o)
                0x000000000200fa6c                fflush
 .text._cleanup_r
                0x000000000200fa98       0x14 /opt/devkitpro/devkitARM/bin/../lib/gcc/arm-none-eabi/12.1.0/../../../../arm-none-eabi/lib/thumb/libg.a(lib_a-findfp.o)
                0x000000000200fa98                _cleanup_r
 .text.__sinit  0x000000000200faac      0x124 /opt/devkitpro/devkitARM/bin/../lib/gcc/arm-none-eabi/12.1.0/../../../../arm-none-eabi/lib/thumb/libg.a(lib_a-findfp.o)
                0x000000000200faac                __sinit
 .text.__sfp    0x000000000200fbd0       0xd4 /opt/devkitpro/devkitARM/bin/../lib/gcc/arm-none-eabi/12.1.0/../../../../arm-none-eabi/lib/thumb/libg.a(lib_a-findfp.o)
                0x000000000200fbd0                __sfp
 .text.__sfp_lock_acquire
                0x000000000200fca4       0x14 /opt/devkitpro/devkitARM/bin/../lib/gcc/arm-none-eabi/12.1.0/../../../../arm-none-eabi/lib/thumb/libg.a(lib_a-findfp.o)
                0x000000000200fca4                __sfp_lock_acquire
 .text.__sfp_lock_release
                0x000000000200fcb8       0x14 /opt/devkitpro/devkitARM/bin/../lib/gcc/arm-none-eabi/12.1.0/../../../../arm-none-eabi/lib/thumb/libg.a(lib_a-findfp.o)
                0x000000000200fcb8                __sfp_lock_release
 .text._fopen_r
                0x000000000200fccc       0xbc /opt/devkitpro/devkitARM/bin/../lib/gcc/arm-none-eabi/12.1.0/../../../../arm-none-eabi/lib/thumb/libg.a(lib_a-fopen.o)
                0x000000000200fccc                _fopen_r
 .text.fopen    0x000000000200fd88       0x18 /opt/devkitpro/devkitARM/bin/../lib/gcc/arm-none-eabi/12.1.0/../../../../arm-none-eabi/lib/thumb/libg.a(lib_a-fopen.o)
                0x000000000200fd88                fopen
 .text._fread_r
                0x000000000200fda0      0x1e4 /opt/devkitpro/devkitARM/bin/../lib/gcc/arm-none-eabi/12.1.0/../../../../arm-none-eabi/lib/thumb/libg.a(lib_a-fread.o)
                0x000000000200fda0                _fread_r
 .text.fread    0x000000000200ff84       0x24 /opt/devkitpro/devkitARM/bin/../lib/gcc/arm-none-eabi/12.1.0/../../../../arm-none-eabi/lib/thumb/libg.a(lib_a-fread.o)
                0x000000000200ff84                fread
 .text._malloc_trim_r
                0x000000000200ffa8       0xac /opt/devkitpro/devkitARM/bin/../lib/gcc/arm-none-eabi/12.1.0/../../../../arm-none-eabi/lib/thumb/libg.a(lib_a-freer.o)
                0x000000000200ffa8                _malloc_trim_r
 .text._free_r  0x0000000002010054      0x1d8 /opt/devkitpro/devkitARM/bin/../lib/gcc/arm-none-eabi/12.1.0/../../../../arm-none-eabi/lib/thumb/libg.a(lib_a-freer.o)
                0x0000000002010054                _free_r
 .text._fseek_r
                0x000000000201022c       0x18 /opt/devkitpro/devkitARM/bin/../lib/gcc/arm-none-eabi/12.1.0/../../../../arm-none-eabi/lib/thumb/libg.a(lib_a-fseek.o)
                0x000000000201022c                _fseek_r
 .text.fseek    0x0000000002010244       0x24 /opt/devkitpro/devkitARM/bin/../lib/gcc/arm-none-eabi/12.1.0/../../../../arm-none-eabi/lib/thumb/libg.a(lib_a-fseek.o)
                0x0000000002010244                fseek
 .text._fseeko_r
                0x0000000002010268      0x410 /opt/devkitpro/devkitARM/bin/../lib/gcc/arm-none-eabi/12.1.0/../../../../arm-none-eabi/lib/thumb/libg.a(lib_a-fseeko.o)
                0x0000000002010268                _fseeko_r
 .text.ftell    0x0000000002010678       0x24 /opt/devkitpro/devkitARM/bin/../lib/gcc/arm-none-eabi/12.1.0/../../../../arm-none-eabi/lib/thumb/libg.a(lib_a-ftell.o)
                0x0000000002010678                ftell
 .text._ftello_r
                0x000000000201069c      0x11c /opt/devkitpro/devkitARM/bin/../lib/gcc/arm-none-eabi/12.1.0/../../../../arm-none-eabi/lib/thumb/libg.a(lib_a-ftello.o)
                0x000000000201069c                _ftello_r
 .text._fwalk   0x00000000020107b8       0x48 /opt/devkitpro/devkitARM/bin/../lib/gcc/arm-none-eabi/12.1.0/../../../../arm-none-eabi/lib/thumb/libg.a(lib_a-fwalk.o)
                0x00000000020107b8                _fwalk
 .text._fwalk_reent
                0x0000000002010800       0x50 /opt/devkitpro/devkitARM/bin/../lib/gcc/arm-none-eabi/12.1.0/../../../../arm-none-eabi/lib/thumb/libg.a(lib_a-fwalk.o)
                0x0000000002010800                _fwalk_reent
 .text.__libc_init_array
                0x0000000002010850       0x54 /opt/devkitpro/devkitARM/bin/../lib/gcc/arm-none-eabi/12.1.0/../../../../arm-none-eabi/lib/thumb/libg.a(lib_a-init.o)
                0x0000000002010850                __libc_init_array
 .text.iprintf  0x00000000020108a4       0x24 /opt/devkitpro/devkitARM/bin/../lib/gcc/arm-none-eabi/12.1.0/../../../../arm-none-eabi/lib/thumb/libg.a(lib_a-iprintf.o)
                0x00000000020108a4                iprintf
 .text.localtime_r
                0x00000000020108c8      0x228 /opt/devkitpro/devkitARM/bin/../lib/gcc/arm-none-eabi/12.1.0/../../../../arm-none-eabi/lib/thumb/libg.a(lib_a-lcltime_r.o)
                0x00000000020108c8                localtime_r
 .text.__locale_mb_cur_max
                0x0000000002010af0       0x10 /opt/devkitpro/devkitARM/bin/../lib/gcc/arm-none-eabi/12.1.0/../../../../arm-none-eabi/lib/thumb/libg.a(lib_a-locale.o)
                0x0000000002010af0                __locale_mb_cur_max
 .text.__smakebuf_r
                0x0000000002010b00       0xf0 /opt/devkitpro/devkitARM/bin/../lib/gcc/arm-none-eabi/12.1.0/../../../../arm-none-eabi/lib/thumb/libg.a(lib_a-makebuf.o)
                0x0000000002010b00                __smakebuf_r
 .text.__swhatbuf_r
                0x0000000002010bf0       0x5c /opt/devkitpro/devkitARM/bin/../lib/gcc/arm-none-eabi/12.1.0/../../../../arm-none-eabi/lib/thumb/libg.a(lib_a-makebuf.o)
                0x0000000002010bf0                __swhatbuf_r
 .text.malloc   0x0000000002010c4c       0x14 /opt/devkitpro/devkitARM/bin/../lib/gcc/arm-none-eabi/12.1.0/../../../../arm-none-eabi/lib/thumb/libg.a(lib_a-malloc.o)
                0x0000000002010c4c                malloc
 .text.free     0x0000000002010c60       0x14 /opt/devkitpro/devkitARM/bin/../lib/gcc/arm-none-eabi/12.1.0/../../../../arm-none-eabi/lib/thumb/libg.a(lib_a-malloc.o)
                0x0000000002010c60                free
 .text._malloc_r
                0x0000000002010c74      0x560 /opt/devkitpro/devkitARM/bin/../lib/gcc/arm-none-eabi/12.1.0/../../../../arm-none-eabi/lib/thumb/libg.a(lib_a-mallocr.o)
                0x0000000002010c74                _malloc_r
 .text._mbrtowc_r
                0x00000000020111d4       0x60 /opt/devkitpro/devkitARM/bin/../lib/gcc/arm-none-eabi/12.1.0/../../../../arm-none-eabi/lib/thumb/libg.a(lib_a-mbrtowc.o)
                0x00000000020111d4                _mbrtowc_r
 .text.mbrtowc  0x0000000002011234       0x7c /opt/devkitpro/devkitARM/bin/../lib/gcc/arm-none-eabi/12.1.0/../../../../arm-none-eabi/lib/thumb/libg.a(lib_a-mbrtowc.o)
                0x0000000002011234                mbrtowc
 .text.mbsrtowcs
                0x00000000020112b0       0x28 /opt/devkitpro/devkitARM/bin/../lib/gcc/arm-none-eabi/12.1.0/../../../../arm-none-eabi/lib/thumb/libg.a(lib_a-mbsrtowcs.o)
                0x00000000020112b0                mbsrtowcs
 .text.__utf8_mbtowc
                0x00000000020112d8      0x27c /opt/devkitpro/devkitARM/bin/../lib/gcc/arm-none-eabi/12.1.0/../../../../arm-none-eabi/lib/thumb/libg.a(lib_a-mbtowc_r.o)
                0x00000000020112d8                __utf8_mbtowc
 .text.memcmp   0x0000000002011554       0x48 /opt/devkitpro/devkitARM/bin/../lib/gcc/arm-none-eabi/12.1.0/../../../../arm-none-eabi/lib/thumb/libg.a(lib_a-memcmp.o)
                0x0000000002011554                memcmp
 .text.memcpy   0x000000000201159c       0x94 /opt/devkitpro/devkitARM/bin/../lib/gcc/arm-none-eabi/12.1.0/../../../../arm-none-eabi/lib/thumb/libg.a(lib_a-memcpy-stub.o)
                0x000000000201159c                memcpy
 .text.memmove  0x0000000002011630       0xc0 /opt/devkitpro/devkitARM/bin/../lib/gcc/arm-none-eabi/12.1.0/../../../../arm-none-eabi/lib/thumb/libg.a(lib_a-memmove.o)
                0x0000000002011630                memmove
 .text.memset   0x00000000020116f0       0xb0 /opt/devkitpro/devkitARM/bin/../lib/gcc/arm-none-eabi/12.1.0/../../../../arm-none-eabi/lib/thumb/libg.a(lib_a-memset.o)
                0x00000000020116f0                memset
 .text.validate_structure
                0x00000000020117a0      0x1d4 /opt/devkitpro/devkitARM/bin/../lib/gcc/arm-none-eabi/12.1.0/../../../../arm-none-eabi/lib/thumb/libg.a(lib_a-mktime.o)
 .text.mktime   0x0000000002011974      0x434 /opt/devkitpro/devkitARM/bin/../lib/gcc/arm-none-eabi/12.1.0/../../../../arm-none-eabi/lib/thumb/libg.a(lib_a-mktime.o)
                0x0000000002011974                mktime
 .text.__malloc_lock
                0x0000000002011da8       0x14 /opt/devkitpro/devkitARM/bin/../lib/gcc/arm-none-eabi/12.1.0/../../../../arm-none-eabi/lib/thumb/libg.a(lib_a-mlock.o)
                0x0000000002011da8                __malloc_lock
 .text.__malloc_unlock
                0x0000000002011dbc       0x14 /opt/devkitpro/devkitARM/bin/../lib/gcc/arm-none-eabi/12.1.0/../../../../arm-none-eabi/lib/thumb/libg.a(lib_a-mlock.o)
                0x0000000002011dbc                __malloc_unlock
 .text.realloc  0x0000000002011dd0       0x18 /opt/devkitpro/devkitARM/bin/../lib/gcc/arm-none-eabi/12.1.0/../../../../arm-none-eabi/lib/thumb/libg.a(lib_a-realloc.o)
                0x0000000002011dd0                realloc
 .text._realloc_r
                0x0000000002011de8      0x384 /opt/devkitpro/devkitARM/bin/../lib/gcc/arm-none-eabi/12.1.0/../../../../arm-none-eabi/lib/thumb/libg.a(lib_a-reallocr.o)
                0x0000000002011de8                _realloc_r
 .text.lflush   0x000000000201216c       0x20 /opt/devkitpro/devkitARM/bin/../lib/gcc/arm-none-eabi/12.1.0/../../../../arm-none-eabi/lib/thumb/libg.a(lib_a-refill.o)
 .text.__srefill_r
                0x000000000201218c      0x108 /opt/devkitpro/devkitARM/bin/../lib/gcc/arm-none-eabi/12.1.0/../../../../arm-none-eabi/lib/thumb/libg.a(lib_a-refill.o)
                0x000000000201218c                __srefill_r
 .text.rewind   0x0000000002012294       0x20 /opt/devkitpro/devkitARM/bin/../lib/gcc/arm-none-eabi/12.1.0/../../../../arm-none-eabi/lib/thumb/libg.a(lib_a-rewind.o)
                0x0000000002012294                rewind
 .text.setvbuf  0x00000000020122b4      0x19c /opt/devkitpro/devkitARM/bin/../lib/gcc/arm-none-eabi/12.1.0/../../../../arm-none-eabi/lib/thumb/libg.a(lib_a-setvbuf.o)
                0x00000000020122b4                setvbuf
 .text.siscanf  0x0000000002012450       0x4c /opt/devkitpro/devkitARM/bin/../lib/gcc/arm-none-eabi/12.1.0/../../../../arm-none-eabi/lib/thumb/libg.a(lib_a-siscanf.o)
                0x0000000002012450                siscanf
 .text.sprintf  0x000000000201249c       0x40 /opt/devkitpro/devkitARM/bin/../lib/gcc/arm-none-eabi/12.1.0/../../../../arm-none-eabi/lib/thumb/libg.a(lib_a-sprintf.o)
                0x000000000201249c                sprintf
 .text.__sread  0x00000000020124dc       0x34 /opt/devkitpro/devkitARM/bin/../lib/gcc/arm-none-eabi/12.1.0/../../../../arm-none-eabi/lib/thumb/libg.a(lib_a-stdio.o)
                0x00000000020124dc                __sread
 .text.__seofread
                0x0000000002012510        0x4 /opt/devkitpro/devkitARM/bin/../lib/gcc/arm-none-eabi/12.1.0/../../../../arm-none-eabi/lib/thumb/libg.a(lib_a-stdio.o)
                0x0000000002012510                __seofread
 .text.__swrite
                0x0000000002012514       0x4c /opt/devkitpro/devkitARM/bin/../lib/gcc/arm-none-eabi/12.1.0/../../../../arm-none-eabi/lib/thumb/libg.a(lib_a-stdio.o)
                0x0000000002012514                __swrite
 .text.__sseek  0x0000000002012560       0x44 /opt/devkitpro/devkitARM/bin/../lib/gcc/arm-none-eabi/12.1.0/../../../../arm-none-eabi/lib/thumb/libg.a(lib_a-stdio.o)
                0x0000000002012560                __sseek
 .text.__sclose
                0x00000000020125a4       0x10 /opt/devkitpro/devkitARM/bin/../lib/gcc/arm-none-eabi/12.1.0/../../../../arm-none-eabi/lib/thumb/libg.a(lib_a-stdio.o)
                0x00000000020125a4                __sclose
 .text.stpcpy   0x00000000020125b4       0x48 /opt/devkitpro/devkitARM/bin/../lib/gcc/arm-none-eabi/12.1.0/../../../../arm-none-eabi/lib/thumb/libg.a(lib_a-stpcpy.o)
                0x00000000020125b4                stpcpy
 .text.strcasecmp
                0x00000000020125fc       0x48 /opt/devkitpro/devkitARM/bin/../lib/gcc/arm-none-eabi/12.1.0/../../../../arm-none-eabi/lib/thumb/libg.a(lib_a-strcasecmp.o)
                0x00000000020125fc                strcasecmp
 .text.strchr   0x0000000002012644       0xc8 /opt/devkitpro/devkitARM/bin/../lib/gcc/arm-none-eabi/12.1.0/../../../../arm-none-eabi/lib/thumb/libg.a(lib_a-strchr.o)
                0x0000000002012644                strchr
 .text.strcpy   0x000000000201270c       0x10 /opt/devkitpro/devkitARM/bin/../lib/gcc/arm-none-eabi/12.1.0/../../../../arm-none-eabi/lib/thumb/libg.a(lib_a-strcpy.o)
                0x000000000201270c                strcpy
 .text.strdup   0x000000000201271c       0x14 /opt/devkitpro/devkitARM/bin/../lib/gcc/arm-none-eabi/12.1.0/../../../../arm-none-eabi/lib/thumb/libg.a(lib_a-strdup.o)
                0x000000000201271c                strdup
 .text._strdup_r
                0x0000000002012730       0x2c /opt/devkitpro/devkitARM/bin/../lib/gcc/arm-none-eabi/12.1.0/../../../../arm-none-eabi/lib/thumb/libg.a(lib_a-strdup_r.o)
                0x0000000002012730                _strdup_r
 .text.strlen   0x000000000201275c       0x60 /opt/devkitpro/devkitARM/bin/../lib/gcc/arm-none-eabi/12.1.0/../../../../arm-none-eabi/lib/thumb/libg.a(lib_a-strlen-stub.o)
                0x000000000201275c                strlen
 .text.strncasecmp
                0x00000000020127bc       0x54 /opt/devkitpro/devkitARM/bin/../lib/gcc/arm-none-eabi/12.1.0/../../../../arm-none-eabi/lib/thumb/libg.a(lib_a-strncasecmp.o)
                0x00000000020127bc                strncasecmp
 .text.strncmp  0x0000000002012810       0x78 /opt/devkitpro/devkitARM/bin/../lib/gcc/arm-none-eabi/12.1.0/../../../../arm-none-eabi/lib/thumb/libg.a(lib_a-strncmp.o)
                0x0000000002012810                strncmp
 .text.strncpy  0x0000000002012888       0x68 /opt/devkitpro/devkitARM/bin/../lib/gcc/arm-none-eabi/12.1.0/../../../../arm-none-eabi/lib/thumb/libg.a(lib_a-strncpy.o)
                0x0000000002012888                strncpy
 .text.strnlen  0x00000000020128f0       0x28 /opt/devkitpro/devkitARM/bin/../lib/gcc/arm-none-eabi/12.1.0/../../../../arm-none-eabi/lib/thumb/libg.a(lib_a-strnlen.o)
                0x00000000020128f0                strnlen
 .text.strpbrk  0x0000000002012918       0x4c /opt/devkitpro/devkitARM/bin/../lib/gcc/arm-none-eabi/12.1.0/../../../../arm-none-eabi/lib/thumb/libg.a(lib_a-strpbrk.o)
                0x0000000002012918                strpbrk
 .text.strrchr  0x0000000002012964       0x30 /opt/devkitpro/devkitARM/bin/../lib/gcc/arm-none-eabi/12.1.0/../../../../arm-none-eabi/lib/thumb/libg.a(lib_a-strrchr.o)
                0x0000000002012964                strrchr
 .text._strtol_l.part.0
                0x0000000002012994      0x144 /opt/devkitpro/devkitARM/bin/../lib/gcc/arm-none-eabi/12.1.0/../../../../arm-none-eabi/lib/thumb/libg.a(lib_a-strtol.o)
 .text._strtol_r
                0x0000000002012ad8       0x20 /opt/devkitpro/devkitARM/bin/../lib/gcc/arm-none-eabi/12.1.0/../../../../arm-none-eabi/lib/thumb/libg.a(lib_a-strtol.o)
                0x0000000002012ad8                _strtol_r
 .text.get_arg  0x0000000002012af8       0x32 /opt/devkitpro/devkitARM/bin/../lib/gcc/arm-none-eabi/12.1.0/../../../../arm-none-eabi/lib/thumb/libg.a(lib_a-svfiscanf.o)
 .text._sungetc_r
                0x0000000002012b2a       0x7e /opt/devkitpro/devkitARM/bin/../lib/gcc/arm-none-eabi/12.1.0/../../../../arm-none-eabi/lib/thumb/libg.a(lib_a-svfiscanf.o)
                0x0000000002012b2a                _sungetc_r
 .text.__ssrefill_r
                0x0000000002012ba8       0x42 /opt/devkitpro/devkitARM/bin/../lib/gcc/arm-none-eabi/12.1.0/../../../../arm-none-eabi/lib/thumb/libg.a(lib_a-svfiscanf.o)
                0x0000000002012ba8                __ssrefill_r
 .text._sfread_r
                0x0000000002012bea       0x88 /opt/devkitpro/devkitARM/bin/../lib/gcc/arm-none-eabi/12.1.0/../../../../arm-none-eabi/lib/thumb/libg.a(lib_a-svfiscanf.o)
                0x0000000002012bea                _sfread_r
 *fill*         0x0000000002012c72        0x2 ff
 .text.__ssvfiscanf_r
                0x0000000002012c74     0x1ae0 /opt/devkitpro/devkitARM/bin/../lib/gcc/arm-none-eabi/12.1.0/../../../../arm-none-eabi/lib/thumb/libg.a(lib_a-svfiscanf.o)
                0x0000000002012c74                __ssvfiscanf_r
 .text.get_arg  0x0000000002014754      0x42c /opt/devkitpro/devkitARM/bin/../lib/gcc/arm-none-eabi/12.1.0/../../../../arm-none-eabi/lib/thumb/libg.a(lib_a-svfprintf.o)
 .text._svfprintf_r
                0x0000000002014b80     0x22fc /opt/devkitpro/devkitARM/bin/../lib/gcc/arm-none-eabi/12.1.0/../../../../arm-none-eabi/lib/thumb/libg.a(lib_a-svfprintf.o)
                0x0000000002014b80                _svfprintf_r
 .text.lseek    0x0000000002016e7c       0x24 /opt/devkitpro/devkitARM/bin/../lib/gcc/arm-none-eabi/12.1.0/../../../../arm-none-eabi/lib/thumb/libg.a(lib_a-syslseek.o)
                0x0000000002016e7c                lseek
 .text.open     0x0000000002016ea0       0x28 /opt/devkitpro/devkitARM/bin/../lib/gcc/arm-none-eabi/12.1.0/../../../../arm-none-eabi/lib/thumb/libg.a(lib_a-sysopen.o)
                0x0000000002016ea0                open
 .text.read     0x0000000002016ec8       0x1c /opt/devkitpro/devkitARM/bin/../lib/gcc/arm-none-eabi/12.1.0/../../../../arm-none-eabi/lib/thumb/libg.a(lib_a-sysread.o)
                0x0000000002016ec8                read
 .text.time     0x0000000002016ee4       0x34 /opt/devkitpro/devkitARM/bin/../lib/gcc/arm-none-eabi/12.1.0/../../../../arm-none-eabi/lib/thumb/libg.a(lib_a-time.o)
                0x0000000002016ee4                time
 .text.towlower
                0x0000000002016f18       0x10 /opt/devkitpro/devkitARM/bin/../lib/gcc/arm-none-eabi/12.1.0/../../../../arm-none-eabi/lib/thumb/libg.a(lib_a-towlower.o)
                0x0000000002016f18                towlower
 .text.towupper
                0x0000000002016f28       0x10 /opt/devkitpro/devkitARM/bin/../lib/gcc/arm-none-eabi/12.1.0/../../../../arm-none-eabi/lib/thumb/libg.a(lib_a-towupper.o)
                0x0000000002016f28                towupper
 .text.__tzcalc_limits
                0x0000000002016f38      0x1b0 /opt/devkitpro/devkitARM/bin/../lib/gcc/arm-none-eabi/12.1.0/../../../../arm-none-eabi/lib/thumb/libg.a(lib_a-tzcalc_limits.o)
                0x0000000002016f38                __tzcalc_limits
 .text.__tz_lock
                0x00000000020170e8       0x14 /opt/devkitpro/devkitARM/bin/../lib/gcc/arm-none-eabi/12.1.0/../../../../arm-none-eabi/lib/thumb/libg.a(lib_a-tzlock.o)
                0x00000000020170e8                __tz_lock
 .text.__tz_unlock
                0x00000000020170fc       0x14 /opt/devkitpro/devkitARM/bin/../lib/gcc/arm-none-eabi/12.1.0/../../../../arm-none-eabi/lib/thumb/libg.a(lib_a-tzlock.o)
                0x00000000020170fc                __tz_unlock
 .text._tzset_unlocked
                0x0000000002017110       0x10 /opt/devkitpro/devkitARM/bin/../lib/gcc/arm-none-eabi/12.1.0/../../../../arm-none-eabi/lib/thumb/libg.a(lib_a-tzset.o)
                0x0000000002017110                _tzset_unlocked
 .text._tzset_unlocked_r
                0x0000000002017120      0x360 /opt/devkitpro/devkitARM/bin/../lib/gcc/arm-none-eabi/12.1.0/../../../../arm-none-eabi/lib/thumb/libg.a(lib_a-tzset_r.o)
                0x0000000002017120                _tzset_unlocked_r
 .text.__submore
                0x0000000002017480       0x88 /opt/devkitpro/devkitARM/bin/../lib/gcc/arm-none-eabi/12.1.0/../../../../arm-none-eabi/lib/thumb/libg.a(lib_a-ungetc.o)
                0x0000000002017480                __submore
 .text.get_arg  0x0000000002017508      0x42c /opt/devkitpro/devkitARM/bin/../lib/gcc/arm-none-eabi/12.1.0/../../../../arm-none-eabi/lib/thumb/libg.a(lib_a-vfiprintf.o)
 .text.__sprint_r
                0x0000000002017934       0x24 /opt/devkitpro/devkitARM/bin/../lib/gcc/arm-none-eabi/12.1.0/../../../../arm-none-eabi/lib/thumb/libg.a(lib_a-vfiprintf.o)
                0x0000000002017934                __sprint_r
 .text._vfiprintf_r
                0x0000000002017958     0x173c /opt/devkitpro/devkitARM/bin/../lib/gcc/arm-none-eabi/12.1.0/../../../../arm-none-eabi/lib/thumb/libg.a(lib_a-vfiprintf.o)
                0x0000000002017958                _vfiprintf_r
 .text.__sbprintf
                0x0000000002019094       0x8c /opt/devkitpro/devkitARM/bin/../lib/gcc/arm-none-eabi/12.1.0/../../../../arm-none-eabi/lib/thumb/libg.a(lib_a-vfiprintf.o)
 .text._wcrtomb_r
                0x0000000002019120       0x5c /opt/devkitpro/devkitARM/bin/../lib/gcc/arm-none-eabi/12.1.0/../../../../arm-none-eabi/lib/thumb/libg.a(lib_a-wcrtomb.o)
                0x0000000002019120                _wcrtomb_r
 .text.wcrtomb  0x000000000201917c       0x74 /opt/devkitpro/devkitARM/bin/../lib/gcc/arm-none-eabi/12.1.0/../../../../arm-none-eabi/lib/thumb/libg.a(lib_a-wcrtomb.o)
                0x000000000201917c                wcrtomb
 .text._wcsrtombs_r
                0x00000000020191f0       0x1c /opt/devkitpro/devkitARM/bin/../lib/gcc/arm-none-eabi/12.1.0/../../../../arm-none-eabi/lib/thumb/libg.a(lib_a-wcsrtombs.o)
                0x00000000020191f0                _wcsrtombs_r
 .text.wctob    0x000000000201920c       0x48 /opt/devkitpro/devkitARM/bin/../lib/gcc/arm-none-eabi/12.1.0/../../../../arm-none-eabi/lib/thumb/libg.a(lib_a-wctob.o)
                0x000000000201920c                wctob
 .text.__utf8_wctomb
                0x0000000002019254       0xb4 /opt/devkitpro/devkitARM/bin/../lib/gcc/arm-none-eabi/12.1.0/../../../../arm-none-eabi/lib/thumb/libg.a(lib_a-wctomb_r.o)
                0x0000000002019254                __utf8_wctomb
 .text.__swsetup_r
                0x0000000002019308       0xd0 /opt/devkitpro/devkitARM/bin/../lib/gcc/arm-none-eabi/12.1.0/../../../../arm-none-eabi/lib/thumb/libg.a(lib_a-wsetup.o)
                0x0000000002019308                __swsetup_r
 .text.div      0x00000000020193d8       0x18 /opt/devkitpro/devkitARM/bin/../lib/gcc/arm-none-eabi/12.1.0/../../../../arm-none-eabi/lib/thumb/libg.a(lib_a-div.o)
                0x00000000020193d8                div
 .text.quorem   0x00000000020193f0      0x158 /opt/devkitpro/devkitARM/bin/../lib/gcc/arm-none-eabi/12.1.0/../../../../arm-none-eabi/lib/thumb/libg.a(lib_a-dtoa.o)
 .text._dtoa_r  0x0000000002019548      0xfcc /opt/devkitpro/devkitARM/bin/../lib/gcc/arm-none-eabi/12.1.0/../../../../arm-none-eabi/lib/thumb/libg.a(lib_a-dtoa.o)
                0x0000000002019548                _dtoa_r
 .text.__sflags
                0x000000000201a514       0xa4 /opt/devkitpro/devkitARM/bin/../lib/gcc/arm-none-eabi/12.1.0/../../../../arm-none-eabi/lib/thumb/libg.a(lib_a-flags.o)
                0x000000000201a514                __sflags
 .text.__sfvwrite_r
                0x000000000201a5b8      0x334 /opt/devkitpro/devkitARM/bin/../lib/gcc/arm-none-eabi/12.1.0/../../../../arm-none-eabi/lib/thumb/libg.a(lib_a-fvwrite.o)
                0x000000000201a5b8                __sfvwrite_r
 .text._findenv_r
                0x000000000201a8ec       0x94 /opt/devkitpro/devkitARM/bin/../lib/gcc/arm-none-eabi/12.1.0/../../../../arm-none-eabi/lib/thumb/libg.a(lib_a-getenv_r.o)
                0x000000000201a8ec                _findenv_r
 .text._getenv_r
                0x000000000201a980       0x10 /opt/devkitpro/devkitARM/bin/../lib/gcc/arm-none-eabi/12.1.0/../../../../arm-none-eabi/lib/thumb/libg.a(lib_a-getenv_r.o)
                0x000000000201a980                _getenv_r
 .text.__gettzinfo
                0x000000000201a990        0x8 /opt/devkitpro/devkitARM/bin/../lib/gcc/arm-none-eabi/12.1.0/../../../../arm-none-eabi/lib/thumb/libg.a(lib_a-gettzinfo.o)
                0x000000000201a990                __gettzinfo
 .text.gmtime_r
                0x000000000201a998      0x1c0 /opt/devkitpro/devkitARM/bin/../lib/gcc/arm-none-eabi/12.1.0/../../../../arm-none-eabi/lib/thumb/libg.a(lib_a-gmtime_r.o)
                0x000000000201a998                gmtime_r
 .text.iswspace
                0x000000000201ab58       0x10 /opt/devkitpro/devkitARM/bin/../lib/gcc/arm-none-eabi/12.1.0/../../../../arm-none-eabi/lib/thumb/libg.a(lib_a-iswspace.o)
                0x000000000201ab58                iswspace
 .text._localeconv_r
                0x000000000201ab68        0x8 /opt/devkitpro/devkitARM/bin/../lib/gcc/arm-none-eabi/12.1.0/../../../../arm-none-eabi/lib/thumb/libg.a(lib_a-localeconv.o)
                0x000000000201ab68                _localeconv_r
 .text._mbsnrtowcs_r
                0x000000000201ab70       0xb8 /opt/devkitpro/devkitARM/bin/../lib/gcc/arm-none-eabi/12.1.0/../../../../arm-none-eabi/lib/thumb/libg.a(lib_a-mbsnrtowcs.o)
                0x000000000201ab70                _mbsnrtowcs_r
 .text.memchr   0x000000000201ac28       0x78 /opt/devkitpro/devkitARM/bin/../lib/gcc/arm-none-eabi/12.1.0/../../../../arm-none-eabi/lib/thumb/libg.a(lib_a-memchr-stub.o)
                0x000000000201ac28                memchr
 .text._Balloc  0x000000000201aca0       0x54 /opt/devkitpro/devkitARM/bin/../lib/gcc/arm-none-eabi/12.1.0/../../../../arm-none-eabi/lib/thumb/libg.a(lib_a-mprec.o)
                0x000000000201aca0                _Balloc
 .text._Bfree   0x000000000201acf4       0x14 /opt/devkitpro/devkitARM/bin/../lib/gcc/arm-none-eabi/12.1.0/../../../../arm-none-eabi/lib/thumb/libg.a(lib_a-mprec.o)
                0x000000000201acf4                _Bfree
 .text.__multadd
                0x000000000201ad08       0xac /opt/devkitpro/devkitARM/bin/../lib/gcc/arm-none-eabi/12.1.0/../../../../arm-none-eabi/lib/thumb/libg.a(lib_a-mprec.o)
                0x000000000201ad08                __multadd
 .text.__hi0bits
                0x000000000201adb4       0x4c /opt/devkitpro/devkitARM/bin/../lib/gcc/arm-none-eabi/12.1.0/../../../../arm-none-eabi/lib/thumb/libg.a(lib_a-mprec.o)
                0x000000000201adb4                __hi0bits
 .text.__lo0bits
                0x000000000201ae00       0x5c /opt/devkitpro/devkitARM/bin/../lib/gcc/arm-none-eabi/12.1.0/../../../../arm-none-eabi/lib/thumb/libg.a(lib_a-mprec.o)
                0x000000000201ae00                __lo0bits
 .text.__i2b    0x000000000201ae5c       0x64 /opt/devkitpro/devkitARM/bin/../lib/gcc/arm-none-eabi/12.1.0/../../../../arm-none-eabi/lib/thumb/libg.a(lib_a-mprec.o)
                0x000000000201ae5c                __i2b
 .text.__multiply
                0x000000000201aec0      0x1b4 /opt/devkitpro/devkitARM/bin/../lib/gcc/arm-none-eabi/12.1.0/../../../../arm-none-eabi/lib/thumb/libg.a(lib_a-mprec.o)
                0x000000000201aec0                __multiply
 .text.__pow5mult
                0x000000000201b074       0xd4 /opt/devkitpro/devkitARM/bin/../lib/gcc/arm-none-eabi/12.1.0/../../../../arm-none-eabi/lib/thumb/libg.a(lib_a-mprec.o)
                0x000000000201b074                __pow5mult
 .text.__lshift
                0x000000000201b148      0x100 /opt/devkitpro/devkitARM/bin/../lib/gcc/arm-none-eabi/12.1.0/../../../../arm-none-eabi/lib/thumb/libg.a(lib_a-mprec.o)
                0x000000000201b148                __lshift
 .text.__mcmp   0x000000000201b248       0x40 /opt/devkitpro/devkitARM/bin/../lib/gcc/arm-none-eabi/12.1.0/../../../../arm-none-eabi/lib/thumb/libg.a(lib_a-mprec.o)
                0x000000000201b248                __mcmp
 .text.__mdiff  0x000000000201b288      0x1a8 /opt/devkitpro/devkitARM/bin/../lib/gcc/arm-none-eabi/12.1.0/../../../../arm-none-eabi/lib/thumb/libg.a(lib_a-mprec.o)
                0x000000000201b288                __mdiff
 .text.__d2b    0x000000000201b430       0xd0 /opt/devkitpro/devkitARM/bin/../lib/gcc/arm-none-eabi/12.1.0/../../../../arm-none-eabi/lib/thumb/libg.a(lib_a-mprec.o)
                0x000000000201b430                __d2b
 .text.__sccl   0x000000000201b500       0x90 /opt/devkitpro/devkitARM/bin/../lib/gcc/arm-none-eabi/12.1.0/../../../../arm-none-eabi/lib/thumb/libg.a(lib_a-sccl.o)
                0x000000000201b500                __sccl
 .text.frexp    0x000000000201b590       0x6c /opt/devkitpro/devkitARM/bin/../lib/gcc/arm-none-eabi/12.1.0/../../../../arm-none-eabi/lib/thumb/libg.a(lib_a-s_frexp.o)
                0x000000000201b590                frexp
 .text._strtoll_l.constprop.0
                0x000000000201b5fc      0x1a0 /opt/devkitpro/devkitARM/bin/../lib/gcc/arm-none-eabi/12.1.0/../../../../arm-none-eabi/lib/thumb/libg.a(lib_a-strtoll.o)
 .text._strtoll_r
                0x000000000201b79c        0xc /opt/devkitpro/devkitARM/bin/../lib/gcc/arm-none-eabi/12.1.0/../../../../arm-none-eabi/lib/thumb/libg.a(lib_a-strtoll.o)
                0x000000000201b79c                _strtoll_r
 .text._strtoull_l.constprop.0
                0x000000000201b7a8      0x1bc /opt/devkitpro/devkitARM/bin/../lib/gcc/arm-none-eabi/12.1.0/../../../../arm-none-eabi/lib/thumb/libg.a(lib_a-strtoull.o)
 .text._strtoull_r
                0x000000000201b964        0xc /opt/devkitpro/devkitARM/bin/../lib/gcc/arm-none-eabi/12.1.0/../../../../arm-none-eabi/lib/thumb/libg.a(lib_a-strtoull.o)
                0x000000000201b964                _strtoull_r
 .text._strtoul_l.constprop.0
                0x000000000201b970      0x144 /opt/devkitpro/devkitARM/bin/../lib/gcc/arm-none-eabi/12.1.0/../../../../arm-none-eabi/lib/thumb/libg.a(lib_a-strtoul.o)
 .text._strtoul_r
                0x000000000201bab4        0xc /opt/devkitpro/devkitARM/bin/../lib/gcc/arm-none-eabi/12.1.0/../../../../arm-none-eabi/lib/thumb/libg.a(lib_a-strtoul.o)
                0x000000000201bab4                _strtoul_r
 .text.strtoul  0x000000000201bac0       0x1c /opt/devkitpro/devkitARM/bin/../lib/gcc/arm-none-eabi/12.1.0/../../../../arm-none-eabi/lib/thumb/libg.a(lib_a-strtoul.o)
                0x000000000201bac0                strtoul
 .text.__ssprint_r
                0x000000000201badc      0x120 /opt/devkitpro/devkitARM/bin/../lib/gcc/arm-none-eabi/12.1.0/../../../../arm-none-eabi/lib/thumb/libg.a(lib_a-svfiprintf.o)
                0x000000000201badc                __ssprint_r
 .text.towctrans
                0x000000000201bbfc       0x28 /opt/devkitpro/devkitARM/bin/../lib/gcc/arm-none-eabi/12.1.0/../../../../arm-none-eabi/lib/thumb/libg.a(lib_a-towctrans.o)
                0x000000000201bbfc                towctrans
 .text._wcsnrtombs_l
                0x000000000201bc24      0x11c /opt/devkitpro/devkitARM/bin/../lib/gcc/arm-none-eabi/12.1.0/../../../../arm-none-eabi/lib/thumb/libg.a(lib_a-wcsnrtombs.o)
                0x000000000201bc24                _wcsnrtombs_l
 .text._wcsnrtombs_r
                0x000000000201bd40       0x30 /opt/devkitpro/devkitARM/bin/../lib/gcc/arm-none-eabi/12.1.0/../../../../arm-none-eabi/lib/thumb/libg.a(lib_a-wcsnrtombs.o)
                0x000000000201bd40                _wcsnrtombs_r
 .text.__assert_func
                0x000000000201bd70       0x40 /opt/devkitpro/devkitARM/bin/../lib/gcc/arm-none-eabi/12.1.0/../../../../arm-none-eabi/lib/thumb/libg.a(lib_a-assert.o)
                0x000000000201bd70                __assert_func
 .text.__env_lock
                0x000000000201bdb0       0x14 /opt/devkitpro/devkitARM/bin/../lib/gcc/arm-none-eabi/12.1.0/../../../../arm-none-eabi/lib/thumb/libg.a(lib_a-envlock.o)
                0x000000000201bdb0                __env_lock
 .text.__env_unlock
                0x000000000201bdc4       0x14 /opt/devkitpro/devkitARM/bin/../lib/gcc/arm-none-eabi/12.1.0/../../../../arm-none-eabi/lib/thumb/libg.a(lib_a-envlock.o)
                0x000000000201bdc4                __env_unlock
 .text.fiprintf
                0x000000000201bdd8       0x28 /opt/devkitpro/devkitARM/bin/../lib/gcc/arm-none-eabi/12.1.0/../../../../arm-none-eabi/lib/thumb/libg.a(lib_a-fiprintf.o)
                0x000000000201bdd8                fiprintf
 .text.iswspace_l
                0x000000000201be00       0x2c /opt/devkitpro/devkitARM/bin/../lib/gcc/arm-none-eabi/12.1.0/../../../../arm-none-eabi/lib/thumb/libg.a(lib_a-iswspace_l.o)
                0x000000000201be00                iswspace_l
 .text.__jp2uc  0x000000000201be2c      0x14c /opt/devkitpro/devkitARM/bin/../lib/gcc/arm-none-eabi/12.1.0/../../../../arm-none-eabi/lib/thumb/libg.a(lib_a-jp2uc.o)
 .text._jp2uc_l
                0x000000000201bf78       0x6c /opt/devkitpro/devkitARM/bin/../lib/gcc/arm-none-eabi/12.1.0/../../../../arm-none-eabi/lib/thumb/libg.a(lib_a-jp2uc.o)
                0x000000000201bf78                _jp2uc_l
 .text._uc2jp_l
                0x000000000201bfe4       0x4c /opt/devkitpro/devkitARM/bin/../lib/gcc/arm-none-eabi/12.1.0/../../../../arm-none-eabi/lib/thumb/libg.a(lib_a-jp2uc.o)
                0x000000000201bfe4                _uc2jp_l
 .text.towctrans_l
                0x000000000201c030      0x1b4 /opt/devkitpro/devkitARM/bin/../lib/gcc/arm-none-eabi/12.1.0/../../../../arm-none-eabi/lib/thumb/libg.a(lib_a-towctrans_l.o)
                0x000000000201c030                towctrans_l
 .text.abort    0x000000000201c1e4       0x10 /opt/devkitpro/devkitARM/bin/../lib/gcc/arm-none-eabi/12.1.0/../../../../arm-none-eabi/lib/thumb/libg.a(lib_a-abort.o)
                0x000000000201c1e4                abort
 .text.category
                0x000000000201c1f4       0x54 /opt/devkitpro/devkitARM/bin/../lib/gcc/arm-none-eabi/12.1.0/../../../../arm-none-eabi/lib/thumb/libg.a(lib_a-categories.o)
                0x000000000201c1f4                category
 .text._raise_r
                0x000000000201c248       0x60 /opt/devkitpro/devkitARM/bin/../lib/gcc/arm-none-eabi/12.1.0/../../../../arm-none-eabi/lib/thumb/libg.a(lib_a-signal.o)
                0x000000000201c248                _raise_r
 .text.raise    0x000000000201c2a8       0x14 /opt/devkitpro/devkitARM/bin/../lib/gcc/arm-none-eabi/12.1.0/../../../../arm-none-eabi/lib/thumb/libg.a(lib_a-signal.o)
                0x000000000201c2a8                raise
 .text.null_write
                0x000000000201c2bc        0x4 /opt/devkitpro/devkitARM/bin/../lib/gcc/arm-none-eabi/12.1.0/../../../../arm-none-eabi/lib/thumb/libsysbase.a(iosupport.o)
 .text.setDefaultDevice
                0x000000000201c2c0       0x10 /opt/devkitpro/devkitARM/bin/../lib/gcc/arm-none-eabi/12.1.0/../../../../arm-none-eabi/lib/thumb/libsysbase.a(iosupport.o)
                0x000000000201c2c0                setDefaultDevice
 .text.FindDevice
                0x000000000201c2d0       0x98 /opt/devkitpro/devkitARM/bin/../lib/gcc/arm-none-eabi/12.1.0/../../../../arm-none-eabi/lib/thumb/libsysbase.a(iosupport.o)
                0x000000000201c2d0                FindDevice
 .text.AddDevice
                0x000000000201c368       0x78 /opt/devkitpro/devkitARM/bin/../lib/gcc/arm-none-eabi/12.1.0/../../../../arm-none-eabi/lib/thumb/libsysbase.a(iosupport.o)
                0x000000000201c368                AddDevice
 .text.GetDeviceOpTab
                0x000000000201c3e0       0x20 /opt/devkitpro/devkitARM/bin/../lib/gcc/arm-none-eabi/12.1.0/../../../../arm-none-eabi/lib/thumb/libsysbase.a(iosupport.o)
                0x000000000201c3e0                GetDeviceOpTab
 .text._fstat_r
                0x000000000201c400       0x4c /opt/devkitpro/devkitARM/bin/../lib/gcc/arm-none-eabi/12.1.0/../../../../arm-none-eabi/lib/thumb/libsysbase.a(fstat.o)
                0x000000000201c400                _fstat_r
 .text._getpid_r
                0x000000000201c44c        0xc /opt/devkitpro/devkitARM/bin/../lib/gcc/arm-none-eabi/12.1.0/../../../../arm-none-eabi/lib/thumb/libsysbase.a(getpid.o)
                0x000000000201c44c                _getpid_r
 .text._gettimeofday_r
                0x000000000201c458       0x20 /opt/devkitpro/devkitARM/bin/../lib/gcc/arm-none-eabi/12.1.0/../../../../arm-none-eabi/lib/thumb/libsysbase.a(gettod.o)
                0x000000000201c458                _gettimeofday_r
 .text._isatty_r
                0x000000000201c478        0x4 /opt/devkitpro/devkitARM/bin/../lib/gcc/arm-none-eabi/12.1.0/../../../../arm-none-eabi/lib/thumb/libsysbase.a(isatty.o)
                0x000000000201c478                _isatty_r
 .text._kill_r  0x000000000201c47c        0xc /opt/devkitpro/devkitARM/bin/../lib/gcc/arm-none-eabi/12.1.0/../../../../arm-none-eabi/lib/thumb/libsysbase.a(kill.o)
                0x000000000201c47c                _kill_r
 .text._lseek_r
                0x000000000201c488       0x5c /opt/devkitpro/devkitARM/bin/../lib/gcc/arm-none-eabi/12.1.0/../../../../arm-none-eabi/lib/thumb/libsysbase.a(lseek.o)
                0x000000000201c488                _lseek_r
 .text._open_r  0x000000000201c4e4       0x98 /opt/devkitpro/devkitARM/bin/../lib/gcc/arm-none-eabi/12.1.0/../../../../arm-none-eabi/lib/thumb/libsysbase.a(open.o)
                0x000000000201c4e4                _open_r
 .text._read_r  0x000000000201c57c       0x50 /opt/devkitpro/devkitARM/bin/../lib/gcc/arm-none-eabi/12.1.0/../../../../arm-none-eabi/lib/thumb/libsysbase.a(read.o)
                0x000000000201c57c                _read_r
 .text._sbrk_r  0x000000000201c5cc       0x54 /opt/devkitpro/devkitARM/bin/../lib/gcc/arm-none-eabi/12.1.0/../../../../arm-none-eabi/lib/thumb/libsysbase.a(sbrk.o)
                0x000000000201c5cc                _sbrk_r
 .text._write_r
                0x000000000201c620       0x50 /opt/devkitpro/devkitARM/bin/../lib/gcc/arm-none-eabi/12.1.0/../../../../arm-none-eabi/lib/thumb/libsysbase.a(write.o)
                0x000000000201c620                _write_r
 .text._exit    0x000000000201c670       0x14 /opt/devkitpro/devkitARM/bin/../lib/gcc/arm-none-eabi/12.1.0/../../../../arm-none-eabi/lib/thumb/libsysbase.a(_exit.o)
                0x000000000201c670                _exit
 .text._concatenate_path
                0x000000000201c684      0x120 /opt/devkitpro/devkitARM/bin/../lib/gcc/arm-none-eabi/12.1.0/../../../../arm-none-eabi/lib/thumb/libsysbase.a(chdir.o)
                0x000000000201c684                _concatenate_path
 .text.chdir    0x000000000201c7a4       0xe4 /opt/devkitpro/devkitARM/bin/../lib/gcc/arm-none-eabi/12.1.0/../../../../arm-none-eabi/lib/thumb/libsysbase.a(chdir.o)
                0x000000000201c7a4                chdir
 .text.getcwd   0x000000000201c888       0x5c /opt/devkitpro/devkitARM/bin/../lib/gcc/arm-none-eabi/12.1.0/../../../../arm-none-eabi/lib/thumb/libsysbase.a(chdir.o)
                0x000000000201c888                getcwd
 .text.build_argv
                0x000000000201c8e4       0x4c /opt/devkitpro/devkitARM/bin/../lib/gcc/arm-none-eabi/12.1.0/../../../../arm-none-eabi/lib/thumb/libsysbase.a(build_argv.o)
                0x000000000201c8e4                build_argv
 .text.__flockfile
                0x000000000201c930       0x10 /opt/devkitpro/devkitARM/bin/../lib/gcc/arm-none-eabi/12.1.0/../../../../arm-none-eabi/lib/thumb/libsysbase.a(flock.o)
                0x000000000201c930                __flockfile
 .text.__funlockfile
                0x000000000201c940       0x10 /opt/devkitpro/devkitARM/bin/../lib/gcc/arm-none-eabi/12.1.0/../../../../arm-none-eabi/lib/thumb/libsysbase.a(flock.o)
                0x000000000201c940                __funlockfile
 .text.__release_handle
                0x000000000201c950       0x68 /opt/devkitpro/devkitARM/bin/../lib/gcc/arm-none-eabi/12.1.0/../../../../arm-none-eabi/lib/thumb/libsysbase.a(handle_manager.o)
                0x000000000201c950                __release_handle
 .text.__alloc_handle
                0x000000000201c9b8       0x7c /opt/devkitpro/devkitARM/bin/../lib/gcc/arm-none-eabi/12.1.0/../../../../arm-none-eabi/lib/thumb/libsysbase.a(handle_manager.o)
                0x000000000201c9b8                __alloc_handle
 .text.__get_handle
                0x000000000201ca34       0x34 /opt/devkitpro/devkitARM/bin/../lib/gcc/arm-none-eabi/12.1.0/../../../../arm-none-eabi/lib/thumb/libsysbase.a(handle_manager.o)
                0x000000000201ca34                __get_handle
 .text._close_r
                0x000000000201ca68       0xb8 /opt/devkitpro/devkitARM/bin/../lib/gcc/arm-none-eabi/12.1.0/../../../../arm-none-eabi/lib/thumb/libsysbase.a(handle_manager.o)
                0x000000000201ca68                _close_r
 .text.__getreent
                0x000000000201cb20       0x20 /opt/devkitpro/devkitARM/bin/../lib/gcc/arm-none-eabi/12.1.0/../../../../arm-none-eabi/lib/thumb/libsysbase.a(getreent.o)
                0x000000000201cb20                __getreent
 .text.__libc_lock_acquire
                0x000000000201cb40       0x18 /opt/devkitpro/devkitARM/bin/../lib/gcc/arm-none-eabi/12.1.0/../../../../arm-none-eabi/lib/thumb/libsysbase.a(syscall_support.o)
                0x000000000201cb40                __libc_lock_acquire
 .text.__libc_lock_release
                0x000000000201cb58       0x18 /opt/devkitpro/devkitARM/bin/../lib/gcc/arm-none-eabi/12.1.0/../../../../arm-none-eabi/lib/thumb/libsysbase.a(syscall_support.o)
                0x000000000201cb58                __libc_lock_release
 .text.__libc_lock_init_recursive
                0x000000000201cb70       0x18 /opt/devkitpro/devkitARM/bin/../lib/gcc/arm-none-eabi/12.1.0/../../../../arm-none-eabi/lib/thumb/libsysbase.a(syscall_support.o)
                0x000000000201cb70                __libc_lock_init_recursive
 .text.__libc_lock_acquire_recursive
                0x000000000201cb88       0x18 /opt/devkitpro/devkitARM/bin/../lib/gcc/arm-none-eabi/12.1.0/../../../../arm-none-eabi/lib/thumb/libsysbase.a(syscall_support.o)
                0x000000000201cb88                __libc_lock_acquire_recursive
 .text.__libc_lock_release_recursive
                0x000000000201cba0       0x18 /opt/devkitpro/devkitARM/bin/../lib/gcc/arm-none-eabi/12.1.0/../../../../arm-none-eabi/lib/thumb/libsysbase.a(syscall_support.o)
                0x000000000201cba0                __libc_lock_release_recursive
 .text.__libc_lock_close_recursive
                0x000000000201cbb8       0x18 /opt/devkitpro/devkitARM/bin/../lib/gcc/arm-none-eabi/12.1.0/../../../../arm-none-eabi/lib/thumb/libsysbase.a(syscall_support.o)
                0x000000000201cbb8                __libc_lock_close_recursive
 .text.__libc_lock_close_recursive.__stub
                0x000000000201cbd0      0x110 linker stubs
 *(EXCLUDE_FILE(*.twl*) .gnu.warning)
 *(EXCLUDE_FILE(*.twl*) .gnu.linkonce.t*)
 *(.glue_7)
 .glue_7        0x000000000201ccf0        0x0 linker stubs
 *(.glue_7t)
 .glue_7t       0x000000000201ccf0        0x0 linker stubs
                0x000000000201ccf0                . = ALIGN (0x4)

.vfp11_veneer   0x000000000201ccf0        0x0
 .vfp11_veneer  0x000000000201ccf0        0x0 linker stubs

.v4_bx          0x000000000201ccf0        0x0
 .v4_bx         0x000000000201ccf0        0x0 linker stubs

.iplt           0x000000000201ccf0        0x0
 .iplt          0x000000000201ccf0        0x0 /opt/devkitpro/devkitARM/bin/../lib/gcc/arm-none-eabi/12.1.0/../../../../arm-none-eabi/lib/thumb/ds_arm9_crt0.o

.fini           0x000000000201ccf0        0xc
 *(.fini)
 .fini          0x000000000201ccf0        0x4 /opt/devkitpro/devkitARM/bin/../lib/gcc/arm-none-eabi/12.1.0/thumb/crti.o
                0x000000000201ccf0                _fini
 .fini          0x000000000201ccf4        0x8 /opt/devkitpro/devkitARM/bin/../lib/gcc/arm-none-eabi/12.1.0/thumb/crtn.o
                0x000000000201ccfc                __text_end = .

.rodata         0x000000000201cd00     0x9c44
 *(EXCLUDE_FILE(*.twl*) .rodata)
 .rodata        0x000000000201cd00        0x8 main.o
 .rodata        0x000000000201cd08       0x50 /home/gbaman/nds_projects/superball/test/nflib/lib/libnflib.a(nf_basic.o)
 *all.rodata*(*)
 *(EXCLUDE_FILE(*.twl*) .roda)
 *(EXCLUDE_FILE(*.twl*) .rodata.*)
 .rodata.str1.4
                0x000000000201cd58       0x30 main.o
 .rodata.str1.4
                0x000000000201cd88       0x27 /home/gbaman/nds_projects/superball/test/nflib/lib/libnflib.a(nf_2d.o)
 *fill*         0x000000000201cdaf        0x1 ff
 .rodata.str1.4
                0x000000000201cdb0      0x613 /home/gbaman/nds_projects/superball/test/nflib/lib/libnflib.a(nf_basic.o)
                                        0x627 (size before relaxing)
 *fill*         0x000000000201d3c3        0x1 ff
 .rodata.str1.4
                0x000000000201d3c4       0x70 /home/gbaman/nds_projects/superball/test/nflib/lib/libnflib.a(nf_sprite256.o)
                                         0x7b (size before relaxing)
 .rodata.nitroFSInit.str1.4
                0x000000000201d434        0x8 /opt/devkitpro/libnds/lib/libfilesystem.a(nitrofs.o)
 .rodata.str1.4
                0x000000000201d434        0xe /opt/devkitpro/libnds/lib/libfilesystem.a(nitrofs.o)
 *fill*         0x000000000201d442        0x2 ff
 .rodata.fatMount.part.0.str1.4
                0x000000000201d444        0x2 /opt/devkitpro/libnds/lib/libfat.a(libfat.o)
 *fill*         0x000000000201d446        0x2 ff
 .rodata.fatInit.str1.4
                0x000000000201d448        0x3 /opt/devkitpro/libnds/lib/libfat.a(libfat.o)
 *fill*         0x000000000201d44b        0x1 ff
 .rodata.str1.4
                0x000000000201d44c        0x4 /opt/devkitpro/libnds/lib/libfat.a(libfat.o)
 .rodata.dotab_fat
                0x000000000201d450       0x70 /opt/devkitpro/libnds/lib/libfat.a(libfat.o)
 .rodata.str1.4
                0x000000000201d4c0        0x3 /opt/devkitpro/libnds/lib/libfat.a(disc.o)
                                          0x8 (size before relaxing)
 *fill*         0x000000000201d4c3        0x1 ff
 .rodata._FAT_disc_interfaces
                0x000000000201d4c4       0x18 /opt/devkitpro/libnds/lib/libfat.a(disc.o)
                0x000000000201d4c4                _FAT_disc_interfaces
 .rodata._FAT_directory_entryFromPath.str1.4
                0x000000000201d4dc        0x7 /opt/devkitpro/libnds/lib/libfat.a(directory.o)
 .rodata.ILLEGAL_ALIAS_CHARACTERS
                0x000000000201d4dc       0x12 /opt/devkitpro/libnds/lib/libfat.a(directory.o)
 *fill*         0x000000000201d4ee        0x2 ff
 .rodata.ILLEGAL_LFN_CHARACTERS
                0x000000000201d4f0        0xa /opt/devkitpro/libnds/lib/libfat.a(directory.o)
 *fill*         0x000000000201d4fa        0x2 ff
 .rodata.LFN_offset_table
                0x000000000201d4fc       0x34 /opt/devkitpro/libnds/lib/libfat.a(directory.o)
 .rodata.FAT_SIG
                0x000000000201d530        0x3 /opt/devkitpro/libnds/lib/libfat.a(partition.o)
 *fill*         0x000000000201d533        0x1 ff
 .rodata.FS_TWL_SIG
                0x000000000201d534        0x8 /opt/devkitpro/libnds/lib/libfat.a(partition.o)
 .rodata.con_write.str1.4
                0x000000000201d53c       0x30 /opt/devkitpro/libnds/lib/libnds9.a(console.o)
 .rodata.con_write
                0x000000000201d56c       0xd4 /opt/devkitpro/libnds/lib/libnds9.a(console.o)
 .rodata.consoleClear.str1.4
                0x000000000201d640        0x5 /opt/devkitpro/libnds/lib/libnds9.a(console.o)
 *fill*         0x000000000201d645        0x3 ff
 .rodata.str1.4
                0x000000000201d648       0x14 /opt/devkitpro/libnds/lib/libnds9.a(console.o)
 .rodata.dotab_stdout
                0x000000000201d65c       0x70 /opt/devkitpro/libnds/lib/libnds9.a(console.o)
 .rodata.default_font_bin
                0x000000000201d6cc     0x2000 /opt/devkitpro/libnds/lib/libnds9.a(default_font.bin.o)
                0x000000000201d6cc                default_font_bin
                0x000000000201f6cc                default_font_bin_end
 .rodata.SIN_LUT
                0x000000000201f6cc      0x102 /opt/devkitpro/libnds/lib/libnds9.a(trig.o)
                0x000000000201f6cc                SIN_LUT
 *fill*         0x000000000201f7ce        0x2 ff
 .rodata._ctype_
                0x000000000201f7d0      0x101 /opt/devkitpro/devkitARM/bin/../lib/gcc/arm-none-eabi/12.1.0/../../../../arm-none-eabi/lib/thumb/libg.a(lib_a-ctype_.o)
                0x000000000201f7d0                _ctype_
 *fill*         0x000000000201f8d1        0x3 ff
 .rodata._global_impure_ptr
                0x000000000201f8d4        0x4 /opt/devkitpro/devkitARM/bin/../lib/gcc/arm-none-eabi/12.1.0/../../../../arm-none-eabi/lib/thumb/libg.a(lib_a-impure.o)
                0x000000000201f8d4                _global_impure_ptr
 .rodata.str1.4
                0x000000000201f8d8       0x44 /opt/devkitpro/devkitARM/bin/../lib/gcc/arm-none-eabi/12.1.0/../../../../arm-none-eabi/lib/thumb/libg.a(lib_a-locale.o)
                                         0x4c (size before relaxing)
 .rodata._mbrtowc_r.str1.4
                0x000000000201f91c        0x1 /opt/devkitpro/devkitARM/bin/../lib/gcc/arm-none-eabi/12.1.0/../../../../arm-none-eabi/lib/thumb/libg.a(lib_a-mbrtowc.o)
 .rodata._DAYS_BEFORE_MONTH
                0x000000000201f91c       0x30 /opt/devkitpro/devkitARM/bin/../lib/gcc/arm-none-eabi/12.1.0/../../../../arm-none-eabi/lib/thumb/libg.a(lib_a-mktime.o)
 .rodata.DAYS_IN_MONTH
                0x000000000201f94c       0x30 /opt/devkitpro/devkitARM/bin/../lib/gcc/arm-none-eabi/12.1.0/../../../../arm-none-eabi/lib/thumb/libg.a(lib_a-mktime.o)
 .rodata.__month_lengths
                0x000000000201f97c       0x60 /opt/devkitpro/devkitARM/bin/../lib/gcc/arm-none-eabi/12.1.0/../../../../arm-none-eabi/lib/thumb/libg.a(lib_a-month_lengths.o)
                0x000000000201f97c                __month_lengths
 .rodata.basefix.0
                0x000000000201f9dc       0x22 /opt/devkitpro/devkitARM/bin/../lib/gcc/arm-none-eabi/12.1.0/../../../../arm-none-eabi/lib/thumb/libg.a(lib_a-svfiscanf.o)
 .rodata._svfprintf_r.str1.1
                0x000000000201f9fe       0x3b /opt/devkitpro/devkitARM/bin/../lib/gcc/arm-none-eabi/12.1.0/../../../../arm-none-eabi/lib/thumb/libg.a(lib_a-svfprintf.o)
 *fill*         0x000000000201fa39        0x3 ff
 .rodata.zeroes.0
                0x000000000201fa3c       0x10 /opt/devkitpro/devkitARM/bin/../lib/gcc/arm-none-eabi/12.1.0/../../../../arm-none-eabi/lib/thumb/libg.a(lib_a-svfprintf.o)
 .rodata.blanks.1
                0x000000000201fa4c       0x10 /opt/devkitpro/devkitARM/bin/../lib/gcc/arm-none-eabi/12.1.0/../../../../arm-none-eabi/lib/thumb/libg.a(lib_a-svfprintf.o)
 .rodata._tzset_unlocked_r.str1.4
                0x000000000201fa5c       0x53 /opt/devkitpro/devkitARM/bin/../lib/gcc/arm-none-eabi/12.1.0/../../../../arm-none-eabi/lib/thumb/libg.a(lib_a-tzset_r.o)
 .rodata.str1.4
                0x000000000201faaf        0x4 /opt/devkitpro/devkitARM/bin/../lib/gcc/arm-none-eabi/12.1.0/../../../../arm-none-eabi/lib/thumb/libg.a(lib_a-tzvars.o)
 .rodata._vfiprintf_r.str1.1
                0x000000000201faaf       0x29 /opt/devkitpro/devkitARM/bin/../lib/gcc/arm-none-eabi/12.1.0/../../../../arm-none-eabi/lib/thumb/libg.a(lib_a-vfiprintf.o)
 *fill*         0x000000000201faaf        0x1 ff
 .rodata.zeroes.0
                0x000000000201fab0       0x10 /opt/devkitpro/devkitARM/bin/../lib/gcc/arm-none-eabi/12.1.0/../../../../arm-none-eabi/lib/thumb/libg.a(lib_a-vfiprintf.o)
 .rodata.blanks.1
                0x000000000201fac0       0x10 /opt/devkitpro/devkitARM/bin/../lib/gcc/arm-none-eabi/12.1.0/../../../../arm-none-eabi/lib/thumb/libg.a(lib_a-vfiprintf.o)
 .rodata._dtoa_r.str1.4
                0x000000000201fad0       0x6d /opt/devkitpro/devkitARM/bin/../lib/gcc/arm-none-eabi/12.1.0/../../../../arm-none-eabi/lib/thumb/libg.a(lib_a-dtoa.o)
 *fill*         0x000000000201fb3d        0x3 ff
 .rodata.__multadd.str1.4
                0x000000000201fb40       0x46 /opt/devkitpro/devkitARM/bin/../lib/gcc/arm-none-eabi/12.1.0/../../../../arm-none-eabi/lib/thumb/libg.a(lib_a-mprec.o)
                                         0x5a (size before relaxing)
 *fill*         0x000000000201fb86        0x2 ff
 .rodata.p05.0  0x000000000201fb88        0xc /opt/devkitpro/devkitARM/bin/../lib/gcc/arm-none-eabi/12.1.0/../../../../arm-none-eabi/lib/thumb/libg.a(lib_a-mprec.o)
 *fill*         0x000000000201fb94        0x4 ff
 .rodata.__mprec_bigtens
                0x000000000201fb98       0x28 /opt/devkitpro/devkitARM/bin/../lib/gcc/arm-none-eabi/12.1.0/../../../../arm-none-eabi/lib/thumb/libg.a(lib_a-mprec.o)
                0x000000000201fb98                __mprec_bigtens
 .rodata.__mprec_tens
                0x000000000201fbc0       0xc8 /opt/devkitpro/devkitARM/bin/../lib/gcc/arm-none-eabi/12.1.0/../../../../arm-none-eabi/lib/thumb/libg.a(lib_a-mprec.o)
                0x000000000201fbc0                __mprec_tens
 .rodata.__action_table
                0x000000000201fc88       0x6c /opt/devkitpro/devkitARM/bin/../lib/gcc/arm-none-eabi/12.1.0/../../../../arm-none-eabi/lib/thumb/libg.a(lib_a-svfiprintf.o)
                0x000000000201fc88                __action_table
 .rodata.__state_table
                0x000000000201fcf4       0x6c /opt/devkitpro/devkitARM/bin/../lib/gcc/arm-none-eabi/12.1.0/../../../../arm-none-eabi/lib/thumb/libg.a(lib_a-svfiprintf.o)
                0x000000000201fcf4                __state_table
 .rodata.__chclass
                0x000000000201fd60      0x100 /opt/devkitpro/devkitARM/bin/../lib/gcc/arm-none-eabi/12.1.0/../../../../arm-none-eabi/lib/thumb/libg.a(lib_a-svfiprintf.o)
                0x000000000201fd60                __chclass
 .rodata.__assert_func.str1.4
                0x000000000201fe60       0x3f /opt/devkitpro/devkitARM/bin/../lib/gcc/arm-none-eabi/12.1.0/../../../../arm-none-eabi/lib/thumb/libg.a(lib_a-assert.o)
                                         0x43 (size before relaxing)
 *fill*         0x000000000201fe9f        0x1 ff
 .rodata.__jp2uc
                0x000000000201fea0       0x20 /opt/devkitpro/devkitARM/bin/../lib/gcc/arm-none-eabi/12.1.0/../../../../arm-none-eabi/lib/thumb/libg.a(lib_a-jp2uc.o)
 .rodata._jp2uc_l.str1.4
                0x000000000201fec0       0x12 /opt/devkitpro/devkitARM/bin/../lib/gcc/arm-none-eabi/12.1.0/../../../../arm-none-eabi/lib/thumb/libg.a(lib_a-jp2uc.o)
 *fill*         0x000000000201fed2        0x2 ff
 .rodata.d02f4  0x000000000201fed4     0x1a7c /opt/devkitpro/devkitARM/bin/../lib/gcc/arm-none-eabi/12.1.0/../../../../arm-none-eabi/lib/thumb/libg.a(lib_a-jp2uc.o)
 .rodata.b02cf  0x0000000002021950     0x172a /opt/devkitpro/devkitARM/bin/../lib/gcc/arm-none-eabi/12.1.0/../../../../arm-none-eabi/lib/thumb/libg.a(lib_a-jp2uc.o)
 *fill*         0x000000000202307a        0x2 ff
 .rodata.a8     0x000000000202307c       0x40 /opt/devkitpro/devkitARM/bin/../lib/gcc/arm-none-eabi/12.1.0/../../../../arm-none-eabi/lib/thumb/libg.a(lib_a-jp2uc.o)
 .rodata.a7     0x00000000020230bc       0xa2 /opt/devkitpro/devkitARM/bin/../lib/gcc/arm-none-eabi/12.1.0/../../../../arm-none-eabi/lib/thumb/libg.a(lib_a-jp2uc.o)
 *fill*         0x000000000202315e        0x2 ff