Archive member included to satisfy reference by file (symbol)

/home/gbaman/nds_projects/superball/ball_movement_test/nflib/lib/libnflib.a(nf_2d.o)
                              main.o (NF_Set2D)
/home/gbaman/nds_projects/superball/ball_movement_test/nflib/lib/libnflib.a(nf_basic.o)
                              /home/gbaman/nds_projects/superball/ball_movement_test/nflib/lib/libnflib.a(nf_2d.o) (NF_Error)
/home/gbaman/nds_projects/superball/ball_movement_test/nflib/lib/libnflib.a(nf_sprite256.o)
                              main.o (NF_InitSpriteBuffers)
/home/gbaman/nds_projects/superball/ball_movement_test/nflib/lib/libnflib.a(nf_tiledbg.o)
                              /home/gbaman/nds_projects/superball/ball_movement_test/nflib/lib/libnflib.a(nf_2d.o) (NF_BUFFER_BGMAP)
/opt/devkitpro/libnds/lib/libfilesystem.a(nitrofs.o)
                              /home/gbaman/nds_projects/superball/ball_movement_test/nflib/lib/libnflib.a(nf_basic.o) (nitroFSInit)
/opt/devkitpro/libnds/lib/libfat.a(libfat.o)
                              /home/gbaman/nds_projects/superball/ball_movement_test/nflib/lib/libnflib.a(nf_basic.o) (fatInitDefault)
/opt/devkitpro/libnds/lib/libfat.a(disc.o)
                              /opt/devkitpro/libnds/lib/libfat.a(libfat.o) (_FAT_disc_interfaces)
/opt/devkitpro/libnds/lib/libfat.a(fatfile.o)
                              /opt/devkitpro/libnds/lib/libfat.a(libfat.o) (_FAT_open_r)
/opt/devkitpro/libnds/lib/libfat.a(cache.o)
                              /opt/devkitpro/libnds/lib/libfat.a(fatfile.o) (_FAT_cache_readSectors)
/opt/devkitpro/libnds/lib/libfat.a(fatdir.o)
                              /opt/devkitpro/libnds/lib/libfat.a(libfat.o) (_FAT_stat_r)
/opt/devkitpro/libnds/lib/libfat.a(directory.o)
                              /opt/devkitpro/libnds/lib/libfat.a(fatfile.o) (_FAT_directory_entryGetCluster)
/opt/devkitpro/libnds/lib/libfat.a(partition.o)
                              /opt/devkitpro/libnds/lib/libfat.a(libfat.o) (_FAT_partition_destructor)
/opt/devkitpro/libnds/lib/libfat.a(lock.o)
                              /opt/devkitpro/libnds/lib/libfat.a(partition.o) (_FAT_lock_init)
/opt/devkitpro/libnds/lib/libfat.a(filetime.o)
                              /opt/devkitpro/libnds/lib/libfat.a(fatfile.o) (_FAT_filetime_getTimeFromRTC)
/opt/devkitpro/libnds/lib/libfat.a(file_allocation_table.o)
                              /opt/devkitpro/libnds/lib/libfat.a(fatfile.o) (_FAT_fat_nextCluster)
/opt/devkitpro/libnds/lib/libnds9.a(video.o)
                              /home/gbaman/nds_projects/superball/ball_movement_test/nflib/lib/libnflib.a(nf_basic.o) (setBrightness)
/opt/devkitpro/libnds/lib/libnds9.a(console.o)
                              /home/gbaman/nds_projects/superball/ball_movement_test/nflib/lib/libnflib.a(nf_basic.o) (consoleDemoInit)
/opt/devkitpro/libnds/lib/libnds9.a(sprite.o)
                              /home/gbaman/nds_projects/superball/ball_movement_test/nflib/lib/libnflib.a(nf_sprite256.o) (oamInit)
/opt/devkitpro/libnds/lib/libnds9.a(dldi.o)
                              /opt/devkitpro/libnds/lib/libfat.a(disc.o) (dldiGetInternal)
/opt/devkitpro/libnds/lib/libnds9.a(initSystem.o)
                              /opt/devkitpro/devkitARM/bin/../lib/gcc/arm-none-eabi/12.1.0/../../../../arm-none-eabi/lib/thumb/ds_arm9_crt0.o (initSystem)
/opt/devkitpro/libnds/lib/libnds9.a(securearea.o)
                              /opt/devkitpro/devkitARM/bin/../lib/gcc/arm-none-eabi/12.1.0/../../../../arm-none-eabi/lib/thumb/ds_arm9_crt0.o (__secure_area__)
/opt/devkitpro/libnds/lib/libnds9.a(interrupts.o)
                              /opt/devkitpro/libnds/lib/libnds9.a(initSystem.o) (irqInit)
/opt/devkitpro/libnds/lib/libnds9.a(libnds_exit.arm.o)
                              /opt/devkitpro/devkitARM/bin/../lib/gcc/arm-none-eabi/12.1.0/../../../../arm-none-eabi/lib/thumb/ds_arm9_crt0.o (__libnds_exit)
/opt/devkitpro/libnds/lib/libnds9.a(card.o)
                              /opt/devkitpro/libnds/lib/libfilesystem.a(nitrofs.o) (cardParamCommand)
/opt/devkitpro/libnds/lib/libnds9.a(fifosystem.o)
                              /opt/devkitpro/libnds/lib/libnds9.a(initSystem.o) (fifoSetValue32Handler)
/opt/devkitpro/libnds/lib/libnds9.a(dcache.o)
                              /home/gbaman/nds_projects/superball/ball_movement_test/nflib/lib/libnflib.a(nf_basic.o) (DC_FlushRange)
/opt/devkitpro/libnds/lib/libnds9.a(dldi_stub.o)
                              /opt/devkitpro/libnds/lib/libnds9.a(dldi.o) (_io_dldi_stub)
/opt/devkitpro/libnds/lib/libnds9.a(mpu_setup.o)
                              /opt/devkitpro/devkitARM/bin/../lib/gcc/arm-none-eabi/12.1.0/../../../../arm-none-eabi/lib/thumb/ds_arm9_crt0.o (__libnds_mpu_setup)
/opt/devkitpro/libnds/lib/libnds9.a(IntrWait.o)
                              main.o (swiWaitForVBlank)
/opt/devkitpro/libnds/lib/libnds9.a(cpu_clock.o)
                              /opt/devkitpro/libnds/lib/libnds9.a(initSystem.o) (setCpuClock)
[...]
Memory Configuration

Name             Origin             Length             Attributes
ewram            0x0000000002000000 0x0000000000380000
dtcm             0x0000000002ff0000 0x0000000000004000
vectors          0x0000000001000000 0x0000000000000100
itcm             0x0000000001000100 0x0000000000007f00
*default*        0x0000000000000000 0xffffffffffffffff

Linker script and memory map

                0x0000000002380000                __ewram_end = (ORIGIN (ewram) + LENGTH (ewram))
                0x0000000002380000                __eheap_end = (ORIGIN (ewram) + LENGTH (ewram))
                0x0000000002ff4000                __dtcm_top = (ORIGIN (dtcm) + LENGTH (dtcm))
                0x0000000002ff3ff8                __irq_flags = (__dtcm_top - 0x8)
                0x0000000002ff3ffc                __irq_vector = (__dtcm_top - 0x4)
                0x0000000002ff3f00                __sp_svc = (__dtcm_top - 0x100)
                0x0000000002ff3e00                __sp_irq = (__sp_svc - 0x100)
                0x0000000002ff3d00                __sp_usr = (__sp_irq - 0x100)

.secure         0x0000000002000000      0x800
 *(.secure)
 .secure        0x0000000002000000      0x800 /opt/devkitpro/libnds/lib/libnds9.a(securearea.o)
                0x0000000002000000                __secure_area__

.crt0           0x0000000002000800      0x300
                0x0000000002000800                __text_start = .
 *(.crt0)
 .crt0          0x0000000002000800      0x300 /opt/devkitpro/devkitARM/bin/../lib/gcc/arm-none-eabi/12.1.0/../../../../arm-none-eabi/lib/thumb/ds_arm9_crt0.o
                0x0000000002000800                _start
                0x0000000002000b00                . = ALIGN (0x4)

.plt
 *(.plt)

.init           0x0000000002000b00        0xc
 *(SORT_NONE(.init))
 .init          0x0000000002000b00        0x4 /opt/devkitpro/devkitARM/bin/../lib/gcc/arm-none-eabi/12.1.0/thumb/crti.o
                0x0000000002000b00                _init
 .init          0x0000000002000b04        0x8 /opt/devkitpro/devkitARM/bin/../lib/gcc/arm-none-eabi/12.1.0/thumb/crtn.o

.text           0x0000000002000b40    0x1b890
 *(EXCLUDE_FILE(*.twl* *.vectors* *.itcm*) .text)
 .text          0x0000000002000b40      0x808 /home/gbaman/nds_projects/superball/ball_movement_test/nflib/lib/libnflib.a(nf_2d.o)
                0x0000000002000b40                NF_Set2D
                0x0000000002000ba4                NF_ShowBg
                0x0000000002000c18                NF_HideBg
                0x0000000002000cb4                NF_ScrollBg
                0x0000000002000ff8                NF_MoveSprite
                0x0000000002001018                NF_SpriteLayer
                0x0000000002001034                NF_ShowSprite
                0x0000000002001054                NF_HflipSprite
                0x0000000002001070                NF_GetSpriteHflip
                0x000000000200108c                NF_VflipSprite
                0x00000000020010a8                NF_GetSpriteVflip
                0x00000000020010c4                NF_SpriteFrame
                0x0000000002001190                NF_EnableSpriteRotScale
                0x0000000002001230                NF_DisableSpriteRotScale
                0x00000000020012a4                NF_SpriteRotScale
 .text          0x0000000002001348      0x498 /home/gbaman/nds_projects/superball/ball_movement_test/nflib/lib/libnflib.a(nf_basic.o)
                0x0000000002001348                NF_Error
                0x00000000020015f4                NF_SetRootFolder
                0x000000000200174c                NF_DmaMemCopy
                0x00000000020017d0                NF_GetLanguage
 .text          0x00000000020017e0     0x1350 /home/gbaman/nds_projects/superball/ball_movement_test/nflib/lib/libnflib.a(nf_sprite256.o)
                0x00000000020017e0                NF_InitSpriteBuffers
                0x000000000200183c                NF_ResetSpriteBuffers
                0x0000000002001870                NF_InitSpriteSys
                0x0000000002001a70                NF_LoadSpriteGfx
                0x0000000002001b98                NF_UnloadSpriteGfx
                0x0000000002001c14                NF_LoadSpritePal
                0x0000000002001d08                NF_UnloadSpritePal
                0x0000000002001d64                NF_VramSpriteGfx
                0x0000000002002088                NF_VramSpriteGfxDefrag
                0x00000000020022a8                NF_FreeSpriteGfx
                0x0000000002002398                NF_VramSpritePal
                0x000000000200247c                NF_CreateSprite
                0x00000000020027c0                NF_DeleteSprite
                0x0000000002002858                NF_SpriteOamSet
                0x000000000200291c                NF_SpriteSetPalColor
                0x00000000020029b4                NF_SpriteEditPalColor
                0x0000000002002a2c                NF_SpriteUpdatePalette
                0x0000000002002ac0                NF_SpriteGetPalColor
 *fill*         0x0000000002002b30       0x10 ff
 .text          0x0000000002002b40     0x4000 /opt/devkitpro/libnds/lib/libnds9.a(dldi_stub.o)
                0x0000000002002b40                _io_dldi_stub
 .text          0x0000000002006b40      0x11c /opt/devkitpro/devkitARM/bin/../lib/gcc/arm-none-eabi/12.1.0/thumb/libgcc.a(_udivsi3.o)
                0x0000000002006b40                __udivsi3
                0x0000000002006b40                __aeabi_uidiv
                0x0000000002006c3c                __aeabi_uidivmod
 .text          0x0000000002006c5c      0x150 /opt/devkitpro/devkitARM/bin/../lib/gcc/arm-none-eabi/12.1.0/thumb/libgcc.a(_divsi3.o)
                0x0000000002006c5c                __aeabi_idiv
                0x0000000002006c5c                __divsi3
                0x0000000002006d8c                __aeabi_idivmod
 .text          0x0000000002006dac        0x4 /opt/devkitpro/devkitARM/bin/../lib/gcc/arm-none-eabi/12.1.0/thumb/libgcc.a(_dvmd_tls.o)
                0x0000000002006dac                __aeabi_ldiv0
                0x0000000002006dac                __aeabi_idiv0
 .text          0x0000000002006db0       0xd4 /opt/devkitpro/devkitARM/bin/../lib/gcc/arm-none-eabi/12.1.0/thumb/libgcc.a(_aeabi_ldivmod.o)
                0x0000000002006db0                __aeabi_ldivmod
 .text          0x0000000002006e84       0x28 /opt/devkitpro/devkitARM/bin/../lib/gcc/arm-none-eabi/12.1.0/thumb/libgcc.a(_clzdi2.o)
                0x0000000002006e84                __clzdi2
 .text          0x0000000002006eac       0x48 /opt/devkitpro/devkitARM/bin/../lib/gcc/arm-none-eabi/12.1.0/thumb/libgcc.a(_clzsi2.o)
                0x0000000002006eac                __clzsi2
 .text          0x0000000002006ef4      0x224 /opt/devkitpro/devkitARM/bin/../lib/gcc/arm-none-eabi/12.1.0/../../../../arm-none-eabi/lib/thumb/libg.a(lib_a-strcmp.o)
                0x0000000002006ef4                strcmp
 .text          0x0000000002007118       0x14 /opt/devkitpro/devkitARM/bin/../lib/gcc/arm-none-eabi/12.1.0/thumb/libgcc.a(_thumb1_case_uqi.o)
                0x0000000002007118                __gnu_thumb1_case_uqi
 .text          0x000000000200712c       0x14 /opt/devkitpro/devkitARM/bin/../lib/gcc/arm-none-eabi/12.1.0/thumb/libgcc.a(_thumb1_case_uhi.o)
                0x000000000200712c                __gnu_thumb1_case_uhi
 .text          0x0000000002007140      0x424 /opt/devkitpro/devkitARM/bin/../lib/gcc/arm-none-eabi/12.1.0/thumb/libgcc.a(_arm_addsubdf3.o)
                0x0000000002007140                __aeabi_drsub
                0x0000000002007148                __aeabi_dsub
                0x0000000002007148                __subdf3
                0x000000000200714c                __adddf3
                0x000000000200714c                __aeabi_dadd
                0x000000000200745c                __aeabi_ui2d
                0x000000000200745c                __floatunsidf
                0x0000000002007480                __floatsidf
                0x0000000002007480                __aeabi_i2d
                0x00000000020074a8                __extendsfdf2
                0x00000000020074a8                __aeabi_f2d
                0x00000000020074f0                __aeabi_ul2d
                0x00000000020074f0                __floatundidf
                0x0000000002007504                __floatdidf
                0x0000000002007504                __aeabi_l2d
 .text          0x0000000002007564      0x49c /opt/devkitpro/devkitARM/bin/../lib/gcc/arm-none-eabi/12.1.0/thumb/libgcc.a(_arm_muldivdf3.o)
                0x0000000002007564                __aeabi_dmul
                0x0000000002007564                __muldf3
                0x00000000020077f4                __aeabi_ddiv
                0x00000000020077f4                __divdf3
 .text          0x0000000002007a00      0x144 /opt/devkitpro/devkitARM/bin/../lib/gcc/arm-none-eabi/12.1.0/thumb/libgcc.a(_arm_cmpdf2.o)
                0x0000000002007a00                __gtdf2
                0x0000000002007a00                __gedf2
                0x0000000002007a08                __ltdf2
                0x0000000002007a08                __ledf2
                0x0000000002007a10                __cmpdf2
                0x0000000002007a10                __eqdf2
                0x0000000002007a10                __nedf2
                0x0000000002007a98                __aeabi_cdrcmple
                0x0000000002007ab4                __aeabi_cdcmple
                0x0000000002007ab4                __aeabi_cdcmpeq
                0x0000000002007acc                __aeabi_dcmpeq
                0x0000000002007ae4                __aeabi_dcmplt
                0x0000000002007afc                __aeabi_dcmple
                0x0000000002007b14                __aeabi_dcmpge
                0x0000000002007b2c                __aeabi_dcmpgt
 .text          0x0000000002007b44       0x38 /opt/devkitpro/devkitARM/bin/../lib/gcc/arm-none-eabi/12.1.0/thumb/libgcc.a(_arm_unorddf2.o)
                0x0000000002007b44                __aeabi_dcmpun
                0x0000000002007b44                __unorddf2
 .text          0x0000000002007b7c       0x5c /opt/devkitpro/devkitARM/bin/../lib/gcc/arm-none-eabi/12.1.0/thumb/libgcc.a(_arm_fixdfsi.o)
                0x0000000002007b7c                __fixdfsi
                0x0000000002007b7c                __aeabi_d2iz
 .text          0x0000000002007bd8       0x3c /opt/devkitpro/devkitARM/bin/../lib/gcc/arm-none-eabi/12.1.0/thumb/libgcc.a(_aeabi_uldivmod.o)
                0x0000000002007bd8                __aeabi_uldivmod
 *(EXCLUDE_FILE(*.twl* *.vectors* *.itcm*) .stub)
 *(EXCLUDE_FILE(*.twl* *.vectors* *.itcm*) .text.*)
 .text.__do_global_dtors_aux
                0x0000000002007c14       0x2c /opt/devkitpro/devkitARM/bin/../lib/gcc/arm-none-eabi/12.1.0/thumb/crtbegin.o
 .text.frame_dummy
                0x0000000002007c40       0x24 /opt/devkitpro/devkitARM/bin/../lib/gcc/arm-none-eabi/12.1.0/thumb/crtbegin.o
 .text.startup  0x0000000002007c64       0xd8 main.o
                0x0000000002007c64                main
 .text.nitroFSDirClose
                0x0000000002007d3c        0x4 /opt/devkitpro/libnds/lib/libfilesystem.a(nitrofs.o)
 .text.nitroFSSeek
                0x0000000002007d40       0x78 /opt/devkitpro/libnds/lib/libfilesystem.a(nitrofs.o)
 .text.nitroFSFstat
                0x0000000002007db8       0x10 /opt/devkitpro/libnds/lib/libfilesystem.a(nitrofs.o)
 .text.nitroSubReadBlock
                0x0000000002007dc8       0x54 /opt/devkitpro/libnds/lib/libfilesystem.a(nitrofs.o)
 .text.nitroSubReadCard
                0x0000000002007e1c       0xb0 /opt/devkitpro/libnds/lib/libfilesystem.a(nitrofs.o)
 .text.nitroFSClose
                0x0000000002007ecc        0x4 /opt/devkitpro/libnds/lib/libfilesystem.a(nitrofs.o)
 .text.nitroDirReset
                0x0000000002007ed0       0x9c /opt/devkitpro/libnds/lib/libfilesystem.a(nitrofs.o)
 .text.nitroFSRead
                0x0000000002007f6c       0xbc /opt/devkitpro/libnds/lib/libfilesystem.a(nitrofs.o)
 .text.nitroFSDirNext
                0x0000000002008028      0x30c /opt/devkitpro/libnds/lib/libfilesystem.a(nitrofs.o)
 .text.nitroFSDirOpen
                0x0000000002008334       0xe0 /opt/devkitpro/libnds/lib/libfilesystem.a(nitrofs.o)
 .text.nitroFSChdir
                0x0000000002008414       0x30 /opt/devkitpro/libnds/lib/libfilesystem.a(nitrofs.o)
 .text.nitroFSOpen
                0x0000000002008444       0xc4 /opt/devkitpro/libnds/lib/libfilesystem.a(nitrofs.o)
 .text.nitroFSstat
                0x0000000002008508       0x68 /opt/devkitpro/libnds/lib/libfilesystem.a(nitrofs.o)
 .text.nitroFSInit
                0x0000000002008570      0x12c /opt/devkitpro/libnds/lib/libfilesystem.a(nitrofs.o)
                0x0000000002008570                nitroFSInit
 .text.fatMount.part.0
                0x000000000200869c       0xa0 /opt/devkitpro/libnds/lib/libfat.a(libfat.o)
 .text.fatMount
                0x000000000200873c       0x3c /opt/devkitpro/libnds/lib/libfat.a(libfat.o)
                0x000000000200873c                fatMount
 .text.fatInit  0x0000000002008778      0x130 /opt/devkitpro/libnds/lib/libfat.a(libfat.o)
                0x0000000002008778                fatInit
 .text.fatInitDefault
                0x00000000020088a8        0xc /opt/devkitpro/libnds/lib/libfat.a(libfat.o)
                0x00000000020088a8                fatInitDefault
 .text._FAT_check_position_for_next_cluster.part.0
                0x00000000020088b4       0x68 /opt/devkitpro/libnds/lib/libfat.a(fatfile.o)
 .text._FAT_syncToDisc.part.0
                0x000000000200891c       0xd4 /opt/devkitpro/libnds/lib/libfat.a(fatfile.o)
 .text._FAT_file_extend_r
                0x00000000020089f0      0x208 /opt/devkitpro/libnds/lib/libfat.a(fatfile.o)
 .text._FAT_open_r
                0x0000000002008bf8      0x2d4 /opt/devkitpro/libnds/lib/libfat.a(fatfile.o)
                0x0000000002008bf8                _FAT_open_r
 .text._FAT_close_r
                0x0000000002008ecc       0x74 /opt/devkitpro/libnds/lib/libfat.a(fatfile.o)
                0x0000000002008ecc                _FAT_close_r
 .text._FAT_read_r
                0x0000000002008f40      0x398 /opt/devkitpro/libnds/lib/libfat.a(fatfile.o)
                0x0000000002008f40                _FAT_read_r
 .text._FAT_write_r
                0x00000000020092d8      0x53c /opt/devkitpro/libnds/lib/libfat.a(fatfile.o)
                0x00000000020092d8                _FAT_write_r
 .text._FAT_seek_r
                0x0000000002009814      0x194 /opt/devkitpro/libnds/lib/libfat.a(fatfile.o)
                0x0000000002009814                _FAT_seek_r
 .text._FAT_fstat_r
                0x00000000020099a8       0x8c /opt/devkitpro/libnds/lib/libfat.a(fatfile.o)
                0x00000000020099a8                _FAT_fstat_r
 .text._FAT_ftruncate_r
                0x0000000002009a34      0x16c /opt/devkitpro/libnds/lib/libfat.a(fatfile.o)
                0x0000000002009a34                _FAT_ftruncate_r
 .text._FAT_fsync_r
                0x0000000002009ba0       0x44 /opt/devkitpro/libnds/lib/libfat.a(fatfile.o)
                0x0000000002009ba0                _FAT_fsync_r
 .text._FAT_cache_getPage
                0x0000000002009be4       0xf0 /opt/devkitpro/libnds/lib/libfat.a(cache.o)
 .text._FAT_cache_constructor
                0x0000000002009cd4       0x90 /opt/devkitpro/libnds/lib/libfat.a(cache.o)
                0x0000000002009cd4                _FAT_cache_constructor
 .text._FAT_cache_readSectors
                0x0000000002009d64       0x60 /opt/devkitpro/libnds/lib/libfat.a(cache.o)
                0x0000000002009d64                _FAT_cache_readSectors
 .text._FAT_cache_readPartialSector
                0x0000000002009dc4       0x3c /opt/devkitpro/libnds/lib/libfat.a(cache.o)
                0x0000000002009dc4                _FAT_cache_readPartialSector
 .text._FAT_cache_readLittleEndianValue
                0x0000000002009e00       0x70 /opt/devkitpro/libnds/lib/libfat.a(cache.o)
                0x0000000002009e00                _FAT_cache_readLittleEndianValue
 .text._FAT_cache_writePartialSector
                0x0000000002009e70       0x4c /opt/devkitpro/libnds/lib/libfat.a(cache.o)
                0x0000000002009e70                _FAT_cache_writePartialSector
 .text._FAT_cache_writeLittleEndianValue
                0x0000000002009ebc       0x8c /opt/devkitpro/libnds/lib/libfat.a(cache.o)
                0x0000000002009ebc                _FAT_cache_writeLittleEndianValue
 .text._FAT_cache_eraseWritePartialSector
                0x0000000002009f48       0x60 /opt/devkitpro/libnds/lib/libfat.a(cache.o)
                0x0000000002009f48                _FAT_cache_eraseWritePartialSector
 .text._FAT_cache_writeSectors
                0x0000000002009fa8       0x80 /opt/devkitpro/libnds/lib/libfat.a(cache.o)
                0x0000000002009fa8                _FAT_cache_writeSectors
 .text._FAT_cache_flush
                0x000000000200a028       0x40 /opt/devkitpro/libnds/lib/libfat.a(cache.o)
                0x000000000200a028                _FAT_cache_flush
 .text._FAT_stat_r
                0x000000000200a068       0x90 /opt/devkitpro/libnds/lib/libfat.a(fatdir.o)
                0x000000000200a068                _FAT_stat_r
 .text._FAT_link_r
                0x000000000200a0f8        0xc /opt/devkitpro/libnds/lib/libfat.a(fatdir.o)
                0x000000000200a0f8                _FAT_link_r
 .text._FAT_unlink_r
                0x000000000200a104      0x184 /opt/devkitpro/libnds/lib/libfat.a(fatdir.o)
                0x000000000200a104                _FAT_unlink_r
 .text._FAT_chdir_r
                0x000000000200a288       0x70 /opt/devkitpro/libnds/lib/libfat.a(fatdir.o)
                0x000000000200a288                _FAT_chdir_r
 .text._FAT_rename_r
                0x000000000200a2f8      0x1c4 /opt/devkitpro/libnds/lib/libfat.a(fatdir.o)
                0x000000000200a2f8                _FAT_rename_r
 .text._FAT_mkdir_r
                0x000000000200a4bc      0x244 /opt/devkitpro/libnds/lib/libfat.a(fatdir.o)
                0x000000000200a4bc                _FAT_mkdir_r
 .text._FAT_statvfs_r
                0x000000000200a700       0x78 /opt/devkitpro/libnds/lib/libfat.a(fatdir.o)
                0x000000000200a700                _FAT_statvfs_r
 .text._FAT_diropen_r
                0x000000000200a778       0xb0 /opt/devkitpro/libnds/lib/libfat.a(fatdir.o)
                0x000000000200a778                _FAT_diropen_r
 .text._FAT_dirreset_r
                0x000000000200a828       0x4c /opt/devkitpro/libnds/lib/libfat.a(fatdir.o)
                0x000000000200a828                _FAT_dirreset_r
 .text._FAT_dirnext_r
                0x000000000200a874       0x7c /opt/devkitpro/libnds/lib/libfat.a(fatdir.o)
                0x000000000200a874                _FAT_dirnext_r
 .text._FAT_dirclose_r
                0x000000000200a8f0       0x20 /opt/devkitpro/libnds/lib/libfat.a(fatdir.o)
                0x000000000200a8f0                _FAT_dirclose_r
 .text._FAT_directory_entryGetAlias
                0x000000000200a910       0xc8 /opt/devkitpro/libnds/lib/libfat.a(directory.o)
 .text._FAT_directory_incrementDirEntryPosition
                0x000000000200a9d8       0x80 /opt/devkitpro/libnds/lib/libfat.a(directory.o)
 .text._FAT_directory_mbsncasecmp
                0x000000000200aa58       0xa8 /opt/devkitpro/libnds/lib/libfat.a(directory.o)
 .text._FAT_directory_ucs2tombs.constprop.0
                0x000000000200ab00       0x90 /opt/devkitpro/libnds/lib/libfat.a(directory.o)
 .text._FAT_directory_entryGetCluster
                0x000000000200ab90       0x20 /opt/devkitpro/libnds/lib/libfat.a(directory.o)
                0x000000000200ab90                _FAT_directory_entryGetCluster
 .text._FAT_directory_getNextEntry
                0x000000000200abb0      0x23c /opt/devkitpro/libnds/lib/libfat.a(directory.o)
                0x000000000200abb0                _FAT_directory_getNextEntry
 .text._FAT_directory_entryExists
                0x000000000200adec       0x80 /opt/devkitpro/libnds/lib/libfat.a(directory.o)
 .text._FAT_directory_getFirstEntry
                0x000000000200ae6c       0x20 /opt/devkitpro/libnds/lib/libfat.a(directory.o)
                0x000000000200ae6c                _FAT_directory_getFirstEntry
 .text._FAT_directory_getRootEntry
                0x000000000200ae8c       0x60 /opt/devkitpro/libnds/lib/libfat.a(directory.o)
                0x000000000200ae8c                _FAT_directory_getRootEntry
 .text._FAT_directory_entryFromPosition
                0x000000000200aeec      0x150 /opt/devkitpro/libnds/lib/libfat.a(directory.o)
                0x000000000200aeec                _FAT_directory_entryFromPosition
 .text._FAT_directory_entryFromPath
                0x000000000200b03c      0x248 /opt/devkitpro/libnds/lib/libfat.a(directory.o)
                0x000000000200b03c                _FAT_directory_entryFromPath
 .text._FAT_directory_removeEntry
                0x000000000200b284       0xd8 /opt/devkitpro/libnds/lib/libfat.a(directory.o)
                0x000000000200b284                _FAT_directory_removeEntry
 .text._FAT_directory_addEntry
                0x000000000200b35c      0x808 /opt/devkitpro/libnds/lib/libfat.a(directory.o)
                0x000000000200b35c                _FAT_directory_addEntry
 .text._FAT_directory_chdir
                0x000000000200bb64       0x3c /opt/devkitpro/libnds/lib/libfat.a(directory.o)
                0x000000000200bb64                _FAT_directory_chdir
 .text._FAT_directory_entryStat
                0x000000000200bba0       0xe4 /opt/devkitpro/libnds/lib/libfat.a(directory.o)
                0x000000000200bba0                _FAT_directory_entryStat
 .text.isValidMBR
                0x000000000200bc84       0x5c /opt/devkitpro/libnds/lib/libfat.a(partition.o)
 .text._FAT_updateFS_INFO
                0x000000000200bce0       0x54 /opt/devkitpro/libnds/lib/libfat.a(partition.o)
 .text.FindFirstValidPartition_buf.part.0
                0x000000000200bd34      0x11c /opt/devkitpro/libnds/lib/libfat.a(partition.o)
 .text._FAT_partition_getPartitionFromPath
                0x000000000200be50       0x10 /opt/devkitpro/libnds/lib/libfat.a(partition.o)
                0x000000000200be50                _FAT_partition_getPartitionFromPath
 .text._FAT_partition_createFSinfo
                0x000000000200be60       0x50 /opt/devkitpro/libnds/lib/libfat.a(partition.o)
                0x000000000200be60                _FAT_partition_createFSinfo
 .text._FAT_partition_readFSinfo.part.0
                0x000000000200beb0       0x74 /opt/devkitpro/libnds/lib/libfat.a(partition.o)
 .text._FAT_partition_constructor_buf
                0x000000000200bf24      0x2e8 /opt/devkitpro/libnds/lib/libfat.a(partition.o)
                0x000000000200bf24                _FAT_partition_constructor_buf
 .text._FAT_partition_constructor
                0x000000000200c20c       0x40 /opt/devkitpro/libnds/lib/libfat.a(partition.o)
                0x000000000200c20c                _FAT_partition_constructor
 .text._FAT_partition_readFSinfo
                0x000000000200c24c       0x10 /opt/devkitpro/libnds/lib/libfat.a(partition.o)
                0x000000000200c24c                _FAT_partition_readFSinfo
 .text._FAT_lock_init
                0x000000000200c25c        0x4 /opt/devkitpro/libnds/lib/libfat.a(lock.o)
                0x000000000200c25c                _FAT_lock_init
 .text._FAT_lock
                0x000000000200c260        0x4 /opt/devkitpro/libnds/lib/libfat.a(lock.o)
                0x000000000200c260                _FAT_lock
 .text._FAT_unlock
                0x000000000200c264        0x4 /opt/devkitpro/libnds/lib/libfat.a(lock.o)
                0x000000000200c264                _FAT_unlock
 .text._FAT_filetime_getTimeFromRTC
                0x000000000200c268       0x44 /opt/devkitpro/libnds/lib/libfat.a(filetime.o)
                0x000000000200c268                _FAT_filetime_getTimeFromRTC
 .text._FAT_filetime_getDateFromRTC
                0x000000000200c2ac       0x44 /opt/devkitpro/libnds/lib/libfat.a(filetime.o)
                0x000000000200c2ac                _FAT_filetime_getDateFromRTC
 .text._FAT_filetime_to_time_t
                0x000000000200c2f0       0x38 /opt/devkitpro/libnds/lib/libfat.a(filetime.o)
                0x000000000200c2f0                _FAT_filetime_to_time_t
 .text._FAT_fat_writeFatEntry.part.0.isra.0
                0x000000000200c328      0x12c /opt/devkitpro/libnds/lib/libfat.a(file_allocation_table.o)
 .text._FAT_fat_nextCluster
                0x000000000200c454      0x108 /opt/devkitpro/libnds/lib/libfat.a(file_allocation_table.o)
                0x000000000200c454                _FAT_fat_nextCluster
 .text._FAT_fat_linkFreeCluster
                0x000000000200c55c       0xac /opt/devkitpro/libnds/lib/libfat.a(file_allocation_table.o)
                0x000000000200c55c                _FAT_fat_linkFreeCluster
 .text._FAT_fat_linkFreeClusterCleared
                0x000000000200c608       0x68 /opt/devkitpro/libnds/lib/libfat.a(file_allocation_table.o)
                0x000000000200c608                _FAT_fat_linkFreeClusterCleared
 .text._FAT_fat_clearLinks
                0x000000000200c670       0x7c /opt/devkitpro/libnds/lib/libfat.a(file_allocation_table.o)
                0x000000000200c670                _FAT_fat_clearLinks
 .text._FAT_fat_trimChain
                0x000000000200c6ec       0x80 /opt/devkitpro/libnds/lib/libfat.a(file_allocation_table.o)
                0x000000000200c6ec                _FAT_fat_trimChain
 .text._FAT_fat_lastCluster
                0x000000000200c76c       0x34 /opt/devkitpro/libnds/lib/libfat.a(file_allocation_table.o)
                0x000000000200c76c                _FAT_fat_lastCluster
 .text._FAT_fat_freeClusterCount
                0x000000000200c7a0       0x2c /opt/devkitpro/libnds/lib/libfat.a(file_allocation_table.o)
                0x000000000200c7a0                _FAT_fat_freeClusterCount
 .text.setBrightness
                0x000000000200c7cc       0x40 /opt/devkitpro/libnds/lib/libnds9.a(video.o)
                0x000000000200c7cc                setBrightness
 .text.vramDefault
                0x000000000200c80c       0xd0 /opt/devkitpro/libnds/lib/libnds9.a(video.o)
                0x000000000200c80c                vramDefault
 .text.newRow   0x000000000200c8dc       0xa8 /opt/devkitpro/libnds/lib/libnds9.a(console.o)
 .text.consolePrintChar
                0x000000000200c984       0xe0 /opt/devkitpro/libnds/lib/libnds9.a(console.o)
                0x000000000200c984                consolePrintChar
 .text.con_write
                0x000000000200ca64      0x36c /opt/devkitpro/libnds/lib/libnds9.a(console.o)
                0x000000000200ca64                con_write
 .text.consoleLoadFont
                0x000000000200cdd0      0x2a0 /opt/devkitpro/libnds/lib/libnds9.a(console.o)
                0x000000000200cdd0                consoleLoadFont
 .text.consoleInit
                0x000000000200d070      0x18c /opt/devkitpro/libnds/lib/libnds9.a(console.o)
                0x000000000200d070                consoleInit
 .text.consoleDemoInit
                0x000000000200d1fc       0x40 /opt/devkitpro/libnds/lib/libnds9.a(console.o)
                0x000000000200d1fc                consoleDemoInit
 .text.consoleClear
                0x000000000200d23c       0x10 /opt/devkitpro/libnds/lib/libnds9.a(console.o)
                0x000000000200d23c                consoleClear
 .text.oamInit  0x000000000200d24c      0x114 /opt/devkitpro/libnds/lib/libnds9.a(sprite.o)
                0x000000000200d24c                oamInit
 .text.oamGfxPtrToOffset
                0x000000000200d360       0x34 /opt/devkitpro/libnds/lib/libnds9.a(sprite.o)
                0x000000000200d360                oamGfxPtrToOffset
 .text.oamSet   0x000000000200d394      0x104 /opt/devkitpro/libnds/lib/libnds9.a(sprite.o)
                0x000000000200d394                oamSet
 .text.oamUpdate
                0x000000000200d498       0x60 /opt/devkitpro/libnds/lib/libnds9.a(sprite.o)
                0x000000000200d498                oamUpdate
 .text.oamRotateScale
                0x000000000200d4f8       0x4c /opt/devkitpro/libnds/lib/libnds9.a(sprite.o)
                0x000000000200d4f8                oamRotateScale
 .text.dldiGetInternal
                0x000000000200d544       0x34 /opt/devkitpro/libnds/lib/libnds9.a(dldi.o)
                0x000000000200d544                dldiGetInternal
 .text.get_io_dsisd
                0x000000000200d578       0x24 /opt/devkitpro/libnds/lib/libnds9.a(dldi.o)
                0x000000000200d578                get_io_dsisd
 .text.__syscall_gettod_r
                0x000000000200d59c       0x28 /opt/devkitpro/libnds/lib/libnds9.a(initSystem.o)
                0x000000000200d59c                __syscall_gettod_r
 .text.__syscall_exit
                0x000000000200d5c4        0x8 /opt/devkitpro/libnds/lib/libnds9.a(initSystem.o)
                0x000000000200d5c4                __syscall_exit
 .text.initSystem
                0x000000000200d5cc      0x180 /opt/devkitpro/libnds/lib/libnds9.a(initSystem.o)
                0x000000000200d5cc                initSystem
 .text.irqDummy
                0x000000000200d74c        0x4 /opt/devkitpro/libnds/lib/libnds9.a(interrupts.o)
                0x000000000200d74c                irqDummy
 .text.irqSet   0x000000000200d750       0x6c /opt/devkitpro/libnds/lib/libnds9.a(interrupts.o)
                0x000000000200d750                irqSet
 .text.irqInit  0x000000000200d7bc       0x50 /opt/devkitpro/libnds/lib/libnds9.a(interrupts.o)
                0x000000000200d7bc                irqInit
 .text.irqEnable
                0x000000000200d80c       0x64 /opt/devkitpro/libnds/lib/libnds9.a(interrupts.o)
                0x000000000200d80c                irqEnable
 .text.systemErrorExit
                0x000000000200d870        0x4 /opt/devkitpro/libnds/lib/libnds9.a(libnds_exit.arm.o)
                0x000000000200d870                systemErrorExit
 .text.__libnds_exit
                0x000000000200d874       0x5c /opt/devkitpro/libnds/lib/libnds9.a(libnds_exit.arm.o)
                0x000000000200d874                __libnds_exit
 .text.cardPolledTransfer
                0x000000000200d8d0       0x54 /opt/devkitpro/libnds/lib/libnds9.a(card.o)
                0x000000000200d8d0                cardPolledTransfer
 .text.cardParamCommand
                0x000000000200d924       0x34 /opt/devkitpro/libnds/lib/libnds9.a(card.o)
                0x000000000200d924                cardParamCommand
 .text.fifo_queueBlock
                0x000000000200d958       0x44 /opt/devkitpro/libnds/lib/libnds9.a(fifosystem.o)
 .text.fifo_waitBlock
                0x000000000200d99c       0x80 /opt/devkitpro/libnds/lib/libnds9.a(fifosystem.o)
 .text.fifoInternalSend.part.0
                0x000000000200da1c       0xd4 /opt/devkitpro/libnds/lib/libnds9.a(fifosystem.o)
 .text.fifoInternalSendInterrupt
                0x000000000200daf0       0xb0 /opt/devkitpro/libnds/lib/libnds9.a(fifosystem.o)
 .text.fifoSetValue32Handler
                0x000000000200dba0       0xd4 /opt/devkitpro/libnds/lib/libnds9.a(fifosystem.o)
                0x000000000200dba0                fifoSetValue32Handler
 .text.fifoSendValue32
                0x000000000200dc74       0x4c /opt/devkitpro/libnds/lib/libnds9.a(fifosystem.o)
                0x000000000200dc74                fifoSendValue32
 .text.fifoSendDatamsg
                0x000000000200dcc0       0x90 /opt/devkitpro/libnds/lib/libnds9.a(fifosystem.o)
                0x000000000200dcc0                fifoSendDatamsg
 .text.fifoGetValue32
                0x000000000200dd50       0x70 /opt/devkitpro/libnds/lib/libnds9.a(fifosystem.o)
                0x000000000200dd50                fifoGetValue32
 .text.fifoGetDatamsg
                0x000000000200ddc0       0xf4 /opt/devkitpro/libnds/lib/libnds9.a(fifosystem.o)
                0x000000000200ddc0                fifoGetDatamsg
 .text.fifoInternalRecvInterrupt
                0x000000000200deb4      0x37c /opt/devkitpro/libnds/lib/libnds9.a(fifosystem.o)
 .text.fifoSetDatamsgHandler
                0x000000000200e230       0x9c /opt/devkitpro/libnds/lib/libnds9.a(fifosystem.o)
                0x000000000200e230                fifoSetDatamsgHandler
 .text.fifoCheckValue32
                0x000000000200e2cc       0x24 /opt/devkitpro/libnds/lib/libnds9.a(fifosystem.o)
                0x000000000200e2cc                fifoCheckValue32
 .text.fifoInit
                0x000000000200e2f0      0x108 /opt/devkitpro/libnds/lib/libnds9.a(fifosystem.o)
                0x000000000200e2f0                fifoInit
 .text.DC_FlushRange
                0x000000000200e3f8       0x24 /opt/devkitpro/libnds/lib/libnds9.a(dcache.o)
                0x000000000200e3f8                DC_FlushRange
 .text.DC_InvalidateRange
                0x000000000200e41c       0x2c /opt/devkitpro/libnds/lib/libnds9.a(dcache.o)
                0x000000000200e41c                DC_InvalidateRange
 .text.__libnds_mpu_setup
                0x000000000200e448      0x174 /opt/devkitpro/libnds/lib/libnds9.a(mpu_setup.o)
                0x000000000200e448                __libnds_mpu_setup
 .text.memUncached
                0x000000000200e5bc       0x20 /opt/devkitpro/libnds/lib/libnds9.a(mpu_setup.o)
                0x000000000200e5bc                memUncached
 .text.swiWaitForVBlank
                0x000000000200e5dc        0x8 /opt/devkitpro/libnds/lib/libnds9.a(IntrWait.o)
                0x000000000200e5dc                swiWaitForVBlank
 .text.swiIntrWait
                0x000000000200e5e4       0x70 /opt/devkitpro/libnds/lib/libnds9.a(IntrWait.o)
                0x000000000200e5e4                swiIntrWait
 .text.setCpuClock
                0x000000000200e654       0x50 /opt/devkitpro/libnds/lib/libnds9.a(cpu_clock.o)
                0x000000000200e654                setCpuClock
 .text.swiDelay
                0x000000000200e6a4        0x4 /opt/devkitpro/libnds/lib/libnds9.a(biosCalls.o)
                0x000000000200e6a4                swiDelay
 .text.swiSoftReset
                0x000000000200e6a8       0x2c /opt/devkitpro/libnds/lib/libnds9.a(swiSoftReset.o)
                0x000000000200e6a8                swiSoftReset
 .text.checkIfText
                0x000000000200e6d4       0x5c /opt/devkitpro/libnds/lib/libnds9.a(background.o)
                0x000000000200e6d4                checkIfText
 .text.bgUpdate
                0x000000000200e730       0xf4 /opt/devkitpro/libnds/lib/libnds9.a(background.o)
                0x000000000200e730                bgUpdate
 .text.bgInit_call
                0x000000000200e824       0xc4 /opt/devkitpro/libnds/lib/libnds9.a(background.o)
                0x000000000200e824                bgInit_call
 .text.bgInitSub_call
                0x000000000200e8e8       0xcc /opt/devkitpro/libnds/lib/libnds9.a(background.o)
                0x000000000200e8e8                bgInitSub_call
 .text.sinLutLookup
                0x000000000200e9b4       0x4c /opt/devkitpro/libnds/lib/libnds9.a(trig.o)
                0x000000000200e9b4                sinLutLookup
 .text.sinLerp  0x000000000200ea00       0x40 /opt/devkitpro/libnds/lib/libnds9.a(trig.o)
                0x000000000200ea00                sinLerp
 .text.cosLerp  0x000000000200ea40       0x4c /opt/devkitpro/libnds/lib/libnds9.a(trig.o)
                0x000000000200ea40                cosLerp
 .text.oamAllocReset
                0x000000000200ea8c       0x1c /opt/devkitpro/libnds/lib/libnds9.a(sprite_alloc.o)
                0x000000000200ea8c                oamAllocReset
 .text.systemValueHandler
                0x000000000200eaa8       0x48 /opt/devkitpro/libnds/lib/libnds9.a(system.o)
                0x000000000200eaa8                systemValueHandler
 .text.systemMsgHandler
                0x000000000200eaf0       0x60 /opt/devkitpro/libnds/lib/libnds9.a(system.o)
                0x000000000200eaf0                systemMsgHandler
 .text.powerOn  0x000000000200eb50       0x2c /opt/devkitpro/libnds/lib/libnds9.a(system.o)
                0x000000000200eb50                powerOn
 .text.__muldi3
                0x000000000200eb7c       0x64 /opt/devkitpro/devkitARM/bin/../lib/gcc/arm-none-eabi/12.1.0/thumb/libgcc.a(_muldi3.o)
                0x000000000200eb7c                __aeabi_lmul
                0x000000000200eb7c                __muldi3
 .text.__udivmoddi4
                0x000000000200ebe0      0x19c /opt/devkitpro/devkitARM/bin/../lib/gcc/arm-none-eabi/12.1.0/thumb/libgcc.a(_udivmoddi4.o)
                0x000000000200ebe0                __udivmoddi4
 .text.calloc   0x000000000200ed7c       0x18 /opt/devkitpro/devkitARM/bin/../lib/gcc/arm-none-eabi/12.1.0/../../../../arm-none-eabi/lib/thumb/libg.a(lib_a-calloc.o)
                0x000000000200ed7c                calloc
 .text._calloc_r
                0x000000000200ed94       0xb8 /opt/devkitpro/devkitARM/bin/../lib/gcc/arm-none-eabi/12.1.0/../../../../arm-none-eabi/lib/thumb/libg.a(lib_a-callocr.o)
                0x000000000200ed94                _calloc_r
 .text.__errno  0x000000000200ee4c        0xc /opt/devkitpro/devkitARM/bin/../lib/gcc/arm-none-eabi/12.1.0/../../../../arm-none-eabi/lib/thumb/libg.a(lib_a-errno.o)
                0x000000000200ee4c                __errno
 .text._fclose_r
                0x000000000200ee58       0xe4 /opt/devkitpro/devkitARM/bin/../lib/gcc/arm-none-eabi/12.1.0/../../../../arm-none-eabi/lib/thumb/libg.a(lib_a-fclose.o)
                0x000000000200ee58                _fclose_r
 .text.fclose   0x000000000200ef3c       0x14 /opt/devkitpro/devkitARM/bin/../lib/gcc/arm-none-eabi/12.1.0/../../../../arm-none-eabi/lib/thumb/libg.a(lib_a-fclose.o)
                0x000000000200ef3c                fclose
 .text.__sflush_r
                0x000000000200ef50      0x18c /opt/devkitpro/devkitARM/bin/../lib/gcc/arm-none-eabi/12.1.0/../../../../arm-none-eabi/lib/thumb/libg.a(lib_a-fflush.o)
                0x000000000200ef50                __sflush_r
 .text._fflush_r
                0x000000000200f0dc       0x70 /opt/devkitpro/devkitARM/bin/../lib/gcc/arm-none-eabi/12.1.0/../../../../arm-none-eabi/lib/thumb/libg.a(lib_a-fflush.o)
                0x000000000200f0dc                _fflush_r
 .text.fflush   0x000000000200f14c       0x2c /opt/devkitpro/devkitARM/bin/../lib/gcc/arm-none-eabi/12.1.0/../../../../arm-none-eabi/lib/thumb/libg.a(lib_a-fflush.o)
                0x000000000200f14c                fflush
 .text._cleanup_r
                0x000000000200f178       0x14 /opt/devkitpro/devkitARM/bin/../lib/gcc/arm-none-eabi/12.1.0/../../../../arm-none-eabi/lib/thumb/libg.a(lib_a-findfp.o)
                0x000000000200f178                _cleanup_r
 .text.__sinit  0x000000000200f18c      0x124 /opt/devkitpro/devkitARM/bin/../lib/gcc/arm-none-eabi/12.1.0/../../../../arm-none-eabi/lib/thumb/libg.a(lib_a-findfp.o)
                0x000000000200f18c                __sinit
 .text.__sfp    0x000000000200f2b0       0xd4 /opt/devkitpro/devkitARM/bin/../lib/gcc/arm-none-eabi/12.1.0/../../../../arm-none-eabi/lib/thumb/libg.a(lib_a-findfp.o)
                0x000000000200f2b0                __sfp
 .text.__sfp_lock_acquire
                0x000000000200f384       0x14 /opt/devkitpro/devkitARM/bin/../lib/gcc/arm-none-eabi/12.1.0/../../../../arm-none-eabi/lib/thumb/libg.a(lib_a-findfp.o)
                0x000000000200f384                __sfp_lock_acquire
 .text.__sfp_lock_release
                0x000000000200f398       0x14 /opt/devkitpro/devkitARM/bin/../lib/gcc/arm-none-eabi/12.1.0/../../../../arm-none-eabi/lib/thumb/libg.a(lib_a-findfp.o)
                0x000000000200f398                __sfp_lock_release
 .text._fopen_r
                0x000000000200f3ac       0xbc /opt/devkitpro/devkitARM/bin/../lib/gcc/arm-none-eabi/12.1.0/../../../../arm-none-eabi/lib/thumb/libg.a(lib_a-fopen.o)
                0x000000000200f3ac                _fopen_r
 .text.fopen    0x000000000200f468       0x18 /opt/devkitpro/devkitARM/bin/../lib/gcc/arm-none-eabi/12.1.0/../../../../arm-none-eabi/lib/thumb/libg.a(lib_a-fopen.o)
                0x000000000200f468                fopen
 .text._fread_r
                0x000000000200f480      0x1e4 /opt/devkitpro/devkitARM/bin/../lib/gcc/arm-none-eabi/12.1.0/../../../../arm-none-eabi/lib/thumb/libg.a(lib_a-fread.o)
                0x000000000200f480                _fread_r
 .text.fread    0x000000000200f664       0x24 /opt/devkitpro/devkitARM/bin/../lib/gcc/arm-none-eabi/12.1.0/../../../../arm-none-eabi/lib/thumb/libg.a(lib_a-fread.o)
                0x000000000200f664                fread
 .text._malloc_trim_r
                0x000000000200f688       0xac /opt/devkitpro/devkitARM/bin/../lib/gcc/arm-none-eabi/12.1.0/../../../../arm-none-eabi/lib/thumb/libg.a(lib_a-freer.o)
                0x000000000200f688                _malloc_trim_r
 .text._free_r  0x000000000200f734      0x1d8 /opt/devkitpro/devkitARM/bin/../lib/gcc/arm-none-eabi/12.1.0/../../../../arm-none-eabi/lib/thumb/libg.a(lib_a-freer.o)
                0x000000000200f734                _free_r
 .text._fseek_r
                0x000000000200f90c       0x18 /opt/devkitpro/devkitARM/bin/../lib/gcc/arm-none-eabi/12.1.0/../../../../arm-none-eabi/lib/thumb/libg.a(lib_a-fseek.o)
                0x000000000200f90c                _fseek_r
 .text.fseek    0x000000000200f924       0x24 /opt/devkitpro/devkitARM/bin/../lib/gcc/arm-none-eabi/12.1.0/../../../../arm-none-eabi/lib/thumb/libg.a(lib_a-fseek.o)
                0x000000000200f924                fseek
 .text._fseeko_r
                0x000000000200f948      0x410 /opt/devkitpro/devkitARM/bin/../lib/gcc/arm-none-eabi/12.1.0/../../../../arm-none-eabi/lib/thumb/libg.a(lib_a-fseeko.o)
                0x000000000200f948                _fseeko_r
 .text.ftell    0x000000000200fd58       0x24 /opt/devkitpro/devkitARM/bin/../lib/gcc/arm-none-eabi/12.1.0/../../../../arm-none-eabi/lib/thumb/libg.a(lib_a-ftell.o)
                0x000000000200fd58                ftell
 .text._ftello_r
                0x000000000200fd7c      0x11c /opt/devkitpro/devkitARM/bin/../lib/gcc/arm-none-eabi/12.1.0/../../../../arm-none-eabi/lib/thumb/libg.a(lib_a-ftello.o)
                0x000000000200fd7c                _ftello_r
 .text._fwalk   0x000000000200fe98       0x48 /opt/devkitpro/devkitARM/bin/../lib/gcc/arm-none-eabi/12.1.0/../../../../arm-none-eabi/lib/thumb/libg.a(lib_a-fwalk.o)
                0x000000000200fe98                _fwalk
 .text._fwalk_reent
                0x000000000200fee0       0x50 /opt/devkitpro/devkitARM/bin/../lib/gcc/arm-none-eabi/12.1.0/../../../../arm-none-eabi/lib/thumb/libg.a(lib_a-fwalk.o)
                0x000000000200fee0                _fwalk_reent
 .text.__libc_init_array
                0x000000000200ff30       0x54 /opt/devkitpro/devkitARM/bin/../lib/gcc/arm-none-eabi/12.1.0/../../../../arm-none-eabi/lib/thumb/libg.a(lib_a-init.o)
                0x000000000200ff30                __libc_init_array
 .text.iprintf  0x000000000200ff84       0x24 /opt/devkitpro/devkitARM/bin/../lib/gcc/arm-none-eabi/12.1.0/../../../../arm-none-eabi/lib/thumb/libg.a(lib_a-iprintf.o)
                0x000000000200ff84                iprintf
 .text.localtime_r
                0x000000000200ffa8      0x228 /opt/devkitpro/devkitARM/bin/../lib/gcc/arm-none-eabi/12.1.0/../../../../arm-none-eabi/lib/thumb/libg.a(lib_a-lcltime_r.o)
                0x000000000200ffa8                localtime_r
 .text.__locale_mb_cur_max
                0x00000000020101d0       0x10 /opt/devkitpro/devkitARM/bin/../lib/gcc/arm-none-eabi/12.1.0/../../../../arm-none-eabi/lib/thumb/libg.a(lib_a-locale.o)
                0x00000000020101d0                __locale_mb_cur_max
 .text.__smakebuf_r
                0x00000000020101e0       0xf0 /opt/devkitpro/devkitARM/bin/../lib/gcc/arm-none-eabi/12.1.0/../../../../arm-none-eabi/lib/thumb/libg.a(lib_a-makebuf.o)
                0x00000000020101e0                __smakebuf_r
 .text.__swhatbuf_r
                0x00000000020102d0       0x5c /opt/devkitpro/devkitARM/bin/../lib/gcc/arm-none-eabi/12.1.0/../../../../arm-none-eabi/lib/thumb/libg.a(lib_a-makebuf.o)
                0x00000000020102d0                __swhatbuf_r
 .text.malloc   0x000000000201032c       0x14 /opt/devkitpro/devkitARM/bin/../lib/gcc/arm-none-eabi/12.1.0/../../../../arm-none-eabi/lib/thumb/libg.a(lib_a-malloc.o)
                0x000000000201032c                malloc
 .text.free     0x0000000002010340       0x14 /opt/devkitpro/devkitARM/bin/../lib/gcc/arm-none-eabi/12.1.0/../../../../arm-none-eabi/lib/thumb/libg.a(lib_a-malloc.o)
                0x0000000002010340                free
 .text._malloc_r
                0x0000000002010354      0x560 /opt/devkitpro/devkitARM/bin/../lib/gcc/arm-none-eabi/12.1.0/../../../../arm-none-eabi/lib/thumb/libg.a(lib_a-mallocr.o)
                0x0000000002010354                _malloc_r
 .text._mbrtowc_r
                0x00000000020108b4       0x60 /opt/devkitpro/devkitARM/bin/../lib/gcc/arm-none-eabi/12.1.0/../../../../arm-none-eabi/lib/thumb/libg.a(lib_a-mbrtowc.o)
                0x00000000020108b4                _mbrtowc_r
 .text.mbrtowc  0x0000000002010914       0x7c /opt/devkitpro/devkitARM/bin/../lib/gcc/arm-none-eabi/12.1.0/../../../../arm-none-eabi/lib/thumb/libg.a(lib_a-mbrtowc.o)
                0x0000000002010914                mbrtowc
 .text.mbsrtowcs
                0x0000000002010990       0x28 /opt/devkitpro/devkitARM/bin/../lib/gcc/arm-none-eabi/12.1.0/../../../../arm-none-eabi/lib/thumb/libg.a(lib_a-mbsrtowcs.o)
                0x0000000002010990                mbsrtowcs
 .text.__utf8_mbtowc
                0x00000000020109b8      0x27c /opt/devkitpro/devkitARM/bin/../lib/gcc/arm-none-eabi/12.1.0/../../../../arm-none-eabi/lib/thumb/libg.a(lib_a-mbtowc_r.o)
                0x00000000020109b8                __utf8_mbtowc
 .text.memcmp   0x0000000002010c34       0x48 /opt/devkitpro/devkitARM/bin/../lib/gcc/arm-none-eabi/12.1.0/../../../../arm-none-eabi/lib/thumb/libg.a(lib_a-memcmp.o)
                0x0000000002010c34                memcmp
 .text.memcpy   0x0000000002010c7c       0x94 /opt/devkitpro/devkitARM/bin/../lib/gcc/arm-none-eabi/12.1.0/../../../../arm-none-eabi/lib/thumb/libg.a(lib_a-memcpy-stub.o)
                0x0000000002010c7c                memcpy
 .text.memmove  0x0000000002010d10       0xc0 /opt/devkitpro/devkitARM/bin/../lib/gcc/arm-none-eabi/12.1.0/../../../../arm-none-eabi/lib/thumb/libg.a(lib_a-memmove.o)
                0x0000000002010d10                memmove
 .text.memset   0x0000000002010dd0       0xb0 /opt/devkitpro/devkitARM/bin/../lib/gcc/arm-none-eabi/12.1.0/../../../../arm-none-eabi/lib/thumb/libg.a(lib_a-memset.o)
                0x0000000002010dd0                memset
 .text.validate_structure
                0x0000000002010e80      0x1d4 /opt/devkitpro/devkitARM/bin/../lib/gcc/arm-none-eabi/12.1.0/../../../../arm-none-eabi/lib/thumb/libg.a(lib_a-mktime.o)
 .text.mktime   0x0000000002011054      0x434 /opt/devkitpro/devkitARM/bin/../lib/gcc/arm-none-eabi/12.1.0/../../../../arm-none-eabi/lib/thumb/libg.a(lib_a-mktime.o)
                0x0000000002011054                mktime
 .text.__malloc_lock
                0x0000000002011488       0x14 /opt/devkitpro/devkitARM/bin/../lib/gcc/arm-none-eabi/12.1.0/../../../../arm-none-eabi/lib/thumb/libg.a(lib_a-mlock.o)
                0x0000000002011488                __malloc_lock
 .text.__malloc_unlock
                0x000000000201149c       0x14 /opt/devkitpro/devkitARM/bin/../lib/gcc/arm-none-eabi/12.1.0/../../../../arm-none-eabi/lib/thumb/libg.a(lib_a-mlock.o)
                0x000000000201149c                __malloc_unlock
 .text.realloc  0x00000000020114b0       0x18 /opt/devkitpro/devkitARM/bin/../lib/gcc/arm-none-eabi/12.1.0/../../../../arm-none-eabi/lib/thumb/libg.a(lib_a-realloc.o)
                0x00000000020114b0                realloc
 .text._realloc_r
                0x00000000020114c8      0x384 /opt/devkitpro/devkitARM/bin/../lib/gcc/arm-none-eabi/12.1.0/../../../../arm-none-eabi/lib/thumb/libg.a(lib_a-reallocr.o)
                0x00000000020114c8                _realloc_r
 .text.lflush   0x000000000201184c       0x20 /opt/devkitpro/devkitARM/bin/../lib/gcc/arm-none-eabi/12.1.0/../../../../arm-none-eabi/lib/thumb/libg.a(lib_a-refill.o)
 .text.__srefill_r
                0x000000000201186c      0x108 /opt/devkitpro/devkitARM/bin/../lib/gcc/arm-none-eabi/12.1.0/../../../../arm-none-eabi/lib/thumb/libg.a(lib_a-refill.o)
                0x000000000201186c                __srefill_r
 .text.rewind   0x0000000002011974       0x20 /opt/devkitpro/devkitARM/bin/../lib/gcc/arm-none-eabi/12.1.0/../../../../arm-none-eabi/lib/thumb/libg.a(lib_a-rewind.o)
                0x0000000002011974                rewind
 .text.setvbuf  0x0000000002011994      0x19c /opt/devkitpro/devkitARM/bin/../lib/gcc/arm-none-eabi/12.1.0/../../../../arm-none-eabi/lib/thumb/libg.a(lib_a-setvbuf.o)
                0x0000000002011994                setvbuf
 .text.siscanf  0x0000000002011b30       0x4c /opt/devkitpro/devkitARM/bin/../lib/gcc/arm-none-eabi/12.1.0/../../../../arm-none-eabi/lib/thumb/libg.a(lib_a-siscanf.o)
                0x0000000002011b30                siscanf
 .text.sprintf  0x0000000002011b7c       0x40 /opt/devkitpro/devkitARM/bin/../lib/gcc/arm-none-eabi/12.1.0/../../../../arm-none-eabi/lib/thumb/libg.a(lib_a-sprintf.o)
                0x0000000002011b7c                sprintf
 .text.__sread  0x0000000002011bbc       0x34 /opt/devkitpro/devkitARM/bin/../lib/gcc/arm-none-eabi/12.1.0/../../../../arm-none-eabi/lib/thumb/libg.a(lib_a-stdio.o)
                0x0000000002011bbc                __sread
 .text.__seofread
                0x0000000002011bf0        0x4 /opt/devkitpro/devkitARM/bin/../lib/gcc/arm-none-eabi/12.1.0/../../../../arm-none-eabi/lib/thumb/libg.a(lib_a-stdio.o)
                0x0000000002011bf0                __seofread
 .text.__swrite
                0x0000000002011bf4       0x4c /opt/devkitpro/devkitARM/bin/../lib/gcc/arm-none-eabi/12.1.0/../../../../arm-none-eabi/lib/thumb/libg.a(lib_a-stdio.o)
                0x0000000002011bf4                __swrite
 .text.__sseek  0x0000000002011c40       0x44 /opt/devkitpro/devkitARM/bin/../lib/gcc/arm-none-eabi/12.1.0/../../../../arm-none-eabi/lib/thumb/libg.a(lib_a-stdio.o)
                0x0000000002011c40                __sseek
 .text.__sclose
                0x0000000002011c84       0x10 /opt/devkitpro/devkitARM/bin/../lib/gcc/arm-none-eabi/12.1.0/../../../../arm-none-eabi/lib/thumb/libg.a(lib_a-stdio.o)
                0x0000000002011c84                __sclose
 .text.stpcpy   0x0000000002011c94       0x48 /opt/devkitpro/devkitARM/bin/../lib/gcc/arm-none-eabi/12.1.0/../../../../arm-none-eabi/lib/thumb/libg.a(lib_a-stpcpy.o)
                0x0000000002011c94                stpcpy
 .text.strcasecmp
                0x0000000002011cdc       0x48 /opt/devkitpro/devkitARM/bin/../lib/gcc/arm-none-eabi/12.1.0/../../../../arm-none-eabi/lib/thumb/libg.a(lib_a-strcasecmp.o)
                0x0000000002011cdc                strcasecmp
 .text.strchr   0x0000000002011d24       0xc8 /opt/devkitpro/devkitARM/bin/../lib/gcc/arm-none-eabi/12.1.0/../../../../arm-none-eabi/lib/thumb/libg.a(lib_a-strchr.o)
                0x0000000002011d24                strchr
 .text.strcpy   0x0000000002011dec       0x10 /opt/devkitpro/devkitARM/bin/../lib/gcc/arm-none-eabi/12.1.0/../../../../arm-none-eabi/lib/thumb/libg.a(lib_a-strcpy.o)
                0x0000000002011dec                strcpy
 .text.strdup   0x0000000002011dfc       0x14 /opt/devkitpro/devkitARM/bin/../lib/gcc/arm-none-eabi/12.1.0/../../../../arm-none-eabi/lib/thumb/libg.a(lib_a-strdup.o)
                0x0000000002011dfc                strdup
 .text._strdup_r
                0x0000000002011e10       0x2c /opt/devkitpro/devkitARM/bin/../lib/gcc/arm-none-eabi/12.1.0/../../../../arm-none-eabi/lib/thumb/libg.a(lib_a-strdup_r.o)
                0x0000000002011e10                _strdup_r
 .text.strlen   0x0000000002011e3c       0x60 /opt/devkitpro/devkitARM/bin/../lib/gcc/arm-none-eabi/12.1.0/../../../../arm-none-eabi/lib/thumb/libg.a(lib_a-strlen-stub.o)
                0x0000000002011e3c                strlen
 .text.strncasecmp
                0x0000000002011e9c       0x54 /opt/devkitpro/devkitARM/bin/../lib/gcc/arm-none-eabi/12.1.0/../../../../arm-none-eabi/lib/thumb/libg.a(lib_a-strncasecmp.o)
                0x0000000002011e9c                strncasecmp
 .text.strncmp  0x0000000002011ef0       0x78 /opt/devkitpro/devkitARM/bin/../lib/gcc/arm-none-eabi/12.1.0/../../../../arm-none-eabi/lib/thumb/libg.a(lib_a-strncmp.o)
                0x0000000002011ef0                strncmp
 .text.strncpy  0x0000000002011f68       0x68 /opt/devkitpro/devkitARM/bin/../lib/gcc/arm-none-eabi/12.1.0/../../../../arm-none-eabi/lib/thumb/libg.a(lib_a-strncpy.o)
                0x0000000002011f68                strncpy
 .text.strnlen  0x0000000002011fd0       0x28 /opt/devkitpro/devkitARM/bin/../lib/gcc/arm-none-eabi/12.1.0/../../../../arm-none-eabi/lib/thumb/libg.a(lib_a-strnlen.o)
                0x0000000002011fd0                strnlen
 .text.strpbrk  0x0000000002011ff8       0x4c /opt/devkitpro/devkitARM/bin/../lib/gcc/arm-none-eabi/12.1.0/../../../../arm-none-eabi/lib/thumb/libg.a(lib_a-strpbrk.o)
                0x0000000002011ff8                strpbrk
 .text.strrchr  0x0000000002012044       0x30 /opt/devkitpro/devkitARM/bin/../lib/gcc/arm-none-eabi/12.1.0/../../../../arm-none-eabi/lib/thumb/libg.a(lib_a-strrchr.o)
                0x0000000002012044                strrchr
 .text._strtol_l.part.0
                0x0000000002012074      0x144 /opt/devkitpro/devkitARM/bin/../lib/gcc/arm-none-eabi/12.1.0/../../../../arm-none-eabi/lib/thumb/libg.a(lib_a-strtol.o)
 .text._strtol_r
                0x00000000020121b8       0x20 /opt/devkitpro/devkitARM/bin/../lib/gcc/arm-none-eabi/12.1.0/../../../../arm-none-eabi/lib/thumb/libg.a(lib_a-strtol.o)
                0x00000000020121b8                _strtol_r
 .text.get_arg  0x00000000020121d8       0x32 /opt/devkitpro/devkitARM/bin/../lib/gcc/arm-none-eabi/12.1.0/../../../../arm-none-eabi/lib/thumb/libg.a(lib_a-svfiscanf.o)
 .text._sungetc_r
                0x000000000201220a       0x7e /opt/devkitpro/devkitARM/bin/../lib/gcc/arm-none-eabi/12.1.0/../../../../arm-none-eabi/lib/thumb/libg.a(lib_a-svfiscanf.o)
                0x000000000201220a                _sungetc_r
 .text.__ssrefill_r
                0x0000000002012288       0x42 /opt/devkitpro/devkitARM/bin/../lib/gcc/arm-none-eabi/12.1.0/../../../../arm-none-eabi/lib/thumb/libg.a(lib_a-svfiscanf.o)
                0x0000000002012288                __ssrefill_r
 .text._sfread_r
                0x00000000020122ca       0x88 /opt/devkitpro/devkitARM/bin/../lib/gcc/arm-none-eabi/12.1.0/../../../../arm-none-eabi/lib/thumb/libg.a(lib_a-svfiscanf.o)
                0x00000000020122ca                _sfread_r
 *fill*         0x0000000002012352        0x2 ff
 .text.__ssvfiscanf_r
                0x0000000002012354     0x1ae0 /opt/devkitpro/devkitARM/bin/../lib/gcc/arm-none-eabi/12.1.0/../../../../arm-none-eabi/lib/thumb/libg.a(lib_a-svfiscanf.o)
                0x0000000002012354                __ssvfiscanf_r
 .text.get_arg  0x0000000002013e34      0x42c /opt/devkitpro/devkitARM/bin/../lib/gcc/arm-none-eabi/12.1.0/../../../../arm-none-eabi/lib/thumb/libg.a(lib_a-svfprintf.o)
 .text._svfprintf_r
                0x0000000002014260     0x22fc /opt/devkitpro/devkitARM/bin/../lib/gcc/arm-none-eabi/12.1.0/../../../../arm-none-eabi/lib/thumb/libg.a(lib_a-svfprintf.o)
                0x0000000002014260                _svfprintf_r
 .text.lseek    0x000000000201655c       0x24 /opt/devkitpro/devkitARM/bin/../lib/gcc/arm-none-eabi/12.1.0/../../../../arm-none-eabi/lib/thumb/libg.a(lib_a-syslseek.o)
                0x000000000201655c                lseek
 .text.open     0x0000000002016580       0x28 /opt/devkitpro/devkitARM/bin/../lib/gcc/arm-none-eabi/12.1.0/../../../../arm-none-eabi/lib/thumb/libg.a(lib_a-sysopen.o)
                0x0000000002016580                open
 .text.read     0x00000000020165a8       0x1c /opt/devkitpro/devkitARM/bin/../lib/gcc/arm-none-eabi/12.1.0/../../../../arm-none-eabi/lib/thumb/libg.a(lib_a-sysread.o)
                0x00000000020165a8                read
 .text.time     0x00000000020165c4       0x34 /opt/devkitpro/devkitARM/bin/../lib/gcc/arm-none-eabi/12.1.0/../../../../arm-none-eabi/lib/thumb/libg.a(lib_a-time.o)
                0x00000000020165c4                time
 .text.towlower
                0x00000000020165f8       0x10 /opt/devkitpro/devkitARM/bin/../lib/gcc/arm-none-eabi/12.1.0/../../../../arm-none-eabi/lib/thumb/libg.a(lib_a-towlower.o)
                0x00000000020165f8                towlower
 .text.towupper
                0x0000000002016608       0x10 /opt/devkitpro/devkitARM/bin/../lib/gcc/arm-none-eabi/12.1.0/../../../../arm-none-eabi/lib/thumb/libg.a(lib_a-towupper.o)
                0x0000000002016608                towupper
 .text.__tzcalc_limits
                0x0000000002016618      0x1b0 /opt/devkitpro/devkitARM/bin/../lib/gcc/arm-none-eabi/12.1.0/../../../../arm-none-eabi/lib/thumb/libg.a(lib_a-tzcalc_limits.o)
                0x0000000002016618                __tzcalc_limits
 .text.__tz_lock
                0x00000000020167c8       0x14 /opt/devkitpro/devkitARM/bin/../lib/gcc/arm-none-eabi/12.1.0/../../../../arm-none-eabi/lib/thumb/libg.a(lib_a-tzlock.o)
                0x00000000020167c8                __tz_lock
 .text.__tz_unlock
                0x00000000020167dc       0x14 /opt/devkitpro/devkitARM/bin/../lib/gcc/arm-none-eabi/12.1.0/../../../../arm-none-eabi/lib/thumb/libg.a(lib_a-tzlock.o)
                0x00000000020167dc                __tz_unlock
 .text._tzset_unlocked
                0x00000000020167f0       0x10 /opt/devkitpro/devkitARM/bin/../lib/gcc/arm-none-eabi/12.1.0/../../../../arm-none-eabi/lib/thumb/libg.a(lib_a-tzset.o)
                0x00000000020167f0                _tzset_unlocked
 .text._tzset_unlocked_r
                0x0000000002016800      0x360 /opt/devkitpro/devkitARM/bin/../lib/gcc/arm-none-eabi/12.1.0/../../../../arm-none-eabi/lib/thumb/libg.a(lib_a-tzset_r.o)
                0x0000000002016800                _tzset_unlocked_r
 .text.__submore
                0x0000000002016b60       0x88 /opt/devkitpro/devkitARM/bin/../lib/gcc/arm-none-eabi/12.1.0/../../../../arm-none-eabi/lib/thumb/libg.a(lib_a-ungetc.o)
                0x0000000002016b60                __submore
 .text.get_arg  0x0000000002016be8      0x42c /opt/devkitpro/devkitARM/bin/../lib/gcc/arm-none-eabi/12.1.0/../../../../arm-none-eabi/lib/thumb/libg.a(lib_a-vfiprintf.o)
 .text.__sprint_r
                0x0000000002017014       0x24 /opt/devkitpro/devkitARM/bin/../lib/gcc/arm-none-eabi/12.1.0/../../../../arm-none-eabi/lib/thumb/libg.a(lib_a-vfiprintf.o)
                0x0000000002017014                __sprint_r
 .text._vfiprintf_r
                0x0000000002017038     0x173c /opt/devkitpro/devkitARM/bin/../lib/gcc/arm-none-eabi/12.1.0/../../../../arm-none-eabi/lib/thumb/libg.a(lib_a-vfiprintf.o)
                0x0000000002017038                _vfiprintf_r
 .text.__sbprintf
                0x0000000002018774       0x8c /opt/devkitpro/devkitARM/bin/../lib/gcc/arm-none-eabi/12.1.0/../../../../arm-none-eabi/lib/thumb/libg.a(lib_a-vfiprintf.o)
 .text._wcrtomb_r
                0x0000000002018800       0x5c /opt/devkitpro/devkitARM/bin/../lib/gcc/arm-none-eabi/12.1.0/../../../../arm-none-eabi/lib/thumb/libg.a(lib_a-wcrtomb.o)
                0x0000000002018800                _wcrtomb_r
 .text.wcrtomb  0x000000000201885c       0x74 /opt/devkitpro/devkitARM/bin/../lib/gcc/arm-none-eabi/12.1.0/../../../../arm-none-eabi/lib/thumb/libg.a(lib_a-wcrtomb.o)
                0x000000000201885c                wcrtomb
 .text._wcsrtombs_r
                0x00000000020188d0       0x1c /opt/devkitpro/devkitARM/bin/../lib/gcc/arm-none-eabi/12.1.0/../../../../arm-none-eabi/lib/thumb/libg.a(lib_a-wcsrtombs.o)
                0x00000000020188d0                _wcsrtombs_r
 .text.wctob    0x00000000020188ec       0x48 /opt/devkitpro/devkitARM/bin/../lib/gcc/arm-none-eabi/12.1.0/../../../../arm-none-eabi/lib/thumb/libg.a(lib_a-wctob.o)
                0x00000000020188ec                wctob
 .text.__utf8_wctomb
                0x0000000002018934       0xb4 /opt/devkitpro/devkitARM/bin/../lib/gcc/arm-none-eabi/12.1.0/../../../../arm-none-eabi/lib/thumb/libg.a(lib_a-wctomb_r.o)
                0x0000000002018934                __utf8_wctomb
 .text.__swsetup_r
                0x00000000020189e8       0xd0 /opt/devkitpro/devkitARM/bin/../lib/gcc/arm-none-eabi/12.1.0/../../../../arm-none-eabi/lib/thumb/libg.a(lib_a-wsetup.o)
                0x00000000020189e8                __swsetup_r
 .text.div      0x0000000002018ab8       0x18 /opt/devkitpro/devkitARM/bin/../lib/gcc/arm-none-eabi/12.1.0/../../../../arm-none-eabi/lib/thumb/libg.a(lib_a-div.o)
                0x0000000002018ab8                div
 .text.quorem   0x0000000002018ad0      0x158 /opt/devkitpro/devkitARM/bin/../lib/gcc/arm-none-eabi/12.1.0/../../../../arm-none-eabi/lib/thumb/libg.a(lib_a-dtoa.o)
 .text._dtoa_r  0x0000000002018c28      0xfcc /opt/devkitpro/devkitARM/bin/../lib/gcc/arm-none-eabi/12.1.0/../../../../arm-none-eabi/lib/thumb/libg.a(lib_a-dtoa.o)
                0x0000000002018c28                _dtoa_r
 .text.__sflags
                0x0000000002019bf4       0xa4 /opt/devkitpro/devkitARM/bin/../lib/gcc/arm-none-eabi/12.1.0/../../../../arm-none-eabi/lib/thumb/libg.a(lib_a-flags.o)
                0x0000000002019bf4                __sflags
 .text.__sfvwrite_r
                0x0000000002019c98      0x334 /opt/devkitpro/devkitARM/bin/../lib/gcc/arm-none-eabi/12.1.0/../../../../arm-none-eabi/lib/thumb/libg.a(lib_a-fvwrite.o)
                0x0000000002019c98                __sfvwrite_r
 .text._findenv_r
                0x0000000002019fcc       0x94 /opt/devkitpro/devkitARM/bin/../lib/gcc/arm-none-eabi/12.1.0/../../../../arm-none-eabi/lib/thumb/libg.a(lib_a-getenv_r.o)
                0x0000000002019fcc                _findenv_r
 .text._getenv_r
                0x000000000201a060       0x10 /opt/devkitpro/devkitARM/bin/../lib/gcc/arm-none-eabi/12.1.0/../../../../arm-none-eabi/lib/thumb/libg.a(lib_a-getenv_r.o)
                0x000000000201a060                _getenv_r
 .text.__gettzinfo
                0x000000000201a070        0x8 /opt/devkitpro/devkitARM/bin/../lib/gcc/arm-none-eabi/12.1.0/../../../../arm-none-eabi/lib/thumb/libg.a(lib_a-gettzinfo.o)
                0x000000000201a070                __gettzinfo
 .text.gmtime_r
                0x000000000201a078      0x1c0 /opt/devkitpro/devkitARM/bin/../lib/gcc/arm-none-eabi/12.1.0/../../../../arm-none-eabi/lib/thumb/libg.a(lib_a-gmtime_r.o)
                0x000000000201a078                gmtime_r
 .text.iswspace
                0x000000000201a238       0x10 /opt/devkitpro/devkitARM/bin/../lib/gcc/arm-none-eabi/12.1.0/../../../../arm-none-eabi/lib/thumb/libg.a(lib_a-iswspace.o)
                0x000000000201a238                iswspace
 .text._localeconv_r
                0x000000000201a248        0x8 /opt/devkitpro/devkitARM/bin/../lib/gcc/arm-none-eabi/12.1.0/../../../../arm-none-eabi/lib/thumb/libg.a(lib_a-localeconv.o)
                0x000000000201a248                _localeconv_r
 .text._mbsnrtowcs_r
                0x000000000201a250       0xb8 /opt/devkitpro/devkitARM/bin/../lib/gcc/arm-none-eabi/12.1.0/../../../../arm-none-eabi/lib/thumb/libg.a(lib_a-mbsnrtowcs.o)
                0x000000000201a250                _mbsnrtowcs_r
 .text.memchr   0x000000000201a308       0x78 /opt/devkitpro/devkitARM/bin/../lib/gcc/arm-none-eabi/12.1.0/../../../../arm-none-eabi/lib/thumb/libg.a(lib_a-memchr-stub.o)
                0x000000000201a308                memchr
 .text._Balloc  0x000000000201a380       0x54 /opt/devkitpro/devkitARM/bin/../lib/gcc/arm-none-eabi/12.1.0/../../../../arm-none-eabi/lib/thumb/libg.a(lib_a-mprec.o)
                0x000000000201a380                _Balloc
 .text._Bfree   0x000000000201a3d4       0x14 /opt/devkitpro/devkitARM/bin/../lib/gcc/arm-none-eabi/12.1.0/../../../../arm-none-eabi/lib/thumb/libg.a(lib_a-mprec.o)
                0x000000000201a3d4                _Bfree
 .text.__multadd
                0x000000000201a3e8       0xac /opt/devkitpro/devkitARM/bin/../lib/gcc/arm-none-eabi/12.1.0/../../../../arm-none-eabi/lib/thumb/libg.a(lib_a-mprec.o)
                0x000000000201a3e8                __multadd
 .text.__hi0bits
                0x000000000201a494       0x4c /opt/devkitpro/devkitARM/bin/../lib/gcc/arm-none-eabi/12.1.0/../../../../arm-none-eabi/lib/thumb/libg.a(lib_a-mprec.o)
                0x000000000201a494                __hi0bits
 .text.__lo0bits
                0x000000000201a4e0       0x5c /opt/devkitpro/devkitARM/bin/../lib/gcc/arm-none-eabi/12.1.0/../../../../arm-none-eabi/lib/thumb/libg.a(lib_a-mprec.o)
                0x000000000201a4e0                __lo0bits
 .text.__i2b    0x000000000201a53c       0x64 /opt/devkitpro/devkitARM/bin/../lib/gcc/arm-none-eabi/12.1.0/../../../../arm-none-eabi/lib/thumb/libg.a(lib_a-mprec.o)
                0x000000000201a53c                __i2b
 .text.__multiply
                0x000000000201a5a0      0x1b4 /opt/devkitpro/devkitARM/bin/../lib/gcc/arm-none-eabi/12.1.0/../../../../arm-none-eabi/lib/thumb/libg.a(lib_a-mprec.o)
                0x000000000201a5a0                __multiply
 .text.__pow5mult
                0x000000000201a754       0xd4 /opt/devkitpro/devkitARM/bin/../lib/gcc/arm-none-eabi/12.1.0/../../../../arm-none-eabi/lib/thumb/libg.a(lib_a-mprec.o)
                0x000000000201a754                __pow5mult
 .text.__lshift
                0x000000000201a828      0x100 /opt/devkitpro/devkitARM/bin/../lib/gcc/arm-none-eabi/12.1.0/../../../../arm-none-eabi/lib/thumb/libg.a(lib_a-mprec.o)
                0x000000000201a828                __lshift
 .text.__mcmp   0x000000000201a928       0x40 /opt/devkitpro/devkitARM/bin/../lib/gcc/arm-none-eabi/12.1.0/../../../../arm-none-eabi/lib/thumb/libg.a(lib_a-mprec.o)
                0x000000000201a928                __mcmp
 .text.__mdiff  0x000000000201a968      0x1a8 /opt/devkitpro/devkitARM/bin/../lib/gcc/arm-none-eabi/12.1.0/../../../../arm-none-eabi/lib/thumb/libg.a(lib_a-mprec.o)
                0x000000000201a968                __mdiff
 .text.__d2b    0x000000000201ab10       0xd0 /opt/devkitpro/devkitARM/bin/../lib/gcc/arm-none-eabi/12.1.0/../../../../arm-none-eabi/lib/thumb/libg.a(lib_a-mprec.o)
                0x000000000201ab10                __d2b
 .text.__sccl   0x000000000201abe0       0x90 /opt/devkitpro/devkitARM/bin/../lib/gcc/arm-none-eabi/12.1.0/../../../../arm-none-eabi/lib/thumb/libg.a(lib_a-sccl.o)
                0x000000000201abe0                __sccl
 .text.frexp    0x000000000201ac70       0x6c /opt/devkitpro/devkitARM/bin/../lib/gcc/arm-none-eabi/12.1.0/../../../../arm-none-eabi/lib/thumb/libg.a(lib_a-s_frexp.o)
                0x000000000201ac70                frexp
 .text._strtoll_l.constprop.0
                0x000000000201acdc      0x1a0 /opt/devkitpro/devkitARM/bin/../lib/gcc/arm-none-eabi/12.1.0/../../../../arm-none-eabi/lib/thumb/libg.a(lib_a-strtoll.o)
 .text._strtoll_r
                0x000000000201ae7c        0xc /opt/devkitpro/devkitARM/bin/../lib/gcc/arm-none-eabi/12.1.0/../../../../arm-none-eabi/lib/thumb/libg.a(lib_a-strtoll.o)
                0x000000000201ae7c                _strtoll_r
 .text._strtoull_l.constprop.0
                0x000000000201ae88      0x1bc /opt/devkitpro/devkitARM/bin/../lib/gcc/arm-none-eabi/12.1.0/../../../../arm-none-eabi/lib/thumb/libg.a(lib_a-strtoull.o)
 .text._strtoull_r
                0x000000000201b044        0xc /opt/devkitpro/devkitARM/bin/../lib/gcc/arm-none-eabi/12.1.0/../../../../arm-none-eabi/lib/thumb/libg.a(lib_a-strtoull.o)
                0x000000000201b044                _strtoull_r
 .text._strtoul_l.constprop.0
                0x000000000201b050      0x144 /opt/devkitpro/devkitARM/bin/../lib/gcc/arm-none-eabi/12.1.0/../../../../arm-none-eabi/lib/thumb/libg.a(lib_a-strtoul.o)
 .text._strtoul_r
                0x000000000201b194        0xc /opt/devkitpro/devkitARM/bin/../lib/gcc/arm-none-eabi/12.1.0/../../../../arm-none-eabi/lib/thumb/libg.a(lib_a-strtoul.o)
                0x000000000201b194                _strtoul_r
 .text.strtoul  0x000000000201b1a0       0x1c /opt/devkitpro/devkitARM/bin/../lib/gcc/arm-none-eabi/12.1.0/../../../../arm-none-eabi/lib/thumb/libg.a(lib_a-strtoul.o)
                0x000000000201b1a0                strtoul
 .text.__ssprint_r
                0x000000000201b1bc      0x120 /opt/devkitpro/devkitARM/bin/../lib/gcc/arm-none-eabi/12.1.0/../../../../arm-none-eabi/lib/thumb/libg.a(lib_a-svfiprintf.o)
                0x000000000201b1bc                __ssprint_r
 .text.towctrans
                0x000000000201b2dc       0x28 /opt/devkitpro/devkitARM/bin/../lib/gcc/arm-none-eabi/12.1.0/../../../../arm-none-eabi/lib/thumb/libg.a(lib_a-towctrans.o)
                0x000000000201b2dc                towctrans
 .text._wcsnrtombs_l
                0x000000000201b304      0x11c /opt/devkitpro/devkitARM/bin/../lib/gcc/arm-none-eabi/12.1.0/../../../../arm-none-eabi/lib/thumb/libg.a(lib_a-wcsnrtombs.o)
                0x000000000201b304                _wcsnrtombs_l
 .text._wcsnrtombs_r
                0x000000000201b420       0x30 /opt/devkitpro/devkitARM/bin/../lib/gcc/arm-none-eabi/12.1.0/../../../../arm-none-eabi/lib/thumb/libg.a(lib_a-wcsnrtombs.o)
                0x000000000201b420                _wcsnrtombs_r
 .text.__assert_func
                0x000000000201b450       0x40 /opt/devkitpro/devkitARM/bin/../lib/gcc/arm-none-eabi/12.1.0/../../../../arm-none-eabi/lib/thumb/libg.a(lib_a-assert.o)
                0x000000000201b450                __assert_func
 .text.__env_lock
                0x000000000201b490       0x14 /opt/devkitpro/devkitARM/bin/../lib/gcc/arm-none-eabi/12.1.0/../../../../arm-none-eabi/lib/thumb/libg.a(lib_a-envlock.o)
                0x000000000201b490                __env_lock
 .text.__env_unlock
                0x000000000201b4a4       0x14 /opt/devkitpro/devkitARM/bin/../lib/gcc/arm-none-eabi/12.1.0/../../../../arm-none-eabi/lib/thumb/libg.a(lib_a-envlock.o)
                0x000000000201b4a4                __env_unlock
 .text.fiprintf
                0x000000000201b4b8       0x28 /opt/devkitpro/devkitARM/bin/../lib/gcc/arm-none-eabi/12.1.0/../../../../arm-none-eabi/lib/thumb/libg.a(lib_a-fiprintf.o)
                0x000000000201b4b8                fiprintf
 .text.iswspace_l
                0x000000000201b4e0       0x2c /opt/devkitpro/devkitARM/bin/../lib/gcc/arm-none-eabi/12.1.0/../../../../arm-none-eabi/lib/thumb/libg.a(lib_a-iswspace_l.o)
                0x000000000201b4e0                iswspace_l
 .text.__jp2uc  0x000000000201b50c      0x14c /opt/devkitpro/devkitARM/bin/../lib/gcc/arm-none-eabi/12.1.0/../../../../arm-none-eabi/lib/thumb/libg.a(lib_a-jp2uc.o)
 .text._jp2uc_l
                0x000000000201b658       0x6c /opt/devkitpro/devkitARM/bin/../lib/gcc/arm-none-eabi/12.1.0/../../../../arm-none-eabi/lib/thumb/libg.a(lib_a-jp2uc.o)
                0x000000000201b658                _jp2uc_l
 .text._uc2jp_l
                0x000000000201b6c4       0x4c /opt/devkitpro/devkitARM/bin/../lib/gcc/arm-none-eabi/12.1.0/../../../../arm-none-eabi/lib/thumb/libg.a(lib_a-jp2uc.o)
                0x000000000201b6c4                _uc2jp_l
 .text.towctrans_l
                0x000000000201b710      0x1b4 /opt/devkitpro/devkitARM/bin/../lib/gcc/arm-none-eabi/12.1.0/../../../../arm-none-eabi/lib/thumb/libg.a(lib_a-towctrans_l.o)
                0x000000000201b710                towctrans_l
 .text.abort    0x000000000201b8c4       0x10 /opt/devkitpro/devkitARM/bin/../lib/gcc/arm-none-eabi/12.1.0/../../../../arm-none-eabi/lib/thumb/libg.a(lib_a-abort.o)
                0x000000000201b8c4                abort
 .text.category
                0x000000000201b8d4       0x54 /opt/devkitpro/devkitARM/bin/../lib/gcc/arm-none-eabi/12.1.0/../../../../arm-none-eabi/lib/thumb/libg.a(lib_a-categories.o)
                0x000000000201b8d4                category
 .text._raise_r
                0x000000000201b928       0x60 /opt/devkitpro/devkitARM/bin/../lib/gcc/arm-none-eabi/12.1.0/../../../../arm-none-eabi/lib/thumb/libg.a(lib_a-signal.o)
                0x000000000201b928                _raise_r
 .text.raise    0x000000000201b988       0x14 /opt/devkitpro/devkitARM/bin/../lib/gcc/arm-none-eabi/12.1.0/../../../../arm-none-eabi/lib/thumb/libg.a(lib_a-signal.o)
                0x000000000201b988                raise
 .text.null_write
                0x000000000201b99c        0x4 /opt/devkitpro/devkitARM/bin/../lib/gcc/arm-none-eabi/12.1.0/../../../../arm-none-eabi/lib/thumb/libsysbase.a(iosupport.o)
 .text.setDefaultDevice
                0x000000000201b9a0       0x10 /opt/devkitpro/devkitARM/bin/../lib/gcc/arm-none-eabi/12.1.0/../../../../arm-none-eabi/lib/thumb/libsysbase.a(iosupport.o)
                0x000000000201b9a0                setDefaultDevice
 .text.FindDevice
                0x000000000201b9b0       0x98 /opt/devkitpro/devkitARM/bin/../lib/gcc/arm-none-eabi/12.1.0/../../../../arm-none-eabi/lib/thumb/libsysbase.a(iosupport.o)
                0x000000000201b9b0                FindDevice
 .text.AddDevice
                0x000000000201ba48       0x78 /opt/devkitpro/devkitARM/bin/../lib/gcc/arm-none-eabi/12.1.0/../../../../arm-none-eabi/lib/thumb/libsysbase.a(iosupport.o)
                0x000000000201ba48                AddDevice
 .text.GetDeviceOpTab
                0x000000000201bac0       0x20 /opt/devkitpro/devkitARM/bin/../lib/gcc/arm-none-eabi/12.1.0/../../../../arm-none-eabi/lib/thumb/libsysbase.a(iosupport.o)
                0x000000000201bac0                GetDeviceOpTab
 .text._fstat_r
                0x000000000201bae0       0x4c /opt/devkitpro/devkitARM/bin/../lib/gcc/arm-none-eabi/12.1.0/../../../../arm-none-eabi/lib/thumb/libsysbase.a(fstat.o)
                0x000000000201bae0                _fstat_r
 .text._getpid_r
                0x000000000201bb2c        0xc /opt/devkitpro/devkitARM/bin/../lib/gcc/arm-none-eabi/12.1.0/../../../../arm-none-eabi/lib/thumb/libsysbase.a(getpid.o)
                0x000000000201bb2c                _getpid_r
 .text._gettimeofday_r
                0x000000000201bb38       0x20 /opt/devkitpro/devkitARM/bin/../lib/gcc/arm-none-eabi/12.1.0/../../../../arm-none-eabi/lib/thumb/libsysbase.a(gettod.o)
                0x000000000201bb38                _gettimeofday_r
 .text._isatty_r
                0x000000000201bb58        0x4 /opt/devkitpro/devkitARM/bin/../lib/gcc/arm-none-eabi/12.1.0/../../../../arm-none-eabi/lib/thumb/libsysbase.a(isatty.o)
                0x000000000201bb58                _isatty_r
 .text._kill_r  0x000000000201bb5c        0xc /opt/devkitpro/devkitARM/bin/../lib/gcc/arm-none-eabi/12.1.0/../../../../arm-none-eabi/lib/thumb/libsysbase.a(kill.o)
                0x000000000201bb5c                _kill_r
 .text._lseek_r
                0x000000000201bb68       0x5c /opt/devkitpro/devkitARM/bin/../lib/gcc/arm-none-eabi/12.1.0/../../../../arm-none-eabi/lib/thumb/libsysbase.a(lseek.o)
                0x000000000201bb68                _lseek_r
 .text._open_r  0x000000000201bbc4       0x98 /opt/devkitpro/devkitARM/bin/../lib/gcc/arm-none-eabi/12.1.0/../../../../arm-none-eabi/lib/thumb/libsysbase.a(open.o)
                0x000000000201bbc4                _open_r
 .text._read_r  0x000000000201bc5c       0x50 /opt/devkitpro/devkitARM/bin/../lib/gcc/arm-none-eabi/12.1.0/../../../../arm-none-eabi/lib/thumb/libsysbase.a(read.o)
                0x000000000201bc5c                _read_r
 .text._sbrk_r  0x000000000201bcac       0x54 /opt/devkitpro/devkitARM/bin/../lib/gcc/arm-none-eabi/12.1.0/../../../../arm-none-eabi/lib/thumb/libsysbase.a(sbrk.o)
                0x000000000201bcac                _sbrk_r
 .text._write_r
                0x000000000201bd00       0x50 /opt/devkitpro/devkitARM/bin/../lib/gcc/arm-none-eabi/12.1.0/../../../../arm-none-eabi/lib/thumb/libsysbase.a(write.o)
                0x000000000201bd00                _write_r
 .text._exit    0x000000000201bd50       0x14 /opt/devkitpro/devkitARM/bin/../lib/gcc/arm-none-eabi/12.1.0/../../../../arm-none-eabi/lib/thumb/libsysbase.a(_exit.o)
                0x000000000201bd50                _exit
 .text._concatenate_path
                0x000000000201bd64      0x120 /opt/devkitpro/devkitARM/bin/../lib/gcc/arm-none-eabi/12.1.0/../../../../arm-none-eabi/lib/thumb/libsysbase.a(chdir.o)
                0x000000000201bd64                _concatenate_path
 .text.chdir    0x000000000201be84       0xe4 /opt/devkitpro/devkitARM/bin/../lib/gcc/arm-none-eabi/12.1.0/../../../../arm-none-eabi/lib/thumb/libsysbase.a(chdir.o)
                0x000000000201be84                chdir
 .text.getcwd   0x000000000201bf68       0x5c /opt/devkitpro/devkitARM/bin/../lib/gcc/arm-none-eabi/12.1.0/../../../../arm-none-eabi/lib/thumb/libsysbase.a(chdir.o)
                0x000000000201bf68                getcwd
 .text.build_argv
                0x000000000201bfc4       0x4c /opt/devkitpro/devkitARM/bin/../lib/gcc/arm-none-eabi/12.1.0/../../../../arm-none-eabi/lib/thumb/libsysbase.a(build_argv.o)
                0x000000000201bfc4                build_argv
 .text.__flockfile
                0x000000000201c010       0x10 /opt/devkitpro/devkitARM/bin/../lib/gcc/arm-none-eabi/12.1.0/../../../../arm-none-eabi/lib/thumb/libsysbase.a(flock.o)
                0x000000000201c010                __flockfile
 .text.__funlockfile
                0x000000000201c020       0x10 /opt/devkitpro/devkitARM/bin/../lib/gcc/arm-none-eabi/12.1.0/../../../../arm-none-eabi/lib/thumb/libsysbase.a(flock.o)
                0x000000000201c020                __funlockfile
 .text.__release_handle
                0x000000000201c030       0x68 /opt/devkitpro/devkitARM/bin/../lib/gcc/arm-none-eabi/12.1.0/../../../../arm-none-eabi/lib/thumb/libsysbase.a(handle_manager.o)
                0x000000000201c030                __release_handle
 .text.__alloc_handle
                0x000000000201c098       0x7c /opt/devkitpro/devkitARM/bin/../lib/gcc/arm-none-eabi/12.1.0/../../../../arm-none-eabi/lib/thumb/libsysbase.a(handle_manager.o)
                0x000000000201c098                __alloc_handle
 .text.__get_handle
                0x000000000201c114       0x34 /opt/devkitpro/devkitARM/bin/../lib/gcc/arm-none-eabi/12.1.0/../../../../arm-none-eabi/lib/thumb/libsysbase.a(handle_manager.o)
                0x000000000201c114                __get_handle
 .text._close_r
                0x000000000201c148       0xb8 /opt/devkitpro/devkitARM/bin/../lib/gcc/arm-none-eabi/12.1.0/../../../../arm-none-eabi/lib/thumb/libsysbase.a(handle_manager.o)
                0x000000000201c148                _close_r
 .text.__getreent
                0x000000000201c200       0x20 /opt/devkitpro/devkitARM/bin/../lib/gcc/arm-none-eabi/12.1.0/../../../../arm-none-eabi/lib/thumb/libsysbase.a(getreent.o)
                0x000000000201c200                __getreent
 .text.__libc_lock_acquire
                0x000000000201c220       0x18 /opt/devkitpro/devkitARM/bin/../lib/gcc/arm-none-eabi/12.1.0/../../../../arm-none-eabi/lib/thumb/libsysbase.a(syscall_support.o)
                0x000000000201c220                __libc_lock_acquire
 .text.__libc_lock_release
                0x000000000201c238       0x18 /opt/devkitpro/devkitARM/bin/../lib/gcc/arm-none-eabi/12.1.0/../../../../arm-none-eabi/lib/thumb/libsysbase.a(syscall_support.o)
                0x000000000201c238                __libc_lock_release
 .text.__libc_lock_init_recursive
                0x000000000201c250       0x18 /opt/devkitpro/devkitARM/bin/../lib/gcc/arm-none-eabi/12.1.0/../../../../arm-none-eabi/lib/thumb/libsysbase.a(syscall_support.o)
                0x000000000201c250                __libc_lock_init_recursive
 .text.__libc_lock_acquire_recursive
                0x000000000201c268       0x18 /opt/devkitpro/devkitARM/bin/../lib/gcc/arm-none-eabi/12.1.0/../../../../arm-none-eabi/lib/thumb/libsysbase.a(syscall_support.o)
                0x000000000201c268                __libc_lock_acquire_recursive
 .text.__libc_lock_release_recursive
                0x000000000201c280       0x18 /opt/devkitpro/devkitARM/bin/../lib/gcc/arm-none-eabi/12.1.0/../../../../arm-none-eabi/lib/thumb/libsysbase.a(syscall_support.o)
                0x000000000201c280                __libc_lock_release_recursive
 .text.__libc_lock_close_recursive
                0x000000000201c298       0x18 /opt/devkitpro/devkitARM/bin/../lib/gcc/arm-none-eabi/12.1.0/../../../../arm-none-eabi/lib/thumb/libsysbase.a(syscall_support.o)
                0x000000000201c298                __libc_lock_close_recursive
 .text.__libc_lock_close_recursive.__stub
                0x000000000201c2b0      0x110 linker stubs
 *(EXCLUDE_FILE(*.twl*) .gnu.warning)
 *(EXCLUDE_FILE(*.twl*) .gnu.linkonce.t*)
 *(.glue_7)
 .glue_7        0x000000000201c3d0        0x0 linker stubs
 *(.glue_7t)
 .glue_7t       0x000000000201c3d0        0x0 linker stubs
                0x000000000201c3d0                . = ALIGN (0x4)

.vfp11_veneer   0x000000000201c3d0        0x0
 .vfp11_veneer  0x000000000201c3d0        0x0 linker stubs

.v4_bx          0x000000000201c3d0        0x0
 .v4_bx         0x000000000201c3d0        0x0 linker stubs

.iplt           0x000000000201c3d0        0x0
 .iplt          0x000000000201c3d0        0x0 /opt/devkitpro/devkitARM/bin/../lib/gcc/arm-none-eabi/12.1.0/../../../../arm-none-eabi/lib/thumb/ds_arm9_crt0.o

.fini           0x000000000201c3d0        0xc
 *(.fini)
 .fini          0x000000000201c3d0        0x4 /opt/devkitpro/devkitARM/bin/../lib/gcc/arm-none-eabi/12.1.0/thumb/crti.o
                0x000000000201c3d0                _fini
 .fini          0x000000000201c3d4        0x8 /opt/devkitpro/devkitARM/bin/../lib/gcc/arm-none-eabi/12.1.0/thumb/crtn.o
                0x000000000201c3dc                __text_end = .

.rodata         0x000000000201c3e0     0x9c24
 *(EXCLUDE_FILE(*.twl*) .rodata)
 .rodata        0x000000000201c3e0       0x50 /home/gbaman/nds_projects/superball/ball_movement_test/nflib/lib/libnflib.a(nf_basic.o)
 *all.rodata*(*)
 *(EXCLUDE_FILE(*.twl*) .roda)
 *(EXCLUDE_FILE(*.twl*) .rodata.*)
 .rodata.str1.4
                0x000000000201c430       0x1c main.o
 .rodata.str1.4
                0x000000000201c44c       0x27 /home/gbaman/nds_projects/superball/ball_movement_test/nflib/lib/libnflib.a(nf_2d.o)
 *fill*         0x000000000201c473        0x1 ff
 .rodata.str1.4
                0x000000000201c474      0x613 /home/gbaman/nds_projects/superball/ball_movement_test/nflib/lib/libnflib.a(nf_basic.o)
                                        0x627 (size before relaxing)
 *fill*         0x000000000201ca87        0x1 ff
 .rodata.str1.4
                0x000000000201ca88       0x70 /home/gbaman/nds_projects/superball/ball_movement_test/nflib/lib/libnflib.a(nf_sprite256.o)
                                         0x7b (size before relaxing)
 .rodata.nitroFSInit.str1.4
                0x000000000201caf8        0x8 /opt/devkitpro/libnds/lib/libfilesystem.a(nitrofs.o)
 .rodata.str1.4
                0x000000000201caf8        0xe /opt/devkitpro/libnds/lib/libfilesystem.a(nitrofs.o)
 *fill*         0x000000000201cb06        0x2 ff
 .rodata.fatMount.part.0.str1.4
                0x000000000201cb08        0x2 /opt/devkitpro/libnds/lib/libfat.a(libfat.o)
 *fill*         0x000000000201cb0a        0x2 ff
 .rodata.fatInit.str1.4
                0x000000000201cb0c        0x3 /opt/devkitpro/libnds/lib/libfat.a(libfat.o)
 *fill*         0x000000000201cb0f        0x1 ff
 .rodata.str1.4
                0x000000000201cb10        0x4 /opt/devkitpro/libnds/lib/libfat.a(libfat.o)
 .rodata.dotab_fat
                0x000000000201cb14       0x70 /opt/devkitpro/libnds/lib/libfat.a(libfat.o)
 .rodata.str1.4
                0x000000000201cb84        0x3 /opt/devkitpro/libnds/lib/libfat.a(disc.o)
                                          0x8 (size before relaxing)
 *fill*         0x000000000201cb87        0x1 ff
 .rodata._FAT_disc_interfaces
                0x000000000201cb88       0x18 /opt/devkitpro/libnds/lib/libfat.a(disc.o)
                0x000000000201cb88                _FAT_disc_interfaces
 .rodata._FAT_directory_entryFromPath.str1.4
                0x000000000201cba0        0x7 /opt/devkitpro/libnds/lib/libfat.a(directory.o)
 .rodata.ILLEGAL_ALIAS_CHARACTERS
                0x000000000201cba0       0x12 /opt/devkitpro/libnds/lib/libfat.a(directory.o)
 *fill*         0x000000000201cbb2        0x2 ff
 .rodata.ILLEGAL_LFN_CHARACTERS
                0x000000000201cbb4        0xa /opt/devkitpro/libnds/lib/libfat.a(directory.o)
 *fill*         0x000000000201cbbe        0x2 ff
 .rodata.LFN_offset_table
                0x000000000201cbc0       0x34 /opt/devkitpro/libnds/lib/libfat.a(directory.o)
 .rodata.FAT_SIG
                0x000000000201cbf4        0x3 /opt/devkitpro/libnds/lib/libfat.a(partition.o)
 *fill*         0x000000000201cbf7        0x1 ff
 .rodata.FS_TWL_SIG
                0x000000000201cbf8        0x8 /opt/devkitpro/libnds/lib/libfat.a(partition.o)
 .rodata.con_write.str1.4
                0x000000000201cc00       0x30 /opt/devkitpro/libnds/lib/libnds9.a(console.o)
 .rodata.con_write
                0x000000000201cc30       0xd4 /opt/devkitpro/libnds/lib/libnds9.a(console.o)
 .rodata.consoleClear.str1.4
                0x000000000201cd04        0x5 /opt/devkitpro/libnds/lib/libnds9.a(console.o)
 *fill*         0x000000000201cd09        0x3 ff
 .rodata.str1.4
                0x000000000201cd0c       0x14 /opt/devkitpro/libnds/lib/libnds9.a(console.o)
 .rodata.dotab_stdout
                0x000000000201cd20       0x70 /opt/devkitpro/libnds/lib/libnds9.a(console.o)
 .rodata.default_font_bin
                0x000000000201cd90     0x2000 /opt/devkitpro/libnds/lib/libnds9.a(default_font.bin.o)
                0x000000000201cd90                default_font_bin
                0x000000000201ed90                default_font_bin_end
 .rodata.SIN_LUT
                0x000000000201ed90      0x102 /opt/devkitpro/libnds/lib/libnds9.a(trig.o)
                0x000000000201ed90                SIN_LUT
 *fill*         0x000000000201ee92        0x2 ff
 .rodata._ctype_
                0x000000000201ee94      0x101 /opt/devkitpro/devkitARM/bin/../lib/gcc/arm-none-eabi/12.1.0/../../../../arm-none-eabi/lib/thumb/libg.a(lib_a-ctype_.o)
                0x000000000201ee94                _ctype_
 *fill*         0x000000000201ef95        0x3 ff
 .rodata._global_impure_ptr
                0x000000000201ef98        0x4 /opt/devkitpro/devkitARM/bin/../lib/gcc/arm-none-eabi/12.1.0/../../../../arm-none-eabi/lib/thumb/libg.a(lib_a-impure.o)
                0x000000000201ef98                _global_impure_ptr
 .rodata.str1.4
                0x000000000201ef9c       0x44 /opt/devkitpro/devkitARM/bin/../lib/gcc/arm-none-eabi/12.1.0/../../../../arm-none-eabi/lib/thumb/libg.a(lib_a-locale.o)
                                         0x4c (size before relaxing)
 .rodata._mbrtowc_r.str1.4
                0x000000000201efe0        0x1 /opt/devkitpro/devkitARM/bin/../lib/gcc/arm-none-eabi/12.1.0/../../../../arm-none-eabi/lib/thumb/libg.a(lib_a-mbrtowc.o)
 .rodata._DAYS_BEFORE_MONTH
                0x000000000201efe0       0x30 /opt/devkitpro/devkitARM/bin/../lib/gcc/arm-none-eabi/12.1.0/../../../../arm-none-eabi/lib/thumb/libg.a(lib_a-mktime.o)
 .rodata.DAYS_IN_MONTH
                0x000000000201f010       0x30 /opt/devkitpro/devkitARM/bin/../lib/gcc/arm-none-eabi/12.1.0/../../../../arm-none-eabi/lib/thumb/libg.a(lib_a-mktime.o)
 .rodata.__month_lengths
                0x000000000201f040       0x60 /opt/devkitpro/devkitARM/bin/../lib/gcc/arm-none-eabi/12.1.0/../../../../arm-none-eabi/lib/thumb/libg.a(lib_a-month_lengths.o)
                0x000000000201f040                __month_lengths
 .rodata.basefix.0
                0x000000000201f0a0       0x22 /opt/devkitpro/devkitARM/bin/../lib/gcc/arm-none-eabi/12.1.0/../../../../arm-none-eabi/lib/thumb/libg.a(lib_a-svfiscanf.o)
 .rodata._svfprintf_r.str1.1
                0x000000000201f0c2       0x3b /opt/devkitpro/devkitARM/bin/../lib/gcc/arm-none-eabi/12.1.0/../../../../arm-none-eabi/lib/thumb/libg.a(lib_a-svfprintf.o)
 *fill*         0x000000000201f0fd        0x3 ff
 .rodata.zeroes.0
                0x000000000201f100       0x10 /opt/devkitpro/devkitARM/bin/../lib/gcc/arm-none-eabi/12.1.0/../../../../arm-none-eabi/lib/thumb/libg.a(lib_a-svfprintf.o)
 .rodata.blanks.1
                0x000000000201f110       0x10 /opt/devkitpro/devkitARM/bin/../lib/gcc/arm-none-eabi/12.1.0/../../../../arm-none-eabi/lib/thumb/libg.a(lib_a-svfprintf.o)
 .rodata._tzset_unlocked_r.str1.4
                0x000000000201f120       0x53 /opt/devkitpro/devkitARM/bin/../lib/gcc/arm-none-eabi/12.1.0/../../../../arm-none-eabi/lib/thumb/libg.a(lib_a-tzset_r.o)
 .rodata.str1.4
                0x000000000201f173        0x4 /opt/devkitpro/devkitARM/bin/../lib/gcc/arm-none-eabi/12.1.0/../../../../arm-none-eabi/lib/thumb/libg.a(lib_a-tzvars.o)
 .rodata._vfiprintf_r.str1.1
                0x000000000201f173       0x29 /opt/devkitpro/devkitARM/bin/../lib/gcc/arm-none-eabi/12.1.0/../../../../arm-none-eabi/lib/thumb/libg.a(lib_a-vfiprintf.o)
 *fill*         0x000000000201f173        0x1 ff
 .rodata.zeroes.0
                0x000000000201f174       0x10 /opt/devkitpro/devkitARM/bin/../lib/gcc/arm-none-eabi/12.1.0/../../../../arm-none-eabi/lib/thumb/libg.a(lib_a-vfiprintf.o)
 .rodata.blanks.1
                0x000000000201f184       0x10 /opt/devkitpro/devkitARM/bin/../lib/gcc/arm-none-eabi/12.1.0/../../../../arm-none-eabi/lib/thumb/libg.a(lib_a-vfiprintf.o)
 .rodata._dtoa_r.str1.4
                0x000000000201f194       0x6d /opt/devkitpro/devkitARM/bin/../lib/gcc/arm-none-eabi/12.1.0/../../../../arm-none-eabi/lib/thumb/libg.a(lib_a-dtoa.o)
 *fill*         0x000000000201f201        0x3 ff
 .rodata.__multadd.str1.4
                0x000000000201f204       0x46 /opt/devkitpro/devkitARM/bin/../lib/gcc/arm-none-eabi/12.1.0/../../../../arm-none-eabi/lib/thumb/libg.a(lib_a-mprec.o)
                                         0x5a (size before relaxing)
 *fill*         0x000000000201f24a        0x2 ff
 .rodata.p05.0  0x000000000201f24c        0xc /opt/devkitpro/devkitARM/bin/../lib/gcc/arm-none-eabi/12.1.0/../../../../arm-none-eabi/lib/thumb/libg.a(lib_a-mprec.o)
 .rodata.__mprec_bigtens
                0x000000000201f258       0x28 /opt/devkitpro/devkitARM/bin/../lib/gcc/arm-none-eabi/12.1.0/../../../../arm-none-eabi/lib/thumb/libg.a(lib_a-mprec.o)
                0x000000000201f258                __mprec_bigtens
 .rodata.__mprec_tens
                0x000000000201f280       0xc8 /opt/devkitpro/devkitARM/bin/../lib/gcc/arm-none-eabi/12.1.0/../../../../arm-none-eabi/lib/thumb/libg.a(lib_a-mprec.o)
                0x000000000201f280                __mprec_tens
 .rodata.__action_table
                0x000000000201f348       0x6c /opt/devkitpro/devkitARM/bin/../lib/gcc/arm-none-eabi/12.1.0/../../../../arm-none-eabi/lib/thumb/libg.a(lib_a-svfiprintf.o)
                0x000000000201f348                __action_table
 .rodata.__state_table
                0x000000000201f3b4       0x6c /opt/devkitpro/devkitARM/bin/../lib/gcc/arm-none-eabi/12.1.0/../../../../arm-none-eabi/lib/thumb/libg.a(lib_a-svfiprintf.o)
                0x000000000201f3b4                __state_table
 .rodata.__chclass
                0x000000000201f420      0x100 /opt/devkitpro/devkitARM/bin/../lib/gcc/arm-none-eabi/12.1.0/../../../../arm-none-eabi/lib/thumb/libg.a(lib_a-svfiprintf.o)
                0x000000000201f420                __chclass
 .rodata.__assert_func.str1.4
                0x000000000201f520       0x3f /opt/devkitpro/devkitARM/bin/../lib/gcc/arm-none-eabi/12.1.0/../../../../arm-none-eabi/lib/thumb/libg.a(lib_a-assert.o)
                                         0x43 (size before relaxing)
 *fill*         0x000000000201f55f        0x1 ff
 .rodata.__jp2uc
                0x000000000201f560       0x20 /opt/devkitpro/devkitARM/bin/../lib/gcc/arm-none-eabi/12.1.0/../../../../arm-none-eabi/lib/thumb/libg.a(lib_a-jp2uc.o)
 .rodata._jp2uc_l.str1.4
                0x000000000201f580       0x12 /opt/devkitpro/devkitARM/bin/../lib/gcc/arm-none-eabi/12.1.0/../../../../arm-none-eabi/lib/thumb/libg.a(lib_a-jp2uc.o)
 *fill*         0x000000000201f592        0x2 ff
 .rodata.d02f4  0x000000000201f594     0x1a7c /opt/devkitpro/devkitARM/bin/../lib/gcc/arm-none-eabi/12.1.0/../../../../arm-none-eabi/lib/thumb/libg.a(lib_a-jp2uc.o)
 .rodata.b02cf  0x0000000002021010     0x172a /opt/devkitpro/devkitARM/bin/../lib/gcc/arm-none-eabi/12.1.0/../../../../arm-none-eabi/lib/thumb/libg.a(lib_a-jp2uc.o)
 *fill*         0x000000000202273a        0x2 ff
 .rodata.a8     0x000000000202273c       0x40 /opt/devkitpro/devkitARM/bin/../lib/gcc/arm-none-eabi/12.1.0/../../../../arm-none-eabi/lib/thumb/libg.a(lib_a-jp2uc.o)
 .rodata.a7     0x000000000202277c       0xa2 /opt/devkitpro/devkitARM/bin/../lib/gcc/arm-none-eabi/12.1.0/../../../../arm-none-eabi/lib/thumb/libg.a(lib_a-jp2uc.o)
 *fill*         0x000000000202281e        0x2 ff
 .rodata.a6     0x0000000002022820       0x70 /opt/devkitpro/devkitARM/bin/../lib/gcc/arm-none-eabi/12.1.0/../../../../arm-none-eabi/lib/thumb/libg.a(lib_a-jp2uc.o)
 .rodata.a3     0x0000000002022890       0x5b /opt/devkitpro/devkitARM/bin/../lib/gcc/arm-none-eabi/12.1.0/../../../../arm-none-eabi/lib/thumb/libg.a(lib_a-jp2uc.o)
 *fill*         0x00000000020228eb        0x1 ff
 .rodata.a2     0x00000000020228ec       0xbc /opt/devkitpro/devkitARM/bin/../lib/gcc/arm-none-eabi/12.1.0/../../../../arm-none-eabi/lib/thumb/libg.a(lib_a-jp2uc.o)
 .rodata.a1     0x00000000020229a8       0xbc /opt/devkitpro/devkitARM/bin/../lib/gcc/arm-none-eabi/12.1.0/../../../../arm-none-eabi/lib/thumb/libg.a(lib_a-jp2uc.o)
 .rodata.categories
                0x0000000002022a64     0x3528 /opt/devkitpro/devkitARM/bin/../lib/gcc/arm-none-eabi/12.1.0/../../../../arm-none-eabi/lib/thumb/libg.a(lib_a-categories.o)
 .rodata.AddDevice.str1.4
                0x0000000002025f8c        0x8 /opt/devkitpro/devkitARM/bin/../lib/gcc/arm-none-eabi/12.1.0/../../../../arm-none-eabi/lib/thumb/libsysbase.a(iosupport.o)
 .rodata.dotab_stdnull