Archive member included to satisfy reference by file (symbol)

/opt/devkitpro/libgba/lib/libmm.a(mm_mas.o)
                              bn_hw_audio.bn_noflto.o (mmStart)
/opt/devkitpro/libgba/lib/libmm.a(mm_main.o)
                              /opt/devkitpro/libgba/lib/libmm.a(mm_mas.o) (mmCallback)
/opt/devkitpro/libgba/lib/libmm.a(mm_effect.o)
                              bn_hw_audio.bn_noflto.o (mmEffect)
/opt/devkitpro/libgba/lib/libmm.a(mm_mas_arm.o)
                              /opt/devkitpro/libgba/lib/libmm.a(mm_mas.o) (mmAllocChannel)
/opt/devkitpro/libgba/lib/libmm.a(mm_mixer_gba.o)
                              bn_hw_audio.bn_noflto.o (mmVBlank)
/opt/devkitpro/libgba/lib/libmm.a(mm_main_gba.o)
                              /opt/devkitpro/libgba/lib/libmm.a(mm_mixer_gba.o) (mm_vblank_function)
/opt/devkitpro/devkitARM/bin/../lib/gcc/arm-none-eabi/12.1.0/thumb/libgcc.a(_call_via_rX.o)
                              /opt/devkitpro/libgba/lib/libmm.a(mm_main_gba.o) (_call_via_r1)
/opt/devkitpro/devkitARM/bin/../lib/gcc/arm-none-eabi/12.1.0/thumb/libgcc.a(_aeabi_ldivmod.o)
                              bn_hw_text.o (__aeabi_ldivmod)
/opt/devkitpro/devkitARM/bin/../lib/gcc/arm-none-eabi/12.1.0/thumb/libgcc.a(_aeabi_uldivmod.o)
                              bn_hw_text.o (__aeabi_uldivmod)
/opt/devkitpro/devkitARM/bin/../lib/gcc/arm-none-eabi/12.1.0/thumb/libgcc.a(_udivmoddi4.o)
                              /opt/devkitpro/devkitARM/bin/../lib/gcc/arm-none-eabi/12.1.0/thumb/libgcc.a(_aeabi_ldivmod.o) (__udivmoddi4)
/opt/devkitpro/devkitARM/bin/../lib/gcc/arm-none-eabi/12.1.0/../../../../arm-none-eabi/lib/thumb/libg.a(lib_a-init.o)
                              /opt/devkitpro/devkitARM/bin/../lib/gcc/arm-none-eabi/12.1.0/../../../../arm-none-eabi/lib/thumb/gba_crt0.o (__libc_init_array)
/opt/devkitpro/devkitARM/bin/../lib/gcc/arm-none-eabi/12.1.0/../../../../arm-none-eabi/lib/thumb/libsysbase.a(malloc_vars.o)
                              /opt/devkitpro/devkitARM/bin/../lib/gcc/arm-none-eabi/12.1.0/../../../../arm-none-eabi/lib/thumb/gba_crt0.o (fake_heap_end)

Discarded input sections

 .text          0x0000000000000000        0x0 /opt/devkitpro/devkitARM/bin/../lib/gcc/arm-none-eabi/12.1.0/../../../../arm-none-eabi/lib/thumb/gba_crt0.o
 .data          0x0000000000000000        0x0 /opt/devkitpro/devkitARM/bin/../lib/gcc/arm-none-eabi/12.1.0/../../../../arm-none-eabi/lib/thumb/gba_crt0.o
 .bss           0x0000000000000000        0x0 /opt/devkitpro/devkitARM/bin/../lib/gcc/arm-none-eabi/12.1.0/../../../../arm-none-eabi/lib/thumb/gba_crt0.o
 .text          0x0000000000000000        0x0 /opt/devkitpro/devkitARM/bin/../lib/gcc/arm-none-eabi/12.1.0/thumb/crti.o
 .data          0x0000000000000000        0x0 /opt/devkitpro/devkitARM/bin/../lib/gcc/arm-none-eabi/12.1.0/thumb/crti.o
 .bss           0x0000000000000000        0x0 /opt/devkitpro/devkitARM/bin/../lib/gcc/arm-none-eabi/12.1.0/thumb/crti.o
 .text          0x0000000000000000        0x0 /opt/devkitpro/devkitARM/bin/../lib/gcc/arm-none-eabi/12.1.0/thumb/crtbegin.o
 .data          0x0000000000000000        0x0 /opt/devkitpro/devkitARM/bin/../lib/gcc/arm-none-eabi/12.1.0/thumb/crtbegin.o
 .bss           0x0000000000000000        0x0 /opt/devkitpro/devkitARM/bin/../lib/gcc/arm-none-eabi/12.1.0/thumb/crtbegin.o
 .rodata.all_implied_fbits
                0x0000000000000000       0x24 /opt/devkitpro/devkitARM/bin/../lib/gcc/arm-none-eabi/12.1.0/thumb/crtbegin.o
 .data.__dso_handle
                0x0000000000000000        0x4 /opt/devkitpro/devkitARM/bin/../lib/gcc/arm-none-eabi/12.1.0/thumb/crtbegin.o
 .text          0x0000000000000000        0x0 _bn_audio_soundbank.bin.o
 .data          0x0000000000000000        0x0 _bn_audio_soundbank.bin.o
 .bss           0x0000000000000000        0x0 _bn_audio_soundbank.bin.o
 .text          0x0000000000000000        0x0 main.o
 .data          0x0000000000000000        0x0 main.o
 .bss           0x0000000000000000        0x0 main.o
 .group         0x0000000000000000        0xc bn_audio_manager.o
 .group         0x0000000000000000        0xc bn_audio_manager.o
 .group         0x0000000000000000        0xc bn_audio_manager.o
 .group         0x0000000000000000        0xc bn_audio_manager.o
 .group         0x0000000000000000        0xc bn_audio_manager.o
 .group         0x0000000000000000        0xc bn_audio_manager.o
 .group         0x0000000000000000        0xc bn_audio_manager.o
 .group         0x0000000000000000        0xc bn_audio_manager.o
 .group         0x0000000000000000        0xc bn_audio_manager.o
 .group         0x0000000000000000        0xc bn_audio_manager.o
 .group         0x0000000000000000        0xc bn_audio_manager.o
 .group         0x0000000000000000        0xc bn_audio_manager.o
 .group         0x0000000000000000        0xc bn_audio_manager.o
 .group         0x0000000000000000        0xc bn_audio_manager.o
 .group         0x0000000000000000        0xc bn_audio_manager.o
[...]
Memory Configuration

Name             Origin             Length             Attributes
rom              0x0000000008000000 0x0000000002000000
iwram            0x0000000003000000 0x0000000000008000
ewram            0x0000000002000000 0x0000000000040000
*default*        0x0000000000000000 0xffffffffffffffff

Linker script and memory map

                0x0000000008000000                __text_start = ORIGIN (rom)
                0x0000000002040000                __eheap_end = (ORIGIN (ewram) + LENGTH (ewram))
                0x0000000003000000                __iwram_start = ORIGIN (iwram)
                0x0000000003008000                __iwram_top = (ORIGIN (iwram) + LENGTH (iwram))
                0x0000000003007fa0                __sp_irq = (__iwram_top - 0x60)
                0x0000000003007f00                __sp_usr = (__sp_irq - 0xa0)
                0x0000000003007ff8                __irq_flags = 0x3007ff8
                0x0000000008000000                . = __text_start

.crt0           0x0000000008000000      0x210
 *(.crt0)
 .crt0          0x0000000008000000      0x210 /opt/devkitpro/devkitARM/bin/../lib/gcc/arm-none-eabi/12.1.0/../../../../arm-none-eabi/lib/thumb/gba_crt0.o
                0x0000000008000000                _start
                0x00000000080000c4                __boot_method
                0x00000000080000c5                __slave_number
                0x00000000080000e0                start_vector
                0x0000000008000210                . = ALIGN (0x4)

.init           0x0000000008000210        0xc
 *(SORT_NONE(.init))
 .init          0x0000000008000210        0x4 /opt/devkitpro/devkitARM/bin/../lib/gcc/arm-none-eabi/12.1.0/thumb/crti.o
                0x0000000008000210                _init
 .init          0x0000000008000214        0x8 /opt/devkitpro/devkitARM/bin/../lib/gcc/arm-none-eabi/12.1.0/thumb/crtn.o

.plt            0x000000000800021c        0x0
 *(.plt)
                0x000000000800021c                . = ALIGN (0x4)

.text           0x0000000008000220     0xdd30
 *(EXCLUDE_FILE(*.iwram*) .text*)
 .text.__do_global_dtors_aux
                0x0000000008000220       0x2c /opt/devkitpro/devkitARM/bin/../lib/gcc/arm-none-eabi/12.1.0/thumb/crtbegin.o
 .text.frame_dummy
                0x000000000800024c       0x24 /opt/devkitpro/devkitARM/bin/../lib/gcc/arm-none-eabi/12.1.0/thumb/crtbegin.o
 .text.startup.main
                0x0000000008000270        0xc main.o
                0x0000000008000270                main
 .text._ZN2bn13audio_manager4initEPFvvES2_
                0x000000000800027c        0xc bn_audio_manager.o
                0x000000000800027c                bn::audio_manager::init(void (*)(), void (*)())
 .text._ZN2bn13audio_manager7disableEv
                0x0000000008000288        0xc bn_audio_manager.o
                0x0000000008000288                bn::audio_manager::disable()
 .text._ZN2bn13audio_manager22disable_vblank_handlerEv
                0x0000000008000294        0xc bn_audio_manager.o
                0x0000000008000294                bn::audio_manager::disable_vblank_handler()
 .text._ZN2bn13audio_manager6commitEv
                0x00000000080002a0        0xc bn_audio_manager.o
                0x00000000080002a0                bn::audio_manager::commit()
 .text._ZN3_bn6assert9show_argsIA18_ciEEvPKcS4_S4_iRKT_RKT0_
                0x00000000080002ac       0x58 bn_audio_manager.o
                0x00000000080002ac                void _bn::assert::show_args<char [18], int>(char const*, char const*, char const*, int, char const (&) [18], int const&)
 .text._ZN3_bn6assert9show_argsIA14_ciEEvPKcS4_S4_iRKT_RKT0_
                0x0000000008000304       0x58 bn_audio_manager.o
                0x0000000008000304                void _bn::assert::show_args<char [14], int>(char const*, char const*, char const*, int, char const (&) [14], int const&)
 .text._ZN2bn13audio_manager6updateEv
                0x000000000800035c      0x180 bn_audio_manager.o
                0x000000000800035c                bn::audio_manager::update()
 .text._ZN3_bn6assert9show_argsIA26_ciEEvPKcS4_S4_iRKT_RKT0_
                0x00000000080004dc       0x58 bn_audio_manager.o
                0x00000000080004dc                void _bn::assert::show_args<char [26], int>(char const*, char const*, char const*, int, char const (&) [26], int const&)
 .text._ZN3_bn6assert9show_argsIA33_cEEvPKcS4_S4_iRKT_
                0x0000000008000534       0x50 bn_audio_manager.o
                0x0000000008000534                void _bn::assert::show_args<char [33]>(char const*, char const*, char const*, int, char const (&) [33])
 .text._ZN3_bn6assert9show_argsIA25_cEEvPKcS4_S4_iRKT_
                0x0000000008000584       0x50 bn_audio_manager.o
                0x0000000008000584                void _bn::assert::show_args<char [25]>(char const*, char const*, char const*, int, char const (&) [25])
 .text._ZN2bn13audio_manager10stop_musicEv
                0x00000000080005d4       0x70 bn_audio_manager.o
                0x00000000080005d4                bn::audio_manager::stop_music()
 .text._ZN2bn13audio_manager4stopEv
                0x0000000008000644       0x5c bn_audio_manager.o
                0x0000000008000644                bn::audio_manager::stop()
 .text._ZN3_bn6assert9show_argsIA24_cEEvPKcS4_S4_iRKT_
                0x00000000080006a0       0x50 bn_audio_manager.o
                0x00000000080006a0                void _bn::assert::show_args<char [24]>(char const*, char const*, char const*, int, char const (&) [24])
 .text.startup._GLOBAL__sub_I__ZN2bn5audio16update_on_vblankEv
                0x00000000080006f0       0x30 bn_audio_manager.o
 .text._ZN2bn19ibest_fit_allocatorC2ERNS_5ilistINS0_9item_typeEEERNS_7ivectorINS3_8iteratorEEE
                0x0000000008000720        0x8 bn_best_fit_allocator.o
                0x0000000008000720                bn::ibest_fit_allocator::ibest_fit_allocator(bn::ilist<bn::ibest_fit_allocator::item_type>&, bn::ivector<bn::ilist<bn::ibest_fit_allocator::item_type>::iterator>&)
                0x0000000008000720                bn::ibest_fit_allocator::ibest_fit_allocator(bn::ilist<bn::ibest_fit_allocator::item_type>&, bn::ivector<bn::ilist<bn::ibest_fit_allocator::item_type>::iterator>&)
 .text._ZN3_bn6assert9show_argsIA18_cEEvPKcS4_S4_iRKT_
                0x0000000008000728       0x50 bn_best_fit_allocator.o
                0x0000000008000728                void _bn::assert::show_args<char [18]>(char const*, char const*, char const*, int, char const (&) [18])
 .text._ZN2bn19ibest_fit_allocatorD2Ev
                0x0000000008000778       0x34 bn_best_fit_allocator.o
                0x0000000008000778                bn::ibest_fit_allocator::~ibest_fit_allocator()
                0x0000000008000778                bn::ibest_fit_allocator::~ibest_fit_allocator()
 .text._ZN3_bn6assert9show_argsIA16_ciEEvPKcS4_S4_iRKT_RKT0_
                0x00000000080007ac       0x58 bn_best_fit_allocator.o
                0x00000000080007ac                void _bn::assert::show_args<char [16], int>(char const*, char const*, char const*, int, char const (&) [16], int const&)
 .text._ZN3_bn6assert9show_argsIA14_cEEvPKcS4_S4_iRKT_
                0x0000000008000804       0x50 bn_best_fit_allocator.o
                0x0000000008000804                void _bn::assert::show_args<char [14]>(char const*, char const*, char const*, int, char const (&) [14])
 .text._ZN3_bn6assert9show_argsIA19_cEEvPKcS4_S4_iRKT_
                0x0000000008000854       0x50 bn_best_fit_allocator.o
                0x0000000008000854                void _bn::assert::show_args<char [19]>(char const*, char const*, char const*, int, char const (&) [19])
 .text._ZN3_bn6assert9show_argsIA13_cEEvPKcS4_S4_iRKT_
                0x00000000080008a4       0x50 bn_best_fit_allocator.o
                0x00000000080008a4                void _bn::assert::show_args<char [13]>(char const*, char const*, char const*, int, char const (&) [13])
 .text._ZN3_bn6assert9show_argsIA16_cEEvPKcS4_S4_iRKT_
                0x00000000080008f4       0x50 bn_best_fit_allocator.o
                0x00000000080008f4                void _bn::assert::show_args<char [16]>(char const*, char const*, char const*, int, char const (&) [16])
 .text._ZN3_bn6assert9show_argsIA17_cEEvPKcS4_S4_iRKT_
                0x0000000008000944       0x50 bn_best_fit_allocator.o
                0x0000000008000944                void _bn::assert::show_args<char [17]>(char const*, char const*, char const*, int, char const (&) [17])
 .text._ZN3_bn6assert9show_argsIA15_cEEvPKcS4_S4_iRKT_
                0x0000000008000994       0x50 bn_best_fit_allocator.o
                0x0000000008000994                void _bn::assert::show_args<char [15]>(char const*, char const*, char const*, int, char const (&) [15])
 .text._ZN2bn19ibest_fit_allocator5_initEPvi
                0x00000000080009e4      0x104 bn_best_fit_allocator.o
                0x00000000080009e4                bn::ibest_fit_allocator::_init(void*, int)
 .text._ZN2bn13ostringstream11append_argsIiJA4_ciEEEvRKT_DpRKT0_.isra.0
                0x0000000008000ae8       0x24 bn_bg_blocks_manager.o
 .text._ZN2bn17bg_blocks_manager15decrease_usagesEi.part.0
                0x0000000008000b0c       0xc0 bn_bg_blocks_manager.o
 .text._ZNK2bn18regular_bg_map_ptr2idEv
                0x0000000008000bcc       0x18 bn_bg_blocks_manager.o
                0x0000000008000bcc                bn::regular_bg_map_ptr::id() const
 .text._ZNK2bn18regular_bg_map_ptr10dimensionsEv
                0x0000000008000be4       0x20 bn_bg_blocks_manager.o
                0x0000000008000be4                bn::regular_bg_map_ptr::dimensions() const
 .text._ZNK2bn20regular_bg_tiles_ptr3cbbEv
                0x0000000008000c04       0x18 bn_bg_blocks_manager.o
                0x0000000008000c04                bn::regular_bg_tiles_ptr::cbb() const
 .text._ZNK2bn17affine_bg_map_ptr2idEv
                0x0000000008000c1c       0x18 bn_bg_blocks_manager.o
                0x0000000008000c1c                bn::affine_bg_map_ptr::id() const
 .text._ZNK2bn17affine_bg_map_ptr10dimensionsEv
                0x0000000008000c34       0x20 bn_bg_blocks_manager.o
                0x0000000008000c34                bn::affine_bg_map_ptr::dimensions() const
 .text._ZNK2bn19affine_bg_tiles_ptr3cbbEv
                0x0000000008000c54       0x18 bn_bg_blocks_manager.o
                0x0000000008000c54                bn::affine_bg_tiles_ptr::cbb() const
 .text._ZN2bn17bg_blocks_manager11must_commitEi
                0x0000000008000c6c       0x18 bn_bg_blocks_manager.o
                0x0000000008000c6c                bn::bg_blocks_manager::must_commit(int)
 .text._ZN3_bn6assert9show_argsIA15_ciEEvPKcS4_S4_iRKT_RKT0_
                0x0000000008000c84       0x58 bn_bg_blocks_manager.o
                0x0000000008000c84                void _bn::assert::show_args<char [15], int>(char const*, char const*, char const*, int, char const (&) [15], int const&)
 .text._ZN3_bn6assert9show_argsIA26_cEEvPKcS4_S4_iRKT_
                0x0000000008000cdc       0x50 bn_bg_blocks_manager.o
                0x0000000008000cdc                void _bn::assert::show_args<char [26]>(char const*, char const*, char const*, int, char const (&) [26])
 .text._ZN3_bn6assert9show_argsIJA16_ciA4_ciEEEvPKcS5_S5_iDpRKT_
                0x0000000008000d2c       0x5c bn_bg_blocks_manager.o
                0x0000000008000d2c                void _bn::assert::show_args<char [16], int, char [4], int>(char const*, char const*, char const*, int, char const (&) [16], int const&, char const (&) [4], int const&)
 .text._ZN3_bn6assert9show_argsIJA58_ciA4_ciEEEvPKcS5_S5_iDpRKT_
                0x0000000008000d88       0x5c bn_bg_blocks_manager.o
                0x0000000008000d88                void _bn::assert::show_args<char [58], int, char [4], int>(char const*, char const*, char const*, int, char const (&) [58], int const&, char const (&) [4], int const&)
 .text._ZN3_bn6assert9show_argsIA22_cEEvPKcS4_S4_iRKT_
                0x0000000008000de4       0x50 bn_bg_blocks_manager.o
                0x0000000008000de4                void _bn::assert::show_args<char [22]>(char const*, char const*, char const*, int, char const (&) [22])
 .text._ZNK2bn17affine_bg_map_ptr5tilesEv
                0x0000000008000e34       0x48 bn_bg_blocks_manager.o
                0x0000000008000e34                bn::affine_bg_map_ptr::tiles() const
 .text._ZNK2bn18regular_bg_map_ptr5tilesEv
                0x0000000008000e7c       0x48 bn_bg_blocks_manager.o
                0x0000000008000e7c                bn::regular_bg_map_ptr::tiles() const
 .text._ZNK2bn18regular_bg_map_ptr3bppEv
                0x0000000008000ec4       0x4c bn_bg_blocks_manager.o
                0x0000000008000ec4                bn::regular_bg_map_ptr::bpp() const
 .text._ZN2bn17bg_blocks_manager21update_affine_map_rowEiii
                0x0000000008000f10       0xfc bn_bg_blocks_manager.o
                0x0000000008000f10                bn::bg_blocks_manager::update_affine_map_row(int, int, int)
 .text._ZN2bn17bg_blocks_manager23set_affine_map_positionEiii
                0x000000000800100c      0x1ac bn_bg_blocks_manager.o
                0x000000000800100c                bn::bg_blocks_manager::set_affine_map_position(int, int, int)
 .text._ZN2bn17bg_blocks_manager21update_affine_map_colEiii
                0x00000000080011b8      0x224 bn_bg_blocks_manager.o
                0x00000000080011b8                bn::bg_blocks_manager::update_affine_map_col(int, int, int)
 .text._ZN2bn17bg_blocks_manager22update_regular_map_colEiii
                0x00000000080013dc      0x174 bn_bg_blocks_manager.o
                0x00000000080013dc                bn::bg_blocks_manager::update_regular_map_col(int, int, int)
 .text._ZN2bn17bg_blocks_manager22update_regular_map_rowEiii
                0x0000000008001550      0x148 bn_bg_blocks_manager.o
                0x0000000008001550                bn::bg_blocks_manager::update_regular_map_row(int, int, int)
 .text._ZN2bn17bg_blocks_manager24set_regular_map_positionEiii
                0x0000000008001698      0x1e0 bn_bg_blocks_manager.o
                0x0000000008001698                bn::bg_blocks_manager::set_regular_map_position(int, int, int)
 .text._ZN2bn17bg_blocks_manager12_GLOBAL__N_112_commit_itemERKNS1_9item_typeE
                0x0000000008001878      0x2a8 bn_bg_blocks_manager.o
 .text._ZN2bn17bg_blocks_manager6commitEv
                0x0000000008001b20       0x40 bn_bg_blocks_manager.o
                0x0000000008001b20                bn::bg_blocks_manager::commit()
 .text._ZN2bn17bg_blocks_manager12_GLOBAL__N_110items_list12insert_afterEiRKNS1_9item_typeE.constprop.0
                0x0000000008001b60      0x2b0 bn_bg_blocks_manager.o
 .text._ZN2bn17bg_blocks_manager4initEv
                0x0000000008001e10      0x15c bn_bg_blocks_manager.o
                0x0000000008001e10                bn::bg_blocks_manager::init()
 .text._ZN3_bn6assert9show_argsIA25_ciEEvPKcS4_S4_iRKT_RKT0_
                0x0000000008001f6c       0x58 bn_bg_blocks_manager.o
                0x0000000008001f6c                void _bn::assert::show_args<char [25], int>(char const*, char const*, char const*, int, char const (&) [25], int const&)
 .text._ZN2bn14iunordered_mapIPKviNS_4hashIS2_EENS_8equal_toIS2_EEE5eraseERKNS7_14const_iteratorE.isra.0
                0x0000000008001fc4      0x17c bn_bg_blocks_manager.o
 .text._ZN2bn17bg_blocks_manager12_GLOBAL__N_121_remove_adjacent_itemEiRNS1_9item_typeE
                0x0000000008002140       0xd8 bn_bg_blocks_manager.o
 .text._ZN2bn17bg_blocks_manager6updateEv
                0x0000000008002218      0x254 bn_bg_blocks_manager.o
                0x0000000008002218                bn::bg_blocks_manager::update()
 .text.startup._GLOBAL__sub_I__ZN2bn7bg_maps16used_cells_countEv
                0x000000000800246c       0xa4 bn_bg_blocks_manager.o
 .text.exit._GLOBAL__sub_D__ZN2bn7bg_maps16used_cells_countEv
                0x0000000008002510       0x80 bn_bg_blocks_manager.o
 .text._ZN2bn13ostringstream11append_argsIiJA4_ciEEEvRKT_DpRKT0_.isra.0
                0x0000000008002590       0x24 bn_bgs_manager.o
 .text._ZN2bn11bgs_manager5hw_idEPv
                0x00000000080025b4       0x24 bn_bgs_manager.o
                0x00000000080025b4                bn::bgs_manager::hw_id(void*)
 .text._ZN2bn11bgs_manager11hw_positionEPv
                0x00000000080025d8        0x4 bn_bgs_manager.o
                0x00000000080025d8                bn::bgs_manager::hw_position(void*)
 .text._ZN2bn11bgs_manager14mat_attributesEPv
                0x00000000080025dc        0x4 bn_bgs_manager.o
                0x00000000080025dc                bn::bgs_manager::mat_attributes(void*)
 .text._ZN2bn11bgs_manager20update_windows_flagsEPj
                0x00000000080025e0       0x7c bn_bgs_manager.o
                0x00000000080025e0                bn::bgs_manager::update_windows_flags(unsigned int*)
 .text._ZN2bn11bgs_manager36fill_hblank_effect_regular_positionsEiPKNS_7fixed_tILi12EEEPt
                0x000000000800265c       0x38 bn_bgs_manager.o
                0x000000000800265c                bn::bgs_manager::fill_hblank_effect_regular_positions(int, bn::fixed_t<12> const*, unsigned short*)
 .text._ZN2bn11bgs_manager45fill_hblank_effect_pivot_horizontal_positionsEPvPKNS_7fixed_tILi12EEEPj
                0x0000000008002694       0x24 bn_bgs_manager.o
                0x0000000008002694                bn::bgs_manager::fill_hblank_effect_pivot_horizontal_positions(void*, bn::fixed_t<12> const*, unsigned int*)
 .text._ZN2bn11bgs_manager43fill_hblank_effect_pivot_vertical_positionsEPvPKNS_7fixed_tILi12EEEPj
                0x00000000080026b8       0x24 bn_bgs_manager.o
                0x00000000080026b8                bn::bgs_manager::fill_hblank_effect_pivot_vertical_positions(void*, bn::fixed_t<12> const*, unsigned int*)
 .text._ZN2bn11bgs_manager6commitEv
                0x00000000080026dc       0xf8 bn_bgs_manager.o
                0x00000000080026dc                bn::bgs_manager::commit()
 .text._ZN2bn11bgs_manager4stopEv
                0x00000000080027d4       0x28 bn_bgs_manager.o
                0x00000000080027d4                bn::bgs_manager::stop()
 .text._ZN3_bn6assert9show_argsIA30_cEEvPKcS4_S4_iRKT_
                0x00000000080027fc       0x50 bn_bgs_manager.o
                0x00000000080027fc                void _bn::assert::show_args<char [30]>(char const*, char const*, char const*, int, char const (&) [30])
 .text._ZN3_bn6assert9show_argsIJA60_ciA4_ciEEEvPKcS5_S5_iDpRKT_
                0x000000000800284c       0x5c bn_bgs_manager.o
                0x000000000800284c                void _bn::assert::show_args<char [60], int, char [4], int>(char const*, char const*, char const*, int, char const (&) [60], int const&, char const (&) [4], int const&)
 .text._ZN3_bn6assert9show_argsIJA59_ciA4_ciEEEvPKcS5_S5_iDpRKT_
                0x00000000080028a8       0x5c bn_bgs_manager.o
                0x00000000080028a8                void _bn::assert::show_args<char [59], int, char [4], int>(char const*, char const*, char const*, int, char const (&) [59], int const&, char const (&) [4], int const&)
 .text._ZN3_bn6assert9show_argsIJA57_ciA4_ciEEEvPKcS5_S5_iDpRKT_
                0x0000000008002904       0x5c bn_bgs_manager.o
                0x0000000008002904                void _bn::assert::show_args<char [57], int, char [4], int>(char const*, char const*, char const*, int, char const (&) [57], int const&, char const (&) [4], int const&)
 .text._ZN2bn11bgs_manager14update_camerasEv
                0x0000000008002960      0x2d4 bn_bgs_manager.o
                0x0000000008002960                bn::bgs_manager::update_cameras()
 .text._ZN2bn11bgs_manager15commit_big_mapsEv
                0x0000000008002c34      0x1d4 bn_bgs_manager.o
                0x0000000008002c34                bn::bgs_manager::commit_big_maps()
 .text._ZN2bn11bgs_manager11regular_mapEPv
                0x0000000008002e08       0x34 bn_bgs_manager.o
                0x0000000008002e08                bn::bgs_manager::regular_map(void*)
 .text._ZN2bn11bgs_manager10affine_mapEPv
                0x0000000008002e3c       0x34 bn_bgs_manager.o
                0x0000000008002e3c                bn::bgs_manager::affine_map(void*)
 .text._ZN2bn11bgs_manager37fill_hblank_effect_regular_attributesEPvPKNS_21regular_bg_attributesEPt
                0x0000000008002e70      0x104 bn_bgs_manager.o
                0x0000000008002e70                bn::bgs_manager::fill_hblank_effect_regular_attributes(void*, bn::regular_bg_attributes const*, unsigned short*)
 .text._ZN2bn11bgs_manager36fill_hblank_effect_affine_attributesEPvPKNS_20affine_bg_attributesEPt
                0x0000000008002f74      0x108 bn_bgs_manager.o
                0x0000000008002f74                bn::bgs_manager::fill_hblank_effect_affine_attributes(void*, bn::affine_bg_attributes const*, unsigned short*)
 .text._ZN3_bn6assert9show_argsIA31_cEEvPKcS4_S4_iRKT_
                0x000000000800307c       0x50 bn_bgs_manager.o
                0x000000000800307c                void _bn::assert::show_args<char [31]>(char const*, char const*, char const*, int, char const (&) [31])
 .text._ZN2bn11bgs_manager15rebuild_handlesEv.part.0
                0x00000000080030cc      0x174 bn_bgs_manager.o
 .text._ZN2bn11bgs_manager6updateEv
                0x0000000008003240      0x1d0 bn_bgs_manager.o
                0x0000000008003240                bn::bgs_manager::update()
 .text.startup._GLOBAL__sub_I__ZN2bn3bgs16used_items_countEv
                0x0000000008003410       0x64 bn_bgs_manager.o
 .text.exit._GLOBAL__sub_D__ZN2bn3bgs16used_items_countEv
                0x0000000008003474       0x14 bn_bgs_manager.o
 .text._ZNK2bn10camera_ptr8positionEv
                0x0000000008003488       0x14 bn_cameras_manager.o
                0x0000000008003488                bn::camera_ptr::position() const
 .text._ZN2bn15cameras_manager6updateEv
                0x000000000800349c       0x28 bn_cameras_manager.o
                0x000000000800349c                bn::cameras_manager::update()
 .text._ZN2bn15cameras_manager4initEv
                0x00000000080034c4       0x54 bn_cameras_manager.o
                0x00000000080034c4                bn::cameras_manager::init()
 .text._ZN2bn10camera_ptr8_destroyEv
                0x0000000008003518       0x60 bn_cameras_manager.o
                0x0000000008003518                bn::camera_ptr::_destroy()
 .text.startup._GLOBAL__sub_I__ZN2bn7cameras16used_items_countEv
                0x0000000008003578       0x2c bn_cameras_manager.o
 .text._ZN2bn4core12_GLOBAL__N_111update_implEv
                0x00000000080035a4       0x74 bn_core.o
 .text._ZN2bn4core12_GLOBAL__N_118hp_vblank_functionEv
                0x0000000008003618       0x44 bn_core.o
 .text._ZN2bn4core12_GLOBAL__N_14stopEb.constprop.0
                0x000000000800365c       0x40 bn_core.o
 .text._ZN2bn11string_viewC2EPKc
                0x000000000800369c       0x1c bn_core.o
                0x000000000800369c                bn::string_view::string_view(char const*)
                0x000000000800369c                bn::string_view::string_view(char const*)
 .text._ZN2bn4core6updateEv
                0x00000000080036b8       0x78 bn_core.o
                0x00000000080036b8                bn::core::update()
 .text._ZN2bn4core4initERKNS_11string_viewE
                0x0000000008003730       0xa0 bn_core.o
                0x0000000008003730                bn::core::init(bn::string_view const&)
 .text._ZN2bn4core4initEv
                0x00000000080037d0       0x18 bn_core.o
                0x00000000080037d0                bn::core::init()
 .text._ZN3_bn6assert4showEPKcS2_S2_iRKN2bn12istring_baseE
                0x00000000080037e8       0x60 bn_core.o
                0x00000000080037e8                _bn::assert::show(char const*, char const*, char const*, int, bn::istring_base const&)
 .text.startup._GLOBAL__sub_I__ZN2bn4core4initEv
                0x0000000008003848       0x3c bn_core.o
 .text._ZN2bn15display_manager12_GLOBAL__N_134_update_rect_windows_hw_boundariesEi
                0x0000000008003884       0x8c bn_display_manager.o
 .text._ZN2bn15display_manager4initEv
                0x0000000008003910       0x40 bn_display_manager.o
                0x0000000008003910                bn::display_manager::init()
 .text._ZN2bn15display_manager8set_modeEi
                0x0000000008003950       0x1c bn_display_manager.o
                0x0000000008003950                bn::display_manager::set_mode(int)
 .text._ZN2bn15display_manager14set_bg_enabledEib
                0x000000000800396c       0x1c bn_display_manager.o
                0x000000000800396c                bn::display_manager::set_bg_enabled(int, bool)
 .text._ZN2bn15display_manager15disable_all_bgsEv
                0x0000000008003988       0x18 bn_display_manager.o
                0x0000000008003988                bn::display_manager::disable_all_bgs()
 .text._ZN2bn15display_manager36fill_mosaic_hblank_effect_attributesEPKNS_17mosaic_attributesEPt
                0x00000000080039a0       0xb4 bn_display_manager.o
                0x00000000080039a0                bn::display_manager::fill_mosaic_hblank_effect_attributes(bn::mosaic_attributes const*, unsigned short*)
 .text._ZN2bn15display_manager23set_blending_bg_enabledEib
                0x0000000008003a54       0x14 bn_display_manager.o
                0x0000000008003a54                bn::display_manager::set_blending_bg_enabled(int, bool)
 .text._ZN2bn15display_manager32blending_transparency_top_weightEv
                0x0000000008003a68       0x18 bn_display_manager.o
                0x0000000008003a68                bn::display_manager::blending_transparency_top_weight()
 .text._ZN2bn15display_manager35blending_transparency_bottom_weightEv
                0x0000000008003a80       0x28 bn_display_manager.o
                0x0000000008003a80                bn::display_manager::blending_transparency_bottom_weight()
 .text._ZN2bn15display_manager51fill_blending_transparency_hblank_effect_attributesEPKNS_32blending_transparency_attributesEPt
                0x0000000008003aa8       0x30 bn_display_manager.o
                0x0000000008003aa8                bn::display_manager::fill_blending_transparency_hblank_effect_attributes(bn::blending_transparency_attributes const*, unsigned short*)
 .text._ZN2bn15display_manager21blending_fade_enabledEv
                0x0000000008003ad8       0x10 bn_display_manager.o
                0x0000000008003ad8                bn::display_manager::blending_fade_enabled()
 .text._ZN2bn15display_manager39fill_blending_fade_hblank_effect_alphasEPKNS_19blending_fade_alphaEPt
                0x0000000008003ae8       0x24 bn_display_manager.o
                0x0000000008003ae8                bn::display_manager::fill_blending_fade_hblank_effect_alphas(bn::blending_fade_alpha const*, unsigned short*)
 .text._ZN2bn15display_manager26update_windows_visible_bgsEv
                0x0000000008003b0c       0x10 bn_display_manager.o
                0x0000000008003b0c                bn::display_manager::update_windows_visible_bgs()
 .text._ZN2bn15display_manager36rect_window_hw_horizontal_boundariesEi
                0x0000000008003b1c       0x14 bn_display_manager.o
                0x0000000008003b1c                bn::display_manager::rect_window_hw_horizontal_boundaries(int)
 .text._ZN2bn15display_manager34rect_window_hw_vertical_boundariesEi
                0x0000000008003b30       0x14 bn_display_manager.o
                0x0000000008003b30                bn::display_manager::rect_window_hw_vertical_boundaries(int)
 .text._ZN2bn15display_manager52fill_rect_window_hblank_effect_horizontal_boundariesERKNS_4pairIiiEEPKNS1_INS_7fixed_tILi12EEES6_EEPt
                0x0000000008003b44      0x13c bn_display_manager.o
                0x0000000008003b44                bn::display_manager::fill_rect_window_hblank_effect_horizontal_boundaries(bn::pair<int, int> const&, bn::pair<bn::fixed_t<12>, bn::fixed_t<12> > const*, unsigned short*)
 .text._ZN2bn15display_manager50fill_rect_window_hblank_effect_vertical_boundariesERKNS_4pairIiiEEPKNS1_INS_7fixed_tILi12EEES6_EEPt
                0x0000000008003c80      0x13c bn_display_manager.o
                0x0000000008003c80                bn::display_manager::fill_rect_window_hblank_effect_vertical_boundaries(bn::pair<int, int> const&, bn::pair<bn::fixed_t<12>, bn::fixed_t<12> > const*, unsigned short*)
 .text._ZN2bn15display_manager36fill_green_swap_hblank_effect_statesEPKbPt
                0x0000000008003dbc       0x38 bn_display_manager.o
                0x0000000008003dbc                bn::display_manager::fill_green_swap_hblank_effect_states(bool const*, unsigned short*)
 .text._ZN2bn15display_manager14update_camerasEv
                0x0000000008003df4       0x40 bn_display_manager.o
                0x0000000008003df4                bn::display_manager::update_cameras()
 .text._ZN2bn15display_manager6updateEv
                0x0000000008003e34      0x214 bn_display_manager.o
                0x0000000008003e34                bn::display_manager::update()
 .text._ZN2bn15display_manager6commitEv
                0x0000000008004048      0x164 bn_display_manager.o
                0x0000000008004048                bn::display_manager::commit()
 .text._ZN2bn15display_manager4stopEv
                0x00000000080041ac       0x28 bn_display_manager.o
                0x00000000080041ac                bn::display_manager::stop()
 .text._ZN3_bn6assert9show_argsIA66_cEEvPKcS4_S4_iRKT_
                0x00000000080041d4       0x50 bn_display_manager.o
                0x00000000080041d4                void _bn::assert::show_args<char [66]>(char const*, char const*, char const*, int, char const (&) [66])
 .text.startup._GLOBAL__sub_I__ZNK2bn6window7show_bgERKNS_14regular_bg_ptrE
                0x0000000008004224       0x7c bn_display_manager.o
 .text.exit._GLOBAL__sub_D__ZNK2bn6window7show_bgERKNS_14regular_bg_ptrE
                0x00000000080042a0       0x48 bn_display_manager.o
 .text._ZN3_bn6assert9show_argsIA21_cEEvPKcS4_S4_iRKT_
                0x00000000080042e8       0x50 bn_format.o
                0x00000000080042e8                void _bn::assert::show_args<char [21]>(char const*, char const*, char const*, int, char const (&) [21])
 .text._ZN2bn18igeneric_pool_baseC2EPci
                0x0000000008004338       0x10 bn_generic_pool.o
                0x0000000008004338                bn::igeneric_pool_base::igeneric_pool_base(char*, int)
                0x0000000008004338                bn::igeneric_pool_base::igeneric_pool_base(char*, int)
 .text._ZN2bn18igeneric_pool_base5_freeEPc
                0x0000000008004348       0x10 bn_generic_pool.o
                0x0000000008004348                bn::igeneric_pool_base::_free(char*)
 .text._ZN2bn18igeneric_pool_baseD2Ev
                0x0000000008004358       0x30 bn_generic_pool.o
                0x0000000008004358                bn::igeneric_pool_base::~igeneric_pool_base()
                0x0000000008004358                bn::igeneric_pool_base::~igeneric_pool_base()
 .text._ZN2bn18igeneric_pool_base9_allocateEv
                0x0000000008004388       0x48 bn_generic_pool.o
                0x0000000008004388                bn::igeneric_pool_base::_allocate()
 .text._ZN2bn12gpio_manager6commitEv
                0x00000000080043d0       0x48 bn_gpio_manager.o
                0x00000000080043d0                bn::gpio_manager::commit()
 .text._ZN2bn12gpio_manager4stopEv
                0x0000000008004418       0x3c bn_gpio_manager.o
                0x0000000008004418                bn::gpio_manager::stop()
 .text._ZN2bn22hblank_effects_manager12_GLOBAL__N_19item_type18_output_values_ptrEv
                0x0000000008004454       0x40 bn_hblank_effects_manager.o
 .text._ZN2bn7type_idINS_4pairIiiEEEENS_9type_id_tEv
                0x0000000008004494        0x8 bn_hblank_effects_manager.o
                0x0000000008004494                bn::type_id_t bn::type_id<bn::pair<int, int> >()
 .text._ZN2bn7type_idINS_33regular_bg_attributes_hbe_handler15last_value_typeEEENS_9type_id_tEv
                0x000000000800449c        0x8 bn_hblank_effects_manager.o
                0x000000000800449c                bn::type_id_t bn::type_id<bn::regular_bg_attributes_hbe_handler::last_value_type>()
 .text._ZN2bn7type_idINS_32affine_bg_attributes_hbe_handler15last_value_typeEEENS_9type_id_tEv
                0x00000000080044a4        0x8 bn_hblank_effects_manager.o
                0x00000000080044a4                bn::type_id_t bn::type_id<bn::affine_bg_attributes_hbe_handler::last_value_type>()
 .text._ZN2bn7type_idIiEENS_9type_id_tEv
                0x00000000080044ac        0x8 bn_hblank_effects_manager.o
                0x00000000080044ac                bn::type_id_t bn::type_id<int>()
 .text._ZN2bn7type_idINS_47affine_bg_pivot_horizontal_position_hbe_handler15last_value_typeEEENS_9type_id_tEv
                0x00000000080044b4        0x8 bn_hblank_effects_manager.o
                0x00000000080044b4                bn::type_id_t bn::type_id<bn::affine_bg_pivot_horizontal_position_hbe_handler::last_value_type>()
 .text._ZN2bn7type_idINS_45affine_bg_pivot_vertical_position_hbe_handler15last_value_typeEEENS_9type_id_tEv
                0x00000000080044bc        0x8 bn_hblank_effects_manager.o
                0x00000000080044bc                bn::type_id_t bn::type_id<bn::affine_bg_pivot_vertical_position_hbe_handler::last_value_type>()
 .text._ZN2bn7type_idINS_35sprite_first_attributes_hbe_handler15last_value_typeEEENS_9type_id_tEv
                0x00000000080044c4        0x8 bn_hblank_effects_manager.o
                0x00000000080044c4                bn::type_id_t bn::type_id<bn::sprite_first_attributes_hbe_handler::last_value_type>()
 .text._ZN2bn7type_idINS_35sprite_second_attributes_last_valueEEENS_9type_id_tEv
                0x00000000080044cc        0x8 bn_hblank_effects_manager.o
                0x00000000080044cc                bn::type_id_t bn::type_id<bn::sprite_second_attributes_last_value>()
 .text._ZN2bn7type_idINS_17sprite_shape_sizeEEENS_9type_id_tEv
                0x00000000080044d4        0x8 bn_hblank_effects_manager.o
                0x00000000080044d4                bn::type_id_t bn::type_id<bn::sprite_shape_size>()
 .text._ZN2bn22hblank_effects_manager7disableEv
                0x00000000080044dc       0x24 bn_hblank_effects_manager.o
                0x00000000080044dc                bn::hblank_effects_manager::disable()
 .text._ZN2bn22hblank_effects_manager6commitEv
                0x0000000008004500       0x74 bn_hblank_effects_manager.o
                0x0000000008004500                bn::hblank_effects_manager::commit()
 .text._ZN2bn22hblank_effects_manager12_GLOBAL__N_110_is_uint32ENS0_12handler_typeE
                0x0000000008004574       0x64 bn_hblank_effects_manager.o
 .text._ZN2bn8optionalINS_29affine_bg_pa_register_hbe_ptrEEdeEv.part.0
                0x00000000080045d8       0x28 bn_hblank_effects_manager.o
 .text._ZN2bn22hblank_effects_manager12_GLOBAL__N_19item_type12check_updateEv
                0x0000000008004600     0x1e28 bn_hblank_effects_manager.o
 .text._ZN2bn22hblank_effects_manager6updateEv
                0x0000000008006428      0x1ec bn_hblank_effects_manager.o
                0x0000000008006428                bn::hblank_effects_manager::update()
 .text._ZN2bn22hblank_effects_manager4initEv
                0x0000000008006614       0xd4 bn_hblank_effects_manager.o
                0x0000000008006614                bn::hblank_effects_manager::init()
 .text.startup._GLOBAL__sub_I__ZN2bn4hbes10used_countEv
                0x00000000080066e8       0xfc bn_hblank_effects_manager.o
 .text.exit._GLOBAL__sub_D__ZN2bn4hbes10used_countEv
                0x00000000080067e4       0x40 bn_hblank_effects_manager.o
 .text._ZN2bn12hdma_manager7disableEv
                0x0000000008006824       0x30 bn_hdma_manager.o
                0x0000000008006824                bn::hdma_manager::disable()
 .text._ZN2bn12hdma_manager10force_stopEv
                0x0000000008006854       0x3c bn_hdma_manager.o
                0x0000000008006854                bn::hdma_manager::force_stop()
 .text._ZN2bn12hdma_manager6updateEv
                0x0000000008006890       0x6c bn_hdma_manager.o
                0x0000000008006890                bn::hdma_manager::update()
 .text._ZN2bn12hdma_manager6commitEv
                0x00000000080068fc       0xd0 bn_hdma_manager.o
                0x00000000080068fc                bn::hdma_manager::commit()
 .text.startup._GLOBAL__sub_I__ZN2bn4hdma7runningEv
                0x00000000080069cc       0x34 bn_hdma_manager.o
 .text._ZN2bn14keypad_manager4stopEv
                0x0000000008006a00        0x4 bn_keypad_manager.o
                0x0000000008006a00                bn::keypad_manager::stop()
 .text._ZN3_bn6assert9show_argsIJA19_ciA4_ciEEEvPKcS5_S5_iDpRKT_
                0x0000000008006a04       0x6c bn_keypad_manager.o
                0x0000000008006a04                void _bn::assert::show_args<char [19], int, char [4], int>(char const*, char const*, char const*, int, char const (&) [19], int const&, char const (&) [4], int const&)
 .text._ZN2bn14keypad_manager6updateEv
                0x0000000008006a70       0xa8 bn_keypad_manager.o
                0x0000000008006a70                bn::keypad_manager::update()
 .text._ZN3_bn6assert9show_argsIA24_ciEEvPKcS4_S4_iRKT_RKT0_
                0x0000000008006b18       0x58 bn_keypad_manager.o
                0x0000000008006b18                void _bn::assert::show_args<char [24], int>(char const*, char const*, char const*, int, char const (&) [24], int const&)
 .text._ZN2bn14keypad_manager4initERKNS_11string_viewE
                0x0000000008006b70       0x58 bn_keypad_manager.o
                0x0000000008006b70                bn::keypad_manager::init(bn::string_view const&)
 .text._ZN2bn12link_manager4initEv
                0x0000000008006bc8        0xc bn_link_manager.o
                0x0000000008006bc8                bn::link_manager::init()
 .text._ZN2bn12link_manager7disableEv
                0x0000000008006bd4       0x18 bn_link_manager.o
                0x0000000008006bd4                bn::link_manager::disable()
 .text._ZN2bn12link_manager6commitEv
                0x0000000008006bec        0xc bn_link_manager.o
                0x0000000008006bec                bn::link_manager::commit()
 .text._ZN2bn18best_fit_allocatorILi16EED2Ev
                0x0000000008006bf8       0x7c bn_memory_manager.o
                0x0000000008006bf8                bn::best_fit_allocator<16>::~best_fit_allocator()
                0x0000000008006bf8                bn::best_fit_allocator<16>::~best_fit_allocator()
 .text._ZN2bn14memory_manager4initEv
                0x0000000008006c74      0x110 bn_memory_manager.o
                0x0000000008006c74                bn::memory_manager::init()
 .text.exit._GLOBAL__sub_D__Znwj
                0x0000000008006d84       0x20 bn_memory_manager.o
 .text._ZN2bn2hw8palettes9grayscaleEPKNS_5colorEiiPS2_.part.0
                0x0000000008006da4       0x40 bn_palettes_manager.o
 .text._ZN2bn14bg_palette_ptrC2ERKS0_
                0x0000000008006de4       0x2c bn_palettes_manager.o
                0x0000000008006de4                bn::bg_palette_ptr::bg_palette_ptr(bn::bg_palette_ptr const&)
                0x0000000008006de4                bn::bg_palette_ptr::bg_palette_ptr(bn::bg_palette_ptr const&)
 .text._ZNK2bn14bg_palette_ptr3bppEv
                0x0000000008006e10       0x20 bn_palettes_manager.o
                0x0000000008006e10                bn::bg_palette_ptr::bpp() const
 .text._ZNK2bn18sprite_palette_ptr3bppEv
                0x0000000008006e30       0x1c bn_palettes_manager.o
                0x0000000008006e30                bn::sprite_palette_ptr::bpp() const
 .text._ZNK2bn13palettes_bank20retrieve_commit_dataEv
                0x0000000008006e4c       0x58 bn_palettes_manager.o
                0x0000000008006e4c                bn::palettes_bank::retrieve_commit_data() const
 .text._ZNK2bn13palettes_bank21_apply_global_effectsEiPNS_5colorE
                0x0000000008006ea4      0x13c bn_palettes_manager.o
                0x0000000008006ea4                bn::palettes_bank::_apply_global_effects(int, bn::color*) const
 .text._ZNK2bn13palettes_bank25fill_hblank_effect_colorsEPKNS_5colorEPt
                0x0000000008006fe0       0x30 bn_palettes_manager.o
                0x0000000008006fe0                bn::palettes_bank::fill_hblank_effect_colors(bn::color const*, unsigned short*) const
 .text._ZNK2bn13palettes_bank7palette13apply_effectsEiPNS_5colorE
                0x0000000008007010       0xbc bn_palettes_manager.o
                0x0000000008007010                bn::palettes_bank::palette::apply_effects(int, bn::color*) const
 .text._ZNK2bn13palettes_bank25fill_hblank_effect_colorsEiPKNS_5colorEPt
                0x00000000080070cc       0x44 bn_palettes_manager.o
                0x00000000080070cc                bn::palettes_bank::fill_hblank_effect_colors(int, bn::color const*, unsigned short*) const
 .text._ZN2bn13palettes_bank15_update_paletteEi
                0x0000000008007110       0x6c bn_palettes_manager.o
                0x0000000008007110                bn::palettes_bank::_update_palette(int)
 .text._ZN2bn13palettes_bank6updateEv
                0x000000000800717c      0x124 bn_palettes_manager.o
                0x000000000800717c                bn::palettes_bank::update()
 .text._ZN2bn13palettes_bankC2Ev
                0x00000000080072a0       0xcc bn_palettes_manager.o
                0x00000000080072a0                bn::palettes_bank::palettes_bank()
                0x00000000080072a0                bn::palettes_bank::palettes_bank()
 .text._ZN2bn16palettes_manager20sprite_palettes_bankEv
                0x000000000800736c        0x8 bn_palettes_manager.o
                0x000000000800736c                bn::palettes_manager::sprite_palettes_bank()
 .text._ZN2bn16palettes_manager16bg_palettes_bankEv
                0x0000000008007374        0x8 bn_palettes_manager.o
                0x0000000008007374                bn::palettes_manager::bg_palettes_bank()
 .text._ZN2bn16palettes_manager6updateEv
                0x000000000800737c       0x20 bn_palettes_manager.o
                0x000000000800737c                bn::palettes_manager::update()
 .text._ZN2bn16palettes_manager6commitEv
                0x000000000800739c       0xb4 bn_palettes_manager.o
                0x000000000800739c                bn::palettes_manager::commit()
 .text._ZN2bn16palettes_manager4stopEv
                0x0000000008007450       0x20 bn_palettes_manager.o
                0x0000000008007450                bn::palettes_manager::stop()
 .text._ZN2bn14iunordered_mapItsNS_13palettes_bank15identity_hasherENS_8equal_toItEEE5eraseERKNS5_14const_iteratorE.isra.0
                0x0000000008007470      0x174 bn_palettes_manager.o
 .text._ZN2bn13palettes_bank15decrease_usagesEi.part.0
                0x00000000080075e4       0xdc bn_palettes_manager.o
 .text._ZN2bn14bg_palette_ptr8_destroyEv
                0x00000000080076c0       0x34 bn_palettes_manager.o
                0x00000000080076c0                bn::bg_palette_ptr::_destroy()
 .text._ZN2bn14bg_palette_ptraSERKS0_
                0x00000000080076f4       0x5c bn_palettes_manager.o
                0x00000000080076f4                bn::bg_palette_ptr::operator=(bn::bg_palette_ptr const&)
 .text.startup._GLOBAL__sub_I__ZN2bn11bg_palettes17used_colors_countEv
                0x0000000008007750       0x20 bn_palettes_manager.o
 .text._ZNK2bn21sprite_affine_mat_ptr15horizontal_flipEv
                0x0000000008007770       0x20 bn_sprite_affine_mats_manager.o
                0x0000000008007770                bn::sprite_affine_mat_ptr::horizontal_flip() const
 .text._ZNK2bn21sprite_affine_mat_ptr13vertical_flipEv
                0x0000000008007790       0x20 bn_sprite_affine_mats_manager.o
                0x0000000008007790                bn::sprite_affine_mat_ptr::vertical_flip() const
 .text._ZN2bn26sprite_affine_mats_manager20retrieve_commit_dataEv
                0x00000000080077b0       0x44 bn_sprite_affine_mats_manager.o
                0x00000000080077b0                bn::sprite_affine_mats_manager::retrieve_commit_data()
 .text._ZN2bn26sprite_affine_mats_manager15decrease_usagesEi.part.0
                0x00000000080077f4       0x68 bn_sprite_affine_mats_manager.o
 .text._ZN2bn21sprite_affine_mat_ptr8_destroyEv
                0x000000000800785c       0x2c bn_sprite_affine_mats_manager.o
                0x000000000800785c                bn::sprite_affine_mat_ptr::_destroy()
 .text._ZN2bn26sprite_affine_mats_manager6updateEv
                0x0000000008007888       0xa0 bn_sprite_affine_mats_manager.o
                0x0000000008007888                bn::sprite_affine_mats_manager::update()
 .text._ZN2bn26sprite_affine_mats_manager4initEPv
                0x0000000008007928       0x6c bn_sprite_affine_mats_manager.o
                0x0000000008007928                bn::sprite_affine_mats_manager::init(void*)
 .text._ZN2bn26sprite_affine_mats_manager14dettach_spriteEiRNS_24intrusive_list_node_typeE
                0x0000000008007994       0x4c bn_sprite_affine_mats_manager.o
                0x0000000008007994                bn::sprite_affine_mats_manager::dettach_sprite(int, bn::intrusive_list_node_type&)
 .text.startup._GLOBAL__sub_I__ZN2bn18sprite_affine_mats10used_countEv
                0x00000000080079e0       0x98 bn_sprite_affine_mats_manager.o
 .text.exit._GLOBAL__sub_D__ZN2bn18sprite_affine_mats10used_countEv
                0x0000000008007a78       0x3c bn_sprite_affine_mats_manager.o
 .text._ZN2bn15sprites_manager12_GLOBAL__N_125_update_indexes_to_commitERKNS_20sprites_manager_itemE
                0x0000000008007ab4       0x48 bn_sprites_manager.o
 .text._ZN2bn13ostringstream11append_argsIiJA4_ciEEEvRKT_DpRKT0_.isra.0
                0x0000000008007afc       0x24 bn_sprites_manager.o
 .text._ZN2bn15sprites_manager12_GLOBAL__N_123_update_item_dimensionsERNS_20sprites_manager_itemE
                0x0000000008007b20       0xcc bn_sprites_manager.o
 .text._ZN2bn15sprites_manager4initEv
                0x0000000008007bec       0x34 bn_sprites_manager.o
                0x0000000008007bec                bn::sprites_manager::init()
 .text._ZN2bn15sprites_manager5hw_idEPv
                0x0000000008007c20       0x24 bn_sprites_manager.o
                0x0000000008007c20                bn::sprites_manager::hw_id(void*)
 .text._ZN2bn15sprites_manager5shapeEPv
                0x0000000008007c44        0x8 bn_sprites_manager.o
                0x0000000008007c44                bn::sprites_manager::shape(void*)
 .text._ZN2bn15sprites_manager4sizeEPv
                0x0000000008007c4c        0x8 bn_sprites_manager.o
                0x0000000008007c4c                bn::sprites_manager::size(void*)
 .text._ZN2bn15sprites_manager10shape_sizeEPv
                0x0000000008007c54       0x14 bn_sprites_manager.o
                0x0000000008007c54                bn::sprites_manager::shape_size(void*)
 .text._ZN2bn15sprites_manager11hw_positionEPv
                0x0000000008007c68        0x4 bn_sprites_manager.o
                0x0000000008007c68                bn::sprites_manager::hw_position(void*)
 .text._ZN2bn15sprites_manager9view_modeEPv
                0x0000000008007c6c        0xc bn_sprites_manager.o
                0x0000000008007c6c                bn::sprites_manager::view_mode(void*)
 .text._ZN2bn15sprites_manager10affine_matEPv
                0x0000000008007c78        0x4 bn_sprites_manager.o
                0x0000000008007c78                bn::sprites_manager::affine_mat(void*)
 .text._ZN2bn15sprites_manager39fill_hblank_effect_horizontal_positionsEPviPKNS_7fixed_tILi12EEEPt
                0x0000000008007c7c       0x44 bn_sprites_manager.o
                0x0000000008007c7c                bn::sprites_manager::fill_hblank_effect_horizontal_positions(void*, int, bn::fixed_t<12> const*, unsigned short*)
 .text._ZN2bn15sprites_manager37fill_hblank_effect_vertical_positionsEPviPKNS_7fixed_tILi12EEEPt
                0x0000000008007cc0       0x44 bn_sprites_manager.o
                0x0000000008007cc0                bn::sprites_manager::fill_hblank_effect_vertical_positions(void*, int, bn::fixed_t<12> const*, unsigned short*)
 .text._ZN2bn15sprites_manager35fill_hblank_effect_first_attributesEiNS_12sprite_shapeENS_8bpp_modeEiPKNS_23sprite_first_attributesEPt
                0x0000000008007d04      0x108 bn_sprites_manager.o
                0x0000000008007d04                bn::sprites_manager::fill_hblank_effect_first_attributes(int, bn::sprite_shape, bn::bpp_mode, int, bn::sprite_first_attributes const*, unsigned short*)
 .text._ZN2bn15sprites_manager44fill_hblank_effect_regular_second_attributesEPviNS_11sprite_sizeEPKNS_32sprite_regular_second_attributesEPt
                0x0000000008007e0c       0x60 bn_sprites_manager.o
                0x0000000008007e0c                bn::sprites_manager::fill_hblank_effect_regular_second_attributes(void*, int, bn::sprite_size, bn::sprite_regular_second_attributes const*, unsigned short*)
 .text._ZN2bn15sprites_manager43fill_hblank_effect_affine_second_attributesEPviNS_11sprite_sizeEPKNS_31sprite_affine_second_attributesEPt
                0x0000000008007e6c       0x58 bn_sprites_manager.o
                0x0000000008007e6c                bn::sprites_manager::fill_hblank_effect_affine_second_attributes(void*, int, bn::sprite_size, bn::sprite_affine_second_attributes const*, unsigned short*)
 .text._ZN2bn15sprites_manager14update_camerasEv
                0x0000000008007ec4       0x2c bn_sprites_manager.o
                0x0000000008007ec4                bn::sprites_manager::update_cameras()
 .text._ZN2bn15sprites_manager6commitEv
                0x0000000008007ef0       0x94 bn_sprites_manager.o
                0x0000000008007ef0                bn::sprites_manager::commit()
 .text._ZNK2bn17sprite_shape_size11tiles_countENS_8bpp_modeE
                0x0000000008007f84      0x150 bn_sprites_manager.o
                0x0000000008007f84                bn::sprite_shape_size::tiles_count(bn::bpp_mode) const
 .text._ZN2bn15sprites_manager12_GLOBAL__N_118_remove_affine_matERNS_20sprites_manager_itemE
                0x00000000080080d4       0xd8 bn_sprites_manager.o
 .text._ZN2bn15sprites_manager40remove_identity_affine_mat_if_not_neededEPv
                0x00000000080081ac       0x18 bn_sprites_manager.o
                0x00000000080081ac                bn::sprites_manager::remove_identity_affine_mat_if_not_needed(void*)
 .text._ZN2bn15sprites_manager7paletteEPv
                0x00000000080081c4       0x34 bn_sprites_manager.o
                0x00000000080081c4                bn::sprites_manager::palette(void*)
 .text._ZN3_bn6assert9show_argsIA27_cEEvPKcS4_S4_iRKT_
                0x00000000080081f8       0x50 bn_sprites_manager.o
                0x00000000080081f8                void _bn::assert::show_args<char [27]>(char const*, char const*, char const*, int, char const (&) [27])
 .text._ZN2bn15sprites_manager6updateEv
                0x0000000008008248      0x178 bn_sprites_manager.o
                0x0000000008008248                bn::sprites_manager::update()
 .text._ZN3_bn6assert9show_argsIJA27_ciA4_ciEEEvPKcS5_S5_iDpRKT_
                0x00000000080083c0       0x5c bn_sprites_manager.o
                0x00000000080083c0                void _bn::assert::show_args<char [27], int, char [4], int>(char const*, char const*, char const*, int, char const (&) [27], int const&, char const (&) [4], int const&)
 .text._ZN2bn15sprites_manager35fill_hblank_effect_third_attributesENS_17sprite_shape_sizeEPKNS_23sprite_third_attributesEPt
                0x000000000800841c       0xb4 bn_sprites_manager.o
                0x000000000800841c                bn::sprites_manager::fill_hblank_effect_third_attributes(bn::sprite_shape_size, bn::sprite_third_attributes const*, unsigned short*)
 .text.startup._GLOBAL__sub_I__ZN2bn7sprites16used_items_countEv
                0x00000000080084d0       0x9c bn_sprites_manager.o
 .text.exit._GLOBAL__sub_D__ZN2bn7sprites16used_items_countEv
                0x000000000800856c       0x4c bn_sprites_manager.o
 .text._ZNK2bn16sprite_tiles_ptr2idEv
                0x00000000080085b8       0x18 bn_sprite_tiles_manager.o
                0x00000000080085b8                bn::sprite_tiles_ptr::id() const
 .text._ZNK2bn16sprite_tiles_ptr11tiles_countEv
                0x00000000080085d0       0x18 bn_sprite_tiles_manager.o
                0x00000000080085d0                bn::sprite_tiles_ptr::tiles_count() const
 .text._ZN2bn20sprite_tiles_manager6commitEv
                0x00000000080085e8       0xc8 bn_sprite_tiles_manager.o
                0x00000000080085e8                bn::sprite_tiles_manager::commit()
 .text._ZN2bn20sprite_tiles_manager12_GLOBAL__N_116_erase_free_itemEi
                0x00000000080086b0       0xe4 bn_sprite_tiles_manager.o
 .text._ZN2bn20sprite_tiles_manager12_GLOBAL__N_117_insert_free_itemEiPt
                0x0000000008008794       0xd0 bn_sprite_tiles_manager.o
 .text._ZN2bn14iunordered_mapIPKNS_4tileEiNS_4hashIS3_EENS_8equal_toIS3_EEE5eraseERKNS8_14const_iteratorE.isra.0
                0x0000000008008864      0x17c bn_sprite_tiles_manager.o
 .text._ZN2bn20sprite_tiles_manager6updateEv
                0x00000000080089e0      0x270 bn_sprite_tiles_manager.o
                0x00000000080089e0                bn::sprite_tiles_manager::update()
 .text._ZN2bn20sprite_tiles_manager4initEv
                0x0000000008008c50      0x148 bn_sprite_tiles_manager.o
                0x0000000008008c50                bn::sprite_tiles_manager::init()
 .text.startup._GLOBAL__sub_I__ZN2bn12sprite_tiles16used_tiles_countEv
                0x0000000008008d98      0x10c bn_sprite_tiles_manager.o
 .text._ZN2bn13ostringstreamC2ERNS_12istring_baseE
                0x0000000008008ea4        0x8 bn_sstream.o
                0x0000000008008ea4                bn::ostringstream::ostringstream(bn::istring_base&)
                0x0000000008008ea4                bn::ostringstream::ostringstream(bn::istring_base&)
 .text._ZN2bn13ostringstream6appendEPKc
                0x0000000008008eac       0x88 bn_sstream.o
                0x0000000008008eac                bn::ostringstream::append(char const*)
 .text._ZN2bn13ostringstream6appendEi
                0x0000000008008f34       0x9c bn_sstream.o
                0x0000000008008f34                bn::ostringstream::append(int)
 .text._ZN2bn5timerC2Ev
                0x0000000008008fd0       0x18 bn_timer.o
                0x0000000008008fd0                bn::timer::timer()
                0x0000000008008fd0                bn::timer::timer()
 .text._ZNK2bn5timer13elapsed_ticksEv
                0x0000000008008fe8       0x38 bn_timer.o
                0x0000000008008fe8                bn::timer::elapsed_ticks() const
 .text._ZN2bn5timer7restartEv
                0x0000000008009020       0x18 bn_timer.o
                0x0000000008009020                bn::timer::restart()
 .text._ZN2bn2hw5audio12_GLOBAL__N_124_disabled_vblank_handlerEv
                0x0000000008009038       0x20 bn_hw_audio.bn_noflto.o
 .text._ZN2bn2hw5audio12_GLOBAL__N_17_commitEv
                0x0000000008009058       0x7c bn_hw_audio.bn_noflto.o
 .text._ZN2bn2hw5audio12_GLOBAL__N_123_enabled_vblank_handlerEv
                0x00000000080090d4       0x2c bn_hw_audio.bn_noflto.o
 .text._ZN2bn2hw5audio4initEPFvvES3_
                0x0000000008009100       0x74 bn_hw_audio.bn_noflto.o
                0x0000000008009100                bn::hw::audio::init(void (*)(), void (*)())
 .text._ZN2bn2hw5audio7disableEv
                0x0000000008009174       0x34 bn_hw_audio.bn_noflto.o
                0x0000000008009174                bn::hw::audio::disable()
 .text._ZN2bn2hw5audio13music_playingEv
                0x00000000080091a8       0x10 bn_hw_audio.bn_noflto.o
                0x00000000080091a8                bn::hw::audio::music_playing()
 .text._ZN2bn2hw5audio10play_musicEiib
                0x00000000080091b8       0x2c bn_hw_audio.bn_noflto.o
                0x00000000080091b8                bn::hw::audio::play_music(int, int, bool)
 .text._ZN2bn2hw5audio10stop_musicEv
                0x00000000080091e4        0xc bn_hw_audio.bn_noflto.o
                0x00000000080091e4                bn::hw::audio::stop_music()
 .text._ZN2bn2hw5audio11pause_musicEv
                0x00000000080091f0        0xc bn_hw_audio.bn_noflto.o
                0x00000000080091f0                bn::hw::audio::pause_music()
 .text._ZN2bn2hw5audio12resume_musicEv
                0x00000000080091fc        0xc bn_hw_audio.bn_noflto.o
                0x00000000080091fc                bn::hw::audio::resume_music()
 .text._ZN2bn2hw5audio14music_positionEv
                0x0000000008009208        0xc bn_hw_audio.bn_noflto.o
                0x0000000008009208                bn::hw::audio::music_position()
 .text._ZN2bn2hw5audio18set_music_positionEi
                0x0000000008009214        0xc bn_hw_audio.bn_noflto.o
                0x0000000008009214                bn::hw::audio::set_music_position(int)
 .text._ZN2bn2hw5audio16set_music_volumeEi
                0x0000000008009220        0xc bn_hw_audio.bn_noflto.o
                0x0000000008009220                bn::hw::audio::set_music_volume(int)
 .text._ZN2bn2hw5audio22disable_vblank_handlerEv
                0x000000000800922c       0x14 bn_hw_audio.bn_noflto.o
                0x000000000800922c                bn::hw::audio::disable_vblank_handler()
 .text._ZN2bn2hw5audio6commitEv
                0x0000000008009240       0x20 bn_hw_audio.bn_noflto.o
                0x0000000008009240                bn::hw::audio::commit()
 .text._ZN2bn2hw5audio12_GLOBAL__N_119_add_sound_to_queueEit
                0x0000000008009260       0xa0 bn_hw_audio.bn_noflto.o
 .text._ZN2bn2hw5audio15stop_all_soundsEv
                0x0000000008009300       0x6c bn_hw_audio.bn_noflto.o
                0x0000000008009300                bn::hw::audio::stop_all_sounds()
 .text._ZN2bn2hw5audio12_GLOBAL__N_119_check_sounds_queueEv.part.0
                0x000000000800936c       0x9c bn_hw_audio.bn_noflto.o
 .text._ZN2bn2hw5audio10play_soundEiiiii
                0x0000000008009408       0x44 bn_hw_audio.bn_noflto.o
                0x0000000008009408                bn::hw::audio::play_sound(int, int, int, int, int)
 .text._ZN2bn2hw5audio10play_soundEii
                0x000000000800944c       0x30 bn_hw_audio.bn_noflto.o
                0x000000000800944c                bn::hw::audio::play_sound(int, int)
 .text._ZN2bn2hw5audio6updateEb
                0x000000000800947c       0xa4 bn_hw_audio.bn_noflto.o
                0x000000000800947c                bn::hw::audio::update(bool)
 .text.startup._GLOBAL__sub_I__ZN2bn2hw5audio4initEPFvvES3_
                0x0000000008009520       0x34 bn_hw_audio.bn_noflto.o
 .text.exit._GLOBAL__sub_D__ZN2bn2hw5audio4initEPFvvES3_
                0x0000000008009554       0x74 bn_hw_audio.bn_noflto.o
 .text._ZN3_bn6assert9show_argsIA40_cEEvPKcS4_S4_iRKT_
                0x00000000080095c8       0x50 bn_hw_common.bn_noflto.o
                0x00000000080095c8                void _bn::assert::show_args<char [40]>(char const*, char const*, char const*, int, char const (&) [40])
 .text.__aeabi_idiv0
                0x0000000008009618       0x24 bn_hw_common.bn_noflto.o
                0x0000000008009618                __aeabi_idiv0
 .text._ZN2bn2hw8game_pak14_slow_game_pakEv
                0x000000000800963c       0x88 bn_hw_game_pak.bn_ewram.o
                0x000000000800963c                bn::hw::game_pak::_slow_game_pak()
 .text._ZN2bn2hw8game_pak4initEv
                0x00000000080096c4       0x28 bn_hw_game_pak.o
                0x00000000080096c4                bn::hw::game_pak::init()
 .text._ZN2bn2hw3irq4initEv
                0x00000000080096ec        0xc bn_hw_irq.o
                0x00000000080096ec                bn::hw::irq::init()
 .text._ZN2bn2hw3irq7set_isrENS1_2idEPFvvE
                0x00000000080096f8       0x10 bn_hw_irq.o
                0x00000000080096f8                bn::hw::irq::set_isr(bn::hw::irq::id, void (*)())
 .text._ZN2bn2hw3irq6enableENS1_2idE
                0x0000000008009708       0x10 bn_hw_irq.o
                0x0000000008009708                bn::hw::irq::enable(bn::hw::irq::id)
 .text._ZN2bn2hw3irq7disableENS1_2idE
                0x0000000008009718       0x10 bn_hw_irq.o
                0x0000000008009718                bn::hw::irq::disable(bn::hw::irq::id)
 .text._ZN2bn2hw4link12_GLOBAL__N_119_resetStateCallbackEv
                0x0000000008009728       0x4c bn_hw_link.o
 .text._ZN2bn2hw4link4initEv
                0x0000000008009774       0xc0 bn_hw_link.o
                0x0000000008009774                bn::hw::link::init()
 .text._ZN2bn2hw4link6activeEv
                0x0000000008009834       0x10 bn_hw_link.o
                0x0000000008009834                bn::hw::link::active()
 .text._ZN2bn2hw4link7disableEv
                0x0000000008009844       0x6c bn_hw_link.o
                0x0000000008009844                bn::hw::link::disable()
 .text._ZN2bn2hw4link6commitEv
                0x00000000080098b0       0x30 bn_hw_link.o
                0x00000000080098b0                bn::hw::link::commit()
 .text._ZN2bn2hw4link11_timer_intrEv
                0x00000000080098e0       0xf8 bn_hw_link.o
                0x00000000080098e0                bn::hw::link::_timer_intr()
 .text._ZN2bn2hw4link12_serial_intrEv
                0x00000000080099d8      0x1bc bn_hw_link.o
                0x00000000080099d8                bn::hw::link::_serial_intr()
 .text._ZN2bn2hw4link12_GLOBAL__N_117_sendDataCallbackEv
                0x0000000008009b94       0xe0 bn_hw_link.o
 .text._ZN2bn2hw4link12_GLOBAL__N_124_receiveResponseCallbackERK12LinkResponse
                0x0000000008009c74      0x158 bn_hw_link.o
 .text.startup._GLOBAL__sub_I__ZN2bn2hw4link4initEv
                0x0000000008009dcc       0x68 bn_hw_link.o
 .text._ZN2bn2hw6memory4initEv
                0x0000000008009e34        0x4 bn_hw_memory.o
                0x0000000008009e34                bn::hw::memory::init()
 .text._ZN2bn2hw6memory16ewram_heap_startEv
                0x0000000008009e38        0x8 bn_hw_memory.o
                0x0000000008009e38                bn::hw::memory::ewram_heap_start()
 .text._ZN2bn2hw6memory14ewram_heap_endEv
                0x0000000008009e40        0x8 bn_hw_memory.o
                0x0000000008009e40                bn::hw::memory::ewram_heap_end()
 .text._ZN2bn2hw8palettes12_GLOBAL__N_110lut_effectEPKNS_5colorEPKhiPS3_
                0x0000000008009e48       0x40 bn_hw_palettes.o
 .text._ZN2bn2hw8palettes10brightnessEPKNS_5colorEiiPS2_
                0x0000000008009e88       0x54 bn_hw_palettes.o
                0x0000000008009e88                bn::hw::palettes::brightness(bn::color const*, int, int, bn::color*)
 .text._ZN2bn2hw8palettes8contrastEPKNS_5colorEiiPS2_
                0x0000000008009edc       0x18 bn_hw_palettes.o
                0x0000000008009edc                bn::hw::palettes::contrast(bn::color const*, int, int, bn::color*)
 .text._ZN2bn2hw8palettes9intensityEPKNS_5colorEiiPS2_
                0x0000000008009ef4       0x18 bn_hw_palettes.o
                0x0000000008009ef4                bn::hw::palettes::intensity(bn::color const*, int, int, bn::color*)
 .text._ZN2bn2hw8palettes9hue_shiftEPKNS_5colorEiiPS2_
                0x0000000008009f0c      0x154 bn_hw_palettes.o
                0x0000000008009f0c                bn::hw::palettes::hue_shift(bn::color const*, int, int, bn::color*)
 .text._ZN2bn2hw8palettes6rotateEPKNS_5colorEiiPS2_
                0x000000000800a060       0x2c bn_hw_palettes.o
                0x000000000800a060                bn::hw::palettes::rotate(bn::color const*, int, int, bn::color*)
 .text._ZN2bn2hw4show5errorERKNS_11system_fontERKNS_11string_viewES7_S7_iS7_S7_
                0x000000000800a08c      0x320 bn_hw_show.o
                0x000000000800a08c                bn::hw::show::error(bn::system_font const&, bn::string_view const&, bn::string_view const&, bn::string_view const&, int, bn::string_view const&, bn::string_view const&)
 .text._ZN2bn2hw4sram4initEv
                0x000000000800a3ac       0x10 bn_hw_sram.o
                0x000000000800a3ac                bn::hw::sram::init()
 .text._ZN2bn11system_fontC2Ev
                0x000000000800a3bc       0x18 bn_hw_system_font.o
                0x000000000800a3bc                bn::system_font::system_font()
                0x000000000800a3bc                bn::system_font::system_font()
 .text._ZNK2bn11system_font8tte_fontEv
                0x000000000800a3d4        0x4 bn_hw_system_font.o
                0x000000000800a3d4                bn::system_font::tte_font() const
 .text._ZN2bn2hw4text5parseEiRNS_5arrayIcLi32EEE
                0x000000000800a3d8       0xbc bn_hw_text.o
                0x000000000800a3d8                bn::hw::text::parse(int, bn::array<char, 32>&)
 .text.clr_grayscale
                0x000000000800a494       0x78 tonc_color.o
                0x000000000800a494                clr_grayscale
 .text.__toncset
                0x000000000800a50c       0x90 tonc_core.o
                0x000000000800a50c                __toncset
 .text.sbmp16_rect
                0x000000000800a59c       0x64 tonc_sbmp16.o
                0x000000000800a59c                sbmp16_rect
 .text.sbmp8_rect
                0x000000000800a600       0x68 tonc_sbmp8.o
                0x000000000800a600                sbmp8_rect
 .text.bmp16_drawg_b1cts
                0x000000000800a668       0xb4 bmp16_drawg_b1cs.o
                0x000000000800a668                bmp16_drawg_b1cts
 .text.bmp8_drawg_b1cts
                0x000000000800a71c       0xfc bmp8_drawg_b1cs.o
                0x000000000800a71c                bmp8_drawg_b1cts
 .text.bmp8_erase
                0x000000000800a818       0x28 tte_init_bmp.o
                0x000000000800a818                bmp8_erase
 .text.bmp16_erase
                0x000000000800a840       0x28 tte_init_bmp.o
                0x000000000800a840                bmp16_erase
 .text.tte_init_bmp
                0x000000000800a868       0xe4 tte_init_bmp.o
                0x000000000800a868                tte_init_bmp
 .text.dummy_drawg
                0x000000000800a94c        0x4 tte_main.o
                0x000000000800a94c                dummy_drawg
 .text.dummy_erase
                0x000000000800a950        0x4 tte_main.o
                0x000000000800a950                dummy_erase
 .text.tte_init_base
                0x000000000800a954       0x90 tte_main.o
                0x000000000800a954                tte_init_base
 .text.utf8_decode_char
                0x000000000800a9e4       0xb4 tte_main.o
                0x000000000800a9e4                utf8_decode_char
 .text.tte_write
                0x000000000800aa98       0xe8 tte_main.o
                0x000000000800aa98                tte_write
 .text.tte_get_text_size
                0x000000000800ab80       0xb0 tte_main.o
                0x000000000800ab80                tte_get_text_size
 .text.tte_set_margins
                0x000000000800ac30       0x18 tte_main.o
                0x000000000800ac30                tte_set_margins
 .text.IRQ_Init
                0x000000000800ac48       0x48 interrupts_gba.o
                0x000000000800ac48                IRQ_Init
 .text.IRQ_SetHandler
                0x000000000800ac90       0x10 interrupts_gba.o
                0x000000000800ac90                IRQ_SetHandler
 .text.IRQ_Enable
                0x000000000800aca0       0x64 interrupts_gba.o
                0x000000000800aca0                IRQ_Enable
 .text.IRQ_Disable
                0x000000000800ad04       0x60 interrupts_gba.o
                0x000000000800ad04                IRQ_Disable
 .text.channel3_refresh_registers
                0x000000000800ad64       0xd0 gbt_player.o
 .text.gbt_refresh_pattern_ptr
                0x000000000800ae34       0x84 gbt_player.o
 .text.gbt_ch1234_nop
                0x000000000800aeb8        0x4 gbt_player.o
 .text.gbt_ch1234_speed
                0x000000000800aebc       0x10 gbt_player.o
 .text.gbt_ch1234_jump_pattern
                0x000000000800aecc       0x14 gbt_player.o
 .text.gbt_ch1234_jump_position
                0x000000000800aee0       0x1c gbt_player.o
 .text.gbt_ch1234_event
                0x000000000800aefc       0x24 gbt_player.o
 .text.gbt_ch1_pan
                0x000000000800af20       0x10 gbt_player.o
 .text.gbt_ch1_cut_note
                0x000000000800af30       0x10 gbt_player.o
 .text.gbt_ch1_arpeggio
                0x000000000800af40       0x34 gbt_player.o
 .text.gbt_ch1_vibrato
                0x000000000800af74       0x20 gbt_player.o
 .text.gbt_ch1_volslide
                0x000000000800af94       0x10 gbt_player.o
 .text.gbt_ch2_pan
                0x000000000800afa4       0x10 gbt_player.o
 .text.gbt_ch2_cut_note
                0x000000000800afb4       0x10 gbt_player.o
 .text.gbt_ch2_arpeggio
                0x000000000800afc4       0x34 gbt_player.o
 .text.gbt_ch2_vibrato
                0x000000000800aff8       0x20 gbt_player.o
 .text.gbt_ch2_volslide
                0x000000000800b018       0x10 gbt_player.o
 .text.gbt_ch3_pan
                0x000000000800b028       0x10 gbt_player.o
 .text.gbt_ch3_cut_note
                0x000000000800b038       0x10 gbt_player.o
 .text.gbt_ch3_arpeggio
                0x000000000800b048       0x34 gbt_player.o
 .text.gbt_ch3_vibrato
                0x000000000800b07c       0x20 gbt_player.o
 .text.gbt_ch4_pan
                0x000000000800b09c       0x14 gbt_player.o
 .text.gbt_ch4_cut_note
                0x000000000800b0b0       0x10 gbt_player.o
 .text.gbt_ch4_volslide
                0x000000000800b0c0       0x10 gbt_player.o
 .text.gbt_update_refresh_panning
                0x000000000800b0d0       0x50 gbt_player.o
 .text.gbt_run_startup_commands.part.0
                0x000000000800b120       0xd0 gbt_player.o
 .text.gbt_update_effects_internal
                0x000000000800b1f0      0x2cc gbt_player.o
 .text.gbt_play
                0x000000000800b4bc      0x1dc gbt_player.o
                0x000000000800b4bc                gbt_play
 .text.gbt_volume
                0x000000000800b698       0x68 gbt_player.o
                0x000000000800b698                gbt_volume
 .text.gbt_is_playing
                0x000000000800b700        0xc gbt_player.o
                0x000000000800b700                gbt_is_playing
 .text.gbt_pause
                0x000000000800b70c       0x48 gbt_player.o
                0x000000000800b70c                gbt_pause
 .text.gbt_loop
                0x000000000800b754        0xc gbt_player.o
                0x000000000800b754                gbt_loop
 .text.gbt_stop
                0x000000000800b760       0x24 gbt_player.o
                0x000000000800b760                gbt_stop
 .text.gbt_update
                0x000000000800b784      0x678 gbt_player.o
                0x000000000800b784                gbt_update
 .text.gbt_get_position
                0x000000000800bdfc       0x4c gbt_player.o
                0x000000000800bdfc                gbt_get_position
 .text.gbt_set_position
                0x000000000800be48       0xe0 gbt_player.o
                0x000000000800be48                gbt_set_position
 .text          0x000000000800bf28       0x8c tonc_bios.o
                0x000000000800bf28                SoftReset
                0x000000000800bf2c                RegisterRamReset
                0x000000000800bf30                Halt
                0x000000000800bf34                Stop
                0x000000000800bf38                IntrWait
                0x000000000800bf3c                VBlankIntrWait
                0x000000000800bf40                Div
                0x000000000800bf44                DivArm
                0x000000000800bf48                Sqrt
                0x000000000800bf4c                ArcTan
                0x000000000800bf50                ArcTan2
                0x000000000800bf54                CpuSet
                0x000000000800bf58                CpuFastSet
                0x000000000800bf5c                BiosCheckSum
                0x000000000800bf60                BgAffineSet
                0x000000000800bf64                ObjAffineSet
                0x000000000800bf68                BitUnPack
                0x000000000800bf6c                LZ77UnCompWram
                0x000000000800bf70                LZ77UnCompVram
                0x000000000800bf74                HuffUnComp
                0x000000000800bf78                RLUnCompWram
                0x000000000800bf7c                RLUnCompVram
                0x000000000800bf80                Diff8bitUnFilterWram
                0x000000000800bf84                Diff8bitUnFilterVram
                0x000000000800bf88                Diff16bitUnFilter
                0x000000000800bf8c                SoundBias
                0x000000000800bf90                SoundDriverInit
                0x000000000800bf94                SoundDriverMode
                0x000000000800bf98                SoundDriverMain
                0x000000000800bf9c                SoundDriverVSync
                0x000000000800bfa0                SoundChannelClear
                0x000000000800bfa4                MidiKey2Freq
                0x000000000800bfa8                MultiBoot
                0x000000000800bfac                SoundDriverVSyncOff
                0x000000000800bfb0                SoundDriverVSyncOn
 .text          0x000000000800bfb4       0x3c tonc_memset.o
                0x000000000800bfb4                memset16
 .text          0x000000000800bff0      0x26c posprintf.o
                0x000000000800bff4                posprintf
 .text          0x000000000800c25c     0x1570 /opt/devkitpro/libgba/lib/libmm.a(mm_mas.o)
                0x000000000800c2d0                mmStart
                0x000000000800c2f0                mmJingle
                0x000000000800c2f6                mmPlayModule
                0x000000000800c3c0                mmPause
                0x000000000800c3dc                mmResume
                0x000000000800c3ec                mmActive
                0x000000000800c3f2                mmActiveSub
                0x000000000800c3f8                mmSetModuleVolume
                0x000000000800c408                mmSetJingleVolume
                0x000000000800c444                mmGetPositionTick
                0x000000000800c44a                mmGetPositionRow
                0x000000000800c450                mmGetPosition
                0x000000000800c456                mmPosition
                0x000000000800c470                mmSetModuleTempo
                0x000000000800c4a2                mmSetModulePitch
                0x000000000800c4e4                mmStop
                0x000000000800c5aa                mppUpdateSub
                0x000000000800c706                mpp_Process_VolumeCommand
                0x000000000800c93e                mpp_Process_Effect
                0x000000000800d08c                ST3_FREQTABLE
                0x000000000800d4ac                IT_PitchTable
 .text          0x000000000800d7cc       0x14 /opt/devkitpro/libgba/lib/libmm.a(mm_main.o)
                0x000000000800d7cc                mpp_call_r7
                0x000000000800d7ce                mpp_call_r1
                0x000000000800d7d0                mpp_call_r2
                0x000000000800d7d2                mpp_call_r3
                0x000000000800d7d4                mmSetEventHandler
 .text          0x000000000800d7e0      0x314 /opt/devkitpro/libgba/lib/libmm.a(mm_effect.o)
                0x000000000800d7e0                mmResetEffects
                0x000000000800d80c                mmEffect
                0x000000000800d822                mmEffectEx
                0x000000000800d922                mmEffectActive
                0x000000000800d956                mmEffectVolume
                0x000000000800d972                mmEffectPanning
                0x000000000800d986                mmEffectRate
                0x000000000800d99a                mmEffectCancel
                0x000000000800d9d4                mmEffectRelease
                0x000000000800d9fa                mmEffectScaleRate
                0x000000000800da0e                mmSetEffectsVolume
                0x000000000800da1c                mmEffectCancelAll
                0x000000000800da5c                mmUpdateEffects
 .text          0x000000000800daf4      0x1e0 /opt/devkitpro/libgba/lib/libmm.a(mm_mixer_gba.o)
                0x000000000800daf4                mmMixerSetSource
                0x000000000800db08                mmMixerSetRead
                0x000000000800db16                mmMixerSetFreq
                0x000000000800db26                mmMixerMulFreq
                0x000000000800db3a                mmMixerStopChannel
                0x000000000800db4c                mmMixerChannelActive
                0x000000000800db5e                mmMixerSetVolume
                0x000000000800db6c                mmMixerSetPan
                0x000000000800db7a                mmMixerInit
 .text          0x000000000800dcd4      0x12c /opt/devkitpro/libgba/lib/libmm.a(mm_main_gba.o)
                0x000000000800dcd4                mmInit
                0x000000000800dd28                mmSetVBlankHandler
                0x000000000800dd2e                mmFrame
 .text          0x000000000800de00       0x3c /opt/devkitpro/devkitARM/bin/../lib/gcc/arm-none-eabi/12.1.0/thumb/libgcc.a(_call_via_rX.o)
                0x000000000800de00                _call_via_r0
                0x000000000800de04                _call_via_r1
                0x000000000800de08                _call_via_r2
                0x000000000800de0c                _call_via_r3
                0x000000000800de10                _call_via_r4
                0x000000000800de14                _call_via_r5
                0x000000000800de18                _call_via_r6
                0x000000000800de1c                _call_via_r7
                0x000000000800de20                _call_via_r8
                0x000000000800de24                _call_via_r9
                0x000000000800de28                _call_via_sl
                0x000000000800de2c                _call_via_fp
                0x000000000800de30                _call_via_ip
                0x000000000800de34                _call_via_sp
                0x000000000800de38                _call_via_lr
 .text.__libc_init_array
                0x000000000800de3c       0x54 /opt/devkitpro/devkitARM/bin/../lib/gcc/arm-none-eabi/12.1.0/../../../../arm-none-eabi/lib/thumb/libg.a(lib_a-init.o)
                0x000000000800de3c                __libc_init_array
 .text.__libc_init_array.__stub
                0x000000000800de90       0x90 linker stubs
 *(.gnu.linkonce.t.*)
 *(.text.*personality*)
 *(.gnu.warning)
 *(.glue_7t)
 .glue_7t       0x000000000800df50        0x0 linker stubs
 *(.glue_7)
 .glue_7        0x000000000800df50        0x0 linker stubs
 *(.vfp11_veneer)
 .vfp11_veneer  0x000000000800df50        0x0 linker stubs
                0x000000000800df50                . = ALIGN (0x4)
                0x000000000800df50                __text_end = .

.v4_bx          0x000000000800df50        0x0
 .v4_bx         0x000000000800df50        0x0 linker stubs

.iplt           0x000000000800df50        0x0
 .iplt          0x000000000800df50        0x0 /opt/devkitpro/devkitARM/bin/../lib/gcc/arm-none-eabi/12.1.0/../../../../arm-none-eabi/lib/thumb/gba_crt0.o

.fini           0x000000000800df50        0xc
 *(.fini)
 .fini          0x000000000800df50        0x4 /opt/devkitpro/devkitARM/bin/../lib/gcc/arm-none-eabi/12.1.0/thumb/crti.o
                0x000000000800df50                _fini
 .fini          0x000000000800df54        0x8 /opt/devkitpro/devkitARM/bin/../lib/gcc/arm-none-eabi/12.1.0/thumb/crtn.o
                0x000000000800df5c                . = ALIGN (0x4)

.rodata         0x000000000800df5c     0x361c
 *(.rodata)
 .rodata        0x000000000800df5c       0x10 bn_sprite_tiles_manager.o
 .rodata        0x000000000800df6c       0x90 gbt_player.o
 .rodata        0x000000000800dffc      0x318 sys8.o
                0x000000000800dffc                sys8Font
                0x000000000800e014                sys8Glyphs
 .rodata        0x000000000800e314      0xef8 verdana9.o
                0x000000000800e314                verdana9Font
                0x000000000800e32c                verdana9Glyphs
                0x000000000800f12c                verdana9Widths
 *all.rodata*(*)
 *(.roda)
 *(.rodata.*)
 .rodata._bn_audio_soundbank_bin
                0x000000000800f20c        0xc _bn_audio_soundbank.bin.o
                0x000000000800f20c                _bn_audio_soundbank_bin
                0x000000000800f218                _bn_audio_soundbank_bin_end
 .rodata._ZN2bn13audio_manager6updateEv.str1.4
                0x000000000800f218       0x8a bn_audio_manager.o
 *fill*         0x000000000800f2a2        0x2 ff
 .rodata._ZN2bn13audio_manager6updateEv
                0x000000000800f2a4       0x3c bn_audio_manager.o
 .rodata._ZN2bn13audio_manager10play_musicENS_10music_itemENS_7fixed_tILi12EEEb.str1.4
                0x000000000800f2e0       0x5d bn_audio_manager.o
 *fill*         0x000000000800f33d        0x3 ff
 .rodata._ZN2bn13audio_manager15stop_all_soundsEv.str1.4
                0x000000000800f340       0x10 bn_audio_manager.o
 .rodata._ZN2bn13audio_manager10stop_musicEv.str1.4
                0x000000000800f350       0x39 bn_audio_manager.o
 *fill*         0x000000000800f389        0x3 ff
 .rodata._ZN2bn19ibest_fit_allocatorD2Ev.str1.4
                0x000000000800f38c       0x4e bn_best_fit_allocator.o
 *fill*         0x000000000800f3da        0x2 ff
 .rodata._ZN2bn19ibest_fit_allocator16_erase_free_itemENS_5ilistINS0_9item_typeEE8iteratorE.str1.4
                0x000000000800f3dc       0x5d bn_best_fit_allocator.o
                                         0x65 (size before relaxing)
 *fill*         0x000000000800f439        0x3 ff
 .rodata._ZN2bn19ibest_fit_allocator5_initEPvi.str1.4
                0x000000000800f43c       0xb3 bn_best_fit_allocator.o
 *fill*         0x000000000800f4ef        0x1 ff
 .rodata._ZNK2bn19regular_bg_map_item10decompressERtRKNS_4sizeE.str1.4
                0x000000000800f4f0       0xfb bn_bg_blocks_manager.o
                                         0xff (size before relaxing)
 *fill*         0x000000000800f5eb        0x1 ff
 .rodata._ZN2bn17bg_blocks_manager17regular_map_tilesEi.str1.4
                0x000000000800f5ec       0x3a bn_bg_blocks_manager.o
 *fill*         0x000000000800f626        0x2 ff
 .rodata._ZN2bn17bg_blocks_manager14palette_offsetEi.str1.4
                0x000000000800f628        0xb bn_bg_blocks_manager.o
 .rodata._ZN2bn17bg_blocks_manager12_GLOBAL__N_110items_list12insert_afterEiRKNS1_9item_typeE.constprop.0.str1.4
                0x000000000800f633        0xb bn_bg_blocks_manager.o
                                         0x2c (size before relaxing)
 *fill*         0x000000000800f633        0x1 ff
 .rodata._ZN2bn17bg_blocks_manager4initEv.str1.4
                0x000000000800f634       0x74 bn_bg_blocks_manager.o
 .rodata._ZN2bn14iunordered_mapIPKviNS_4hashIS2_EENS_8equal_toIS2_EEE5eraseERKNS7_14const_iteratorE.isra.0.str1.4
                0x000000000800f6a8       0x82 bn_bg_blocks_manager.o
                                         0x8a (size before relaxing)
 .rodata._ZN2bn17bg_blocks_manager6updateEv.str1.4
                0x000000000800f72a       0x27 bn_bg_blocks_manager.o
 .rodata._ZN2bn11bgs_manager9put_belowEPv.str1.4
                0x000000000800f72a       0x48 bn_bgs_manager.o
 *fill*         0x000000000800f72a        0x2 ff
 .rodata._ZN2bn11bgs_manager13set_regular_xEPvNS_7fixed_tILi12EEE.str1.4
                0x000000000800f72c       0xa4 bn_bgs_manager.o
 .rodata._ZN2bn11bgs_manager13set_regular_yEPvNS_7fixed_tILi12EEE.str1.4
                0x000000000800f7d0       0x92 bn_bgs_manager.o
 *fill*         0x000000000800f862        0x2 ff
 .rodata._ZN2bn11bgs_manager12_GLOBAL__N_19item_type18update_affine_hw_xEv.str1.4
                0x000000000800f864       0xc7 bn_bgs_manager.o
 *fill*         0x000000000800f92b        0x1 ff
 .rodata._ZN2bn11bgs_manager12_GLOBAL__N_19item_type18update_affine_hw_yEv.str1.4
                0x000000000800f92c       0xc5 bn_bgs_manager.o
 .rodata._ZN2bn11bgs_manager15commit_big_mapsEv.str1.4
                0x000000000800f9f1       0x3a bn_bgs_manager.o
 .rodata._ZN2bn11bgs_manager12_GLOBAL__N_19item_type18update_regular_mapEv.str1.4
                0x000000000800f9f1        0xa bn_bgs_manager.o
 *fill*         0x000000000800f9f1        0x3 ff
 .rodata._ZN2bn11bgs_manager37fill_hblank_effect_regular_attributesEPvPKNS_21regular_bg_attributesEPt.str1.4
                0x000000000800f9f4       0x74 bn_bgs_manager.o
 .rodata._ZN2bn11bgs_manager36fill_hblank_effect_affine_attributesEPvPKNS_20affine_bg_attributesEPt.str1.4
                0x000000000800fa68       0x25 bn_bgs_manager.o
 *fill*         0x000000000800fa8d        0x3 ff
 .rodata._ZN2bn11bgs_manager15rebuild_handlesEv.part.0.str1.4
                0x000000000800fa90       0x8b bn_bgs_manager.o
 .rodata._ZN2bn15cameras_manager4initEv.str1.4
                0x000000000800fb1b       0x33 bn_cameras_manager.o
 *fill*         0x000000000800fb1b        0x1 ff
 .rodata._GLOBAL__sub_I__ZN2bn4core4initEv.str1.4
                0x000000000800fb1c        0x7 bn_core.o
 *fill*         0x000000000800fb23        0x1 ff
 .rodata._ZN2bn18igeneric_pool_baseD2Ev.str1.4
                0x000000000800fb24       0x28 bn_generic_pool.o
                                         0x42 (size before relaxing)
 .rodata._ZN2bn18igeneric_pool_base9_allocateEv.str1.4
                0x000000000800fb4c       0x2d bn_generic_pool.o
 *fill*         0x000000000800fb79        0x3 ff
 .rodata._ZN2bn22hblank_effects_manager12_GLOBAL__N_110_is_uint32ENS0_12handler_typeE.str1.4
                0x000000000800fb7c       0x3e bn_hblank_effects_manager.o
                                         0x42 (size before relaxing)
 .rodata._ZN2bn8optionalINS_29affine_bg_pa_register_hbe_ptrEEdeEv.part.0.str1.4
                0x000000000800fbba       0x3a bn_hblank_effects_manager.o
 *fill*         0x000000000800fbba        0x2 ff
 .rodata._ZN2bn22hblank_effects_manager12_GLOBAL__N_19item_type12check_updateEv.str1.4
                0x000000000800fbbc      0x2c1 bn_hblank_effects_manager.o
 *fill*         0x000000000800fe7d        0x3 ff
 .rodata._ZN2bn22hblank_effects_manager12_GLOBAL__N_19item_type12check_updateEv
                0x000000000800fe80       0xa4 bn_hblank_effects_manager.o
 .rodata._ZN2bn22hblank_effects_manager6updateEv.str1.4
                0x000000000800ff24       0x5d bn_hblank_effects_manager.o
 .rodata._ZN2bn22hblank_effects_manager4initEv.str1.4
                0x000000000800ff81       0x33 bn_hblank_effects_manager.o
 *fill*         0x000000000800ff81        0x3 ff
 .rodata._ZN2bn14keypad_manager6updateEv.str1.4
                0x000000000800ff84       0x4b bn_keypad_manager.o
                                         0x5b (size before relaxing)
 *fill*         0x000000000800ffcf        0x1 ff
 .rodata._ZN2bn14keypad_manager4initERKNS_11string_viewE.str1.4
                0x000000000800ffd0       0x54 bn_keypad_manager.o
 .rodata._ZN2bn18best_fit_allocatorILi16EED2Ev.str1.4
                0x0000000008010024       0x45 bn_memory_manager.o
 *fill*         0x0000000008010069        0x3 ff
 .rodata._ZN2bn13palettes_bank12create_bpp_4ERKNS_4spanIKNS_5colorEEEtb.str1.4
                0x000000000801006c       0x73 bn_palettes_manager.o
                                         0xc7 (size before relaxing)
 .rodata._ZN2bn14iunordered_mapItsNS_13palettes_bank15identity_hasherENS_8equal_toItEEE5eraseERKNS5_14const_iteratorE.isra.0.str1.4
                0x00000000080100df       0x35 bn_palettes_manager.o
 *fill*         0x00000000080100df        0x1 ff
 .rodata._ZN2bn26sprite_affine_mats_manager12_GLOBAL__N_115_new_item_indexEv.str1.4
                0x00000000080100e0        0x9 bn_sprite_affine_mats_manager.o
                                         0x71 (size before relaxing)
 .rodata._ZN2bn26sprite_affine_mats_manager15decrease_usagesEi.part.0.str1.4
                0x00000000080100e9       0x27 bn_sprite_affine_mats_manager.o
 *fill*         0x00000000080100e9        0x3 ff
 .rodata._ZN2bn26sprite_affine_mats_manager14dettach_spriteEiRNS_24intrusive_list_node_typeE.str1.4
                0x00000000080100ec       0x2e bn_sprite_affine_mats_manager.o
 *fill*         0x000000000801011a        0x2 ff
 .rodata._ZN2bn15sprites_manager20set_blending_enabledEPvb.str1.4
                0x000000000801011c       0x54 bn_sprites_manager.o
 .rodata._ZNK2bn17sprite_shape_size11tiles_countENS_8bpp_modeE.str1.4
                0x0000000008010170       0x40 bn_sprites_manager.o
                                         0x44 (size before relaxing)
 .rodata._ZN2bn15sprites_manager12_GLOBAL__N_118_remove_affine_matERNS_20sprites_manager_itemE.str1.4
                0x00000000080101b0       0x3a bn_sprites_manager.o
 .rodata._ZN2bn14sprite_builderC2ERKNS_17sprite_shape_sizeENS_16sprite_tiles_ptrENS_18sprite_palette_ptrE.str1.4
                0x00000000080101b0       0x6a bn_sprites_manager.o
                                         0x6e (size before relaxing)
 *fill*         0x000000000801021a        0x2 ff
 .rodata._ZN2bn15sprites_manager6updateEv.str1.4
                0x000000000801021c       0x4b bn_sprites_manager.o
 *fill*         0x0000000008010267        0x1 ff
 .rodata._ZN2bn15sprites_manager35fill_hblank_effect_third_attributesENS_17sprite_shape_sizeEPKNS_23sprite_third_attributesEPt.str1.4
                0x0000000008010268       0x93 bn_sprites_manager.o
 .rodata._ZN2bn20sprite_tiles_manager12_GLOBAL__N_116_erase_free_itemEi.str1.4
                0x00000000080102fb       0x65 bn_sprite_tiles_manager.o
 *fill*         0x00000000080102fb        0x1 ff
 .rodata._ZN2bn20sprite_tiles_manager15decrease_usagesEi.part.0.str1.4
                0x00000000080102fc       0x31 bn_sprite_tiles_manager.o
                                         0x4f (size before relaxing)
 *fill*         0x000000000801032d        0x3 ff
 .rodata._ZN2bn20sprite_tiles_manager16reload_tiles_refEi.str1.4
                0x0000000008010330       0x4d bn_sprite_tiles_manager.o
                                         0x5a (size before relaxing)
 .rodata._ZN2bn14iunordered_mapIPKNS_4tileEiNS_4hashIS3_EENS_8equal_toIS3_EEE5eraseERKNS8_14const_iteratorE.isra.0.str1.4
                0x000000000801037d       0x82 bn_sprite_tiles_manager.o
 *fill*         0x000000000801037d        0x3 ff
 .rodata._ZNK2bn17sprite_tiles_item16create_new_tilesEv.str1.4
                0x0000000008010380       0xf3 bn_sprite_tiles_manager.o
                                         0xf7 (size before relaxing)
 .rodata._ZN2bn20sprite_tiles_manager4initEv.str1.4
                0x0000000008010473       0x3c bn_sprite_tiles_manager.o
 *fill*         0x0000000008010473        0x1 ff
 .rodata._ZN3_bn6assert9show_argsIJA19_ciA4_ciEEEvPKcS5_S5_iDpRKT_.str1.4
                0x0000000008010474       0x7e bn_sstream.o
                                         0x96 (size before relaxing)
 *fill*         0x00000000080104f2        0x2 ff
 .rodata._ZN2bn2hw5audio12_GLOBAL__N_119_add_sound_to_queueEit.str1.4
                0x00000000080104f4       0x22 bn_hw_audio.bn_noflto.o
                                         0x3d (size before relaxing)
 .rodata._ZN2bn2hw5audio15stop_all_soundsEv.str1.4
                0x0000000008010516       0x45 bn_hw_audio.bn_noflto.o
 *fill*         0x0000000008010516        0x2 ff
 .rodata._ZN2bn2hw5audio12_GLOBAL__N_119_check_sounds_queueEv.part.0.str1.4
                0x0000000008010518        0xa bn_hw_audio.bn_noflto.o
                                         0x2e (size before relaxing)
 *fill*         0x0000000008010522        0x2 ff
 .rodata._ZN2bn2hw5audio6updateEb.str1.4
                0x0000000008010524        0xc bn_hw_audio.bn_noflto.o
 .rodata.__cxa_pure_virtual.str1.4
                0x0000000008010530       0x4b bn_hw_common.bn_noflto.o
                                         0x4f (size before relaxing)
 *fill*         0x000000000801057b        0x1 ff
 .rodata.__aeabi_idiv0.str1.4
                0x000000000801057c       0x38 bn_hw_common.bn_noflto.o
 .rodata._ZN2bn2hw8game_pak12_GLOBAL__N_1L8rom_dataE
                0x00000000080105b4        0xc bn_hw_game_pak.bn_ewram.o
 .rodata._ZN2bn2hw4link4sendEi.str1.4
                0x00000000080105c0       0x1b bn_hw_link.o
                                         0x2f (size before relaxing)
 *fill*         0x00000000080105db        0x1 ff
 .rodata._ZN2bn2hw8palettes12_GLOBAL__N_1L13hue_shift_lutE
                0x00000000080105dc      0x4a4 bn_hw_palettes.o
 .rodata._ZN2bn2hw8palettes12_GLOBAL__N_1L13intensity_lutE
                0x0000000008010a80      0x420 bn_hw_palettes.o
 .rodata._ZN2bn2hw8palettes12_GLOBAL__N_1L12contrast_lutE
                0x0000000008010ea0      0x420 bn_hw_palettes.o
 .rodata._ZN2bn2hw4show5errorERKNS_11system_fontERKNS_11string_viewES7_S7_iS7_S7_.str1.4
                0x00000000080112c0       0x54 bn_hw_show.o
                                         0xec (size before relaxing)
 .rodata._ZN2bn2hw4text5parseEiRNS_5arrayIcLi32EEE.str1.4
                0x0000000008011314        0x7 bn_hw_text.o
 *fill*         0x000000000801131b        0x1 ff
 .rodata.oam_sizes
                0x000000000801131c       0x18 tonc_core.o
                0x000000000801131c                oam_sizes
 .rodata.m3_surface
                0x0000000008011334       0x14 tonc_sbmp16.o
                0x0000000008011334                m3_surface
 .rodata.srf.0  0x0000000008011348       0x14 tte_main.o
 .rodata.gbt_refresh_pattern_ptr.str1.4
                0x000000000801135c        0x9 gbt_player.o
 *fill*         0x0000000008011365        0x3 ff
 .rodata.gbt_ch4_jump_table
                0x0000000008011368       0x40 gbt_player.o
 .rodata.gbt_ch3_jump_table